../Core/Src/main.c:83:5:main	16	static
../Core/Src/main.c:159:6:SystemClock_Config	96	static
../Core/Src/main.c:205:13:MX_USART1_UART_Init	8	static
../Core/Src/main.c:240:13:MX_GPIO_Init	40	static
../Core/Src/main.c:275:6:RTOS_Delay	24	static
../Core/Src/main.c:284:6:Task_Master	24	static
../Core/Src/main.c:298:6:Task1_Handler	24	static
../Core/Src/main.c:309:6:Task2_Handler	24	static
../Core/Src/main.c:319:6:Task3_Handler	24	static
../Core/Src/main.c:329:6:Task4_Handler	24	static
../Core/Src/main.c:339:6:Task5_Handler	24	static
../Core/Src/main.c:348:6:Task6_Handler	24	static
../Core/Src/main.c:358:6:HAL_GPIO_EXTI_Callback	16	static
../Core/Src/main.c:377:6:HAL_TIM_PeriodElapsedCallback	16	static
../Core/Src/main.c:394:6:Error_Handler	4	static,ignoring_inline_asm
