../Core/Src/main.c:77:5:main	16	static
../Core/Src/main.c:140:6:SystemClock_Config	96	static
../Core/Src/main.c:186:13:MX_USART1_UART_Init	8	static
../Core/Src/main.c:221:13:MX_GPIO_Init	16	static
../Core/Src/main.c:235:6:vTask1_Handler	48	static
../Core/Src/main.c:244:6:vTask2_Handler	48	static
../Core/Src/main.c:253:6:vApplicationIdelHook	4	static,ignoring_inline_asm
../Core/Src/main.c:270:6:HAL_TIM_PeriodElapsedCallback	16	static
../Core/Src/main.c:287:6:Error_Handler	4	static,ignoring_inline_asm
