18:11:31 **** Incremental Build of configuration Debug for project 02_Pre_Emptive ****
make -j8 all 
arm-none-eabi-gcc "../Core/Src/main.c" -mcpu=cortex-m4 -std=gnu11 -g3 -DDEBUG -DUSE_HAL_DRIVER -DSTM32F334x8 -c -I../Core/Inc -I../Drivers/STM32F3xx_HAL_Driver/Inc -I../Drivers/STM32F3xx_HAL_Driver/Inc/Legacy -I../Drivers/CMSIS/Device/ST/STM32F3xx/Include -I../Drivers/CMSIS/Include -I../Middlewares/Third_Party/FreeRTOS/Source/include -I../Middlewares/Third_Party/FreeRTOS/Source/CMSIS_RTOS -I../Middlewares/Third_Party/FreeRTOS/Source/portable/GCC/ARM_CM4F -O0 -ffunction-sections -fdata-sections -Wall -fstack-usage -fcyclomatic-complexity -MMD -MP -MF"Core/Src/main.d" -MT"Core/Src/main.o" --specs=nano.specs -mfpu=fpv4-sp-d16 -mfloat-abi=hard -mthumb -o "Core/Src/main.o"
arm-none-eabi-gcc -o "02_Pre_Emptive.elf" @"objects.list"   -mcpu=cortex-m4 -T"/home/sumit/Desktop/Professional/Scaledge/GitLab/Training/RTOS/workspace/Exercises/02_Pre_Emptive/STM32F334C8TX_FLASH.ld" --specs=nosys.specs -Wl,-Map="02_Pre_Emptive.map" -Wl,--gc-sections -static --specs=nano.specs -mfpu=fpv4-sp-d16 -mfloat-abi=hard -mthumb -Wl,--start-group -lc -lm -Wl,--end-group
Finished building target: 02_Pre_Emptive.elf
 
arm-none-eabi-size   02_Pre_Emptive.elf 
arm-none-eabi-objdump -h -S  02_Pre_Emptive.elf  > "02_Pre_Emptive.list"
   text	   data	    bss	    dec	    hex	filename
  17272	    104	   6104	  23480	   5bb8	02_Pre_Emptive.elf
Finished building: default.size.stdout
 
Finished building: 02_Pre_Emptive.list
 

18:11:33 Build Finished. 0 errors, 0 warnings. (took 1s.956ms)

