15:12:36 **** Incremental Build of configuration Debug for project 04_vTaskDelay ****
make -j8 all 
arm-none-eabi-gcc "../Core/Src/main.c" -mcpu=cortex-m4 -std=gnu11 -g3 -DDEBUG -DUSE_HAL_DRIVER -DSTM32F334x8 -c -I../Core/Inc -I../Drivers/STM32F3xx_HAL_Driver/Inc -I../Drivers/STM32F3xx_HAL_Driver/Inc/Legacy -I../Drivers/CMSIS/Device/ST/STM32F3xx/Include -I../Drivers/CMSIS/Include -I../Middlewares/Third_Party/FreeRTOS/Source/include -I../Middlewares/Third_Party/FreeRTOS/Source/CMSIS_RTOS -I../Middlewares/Third_Party/FreeRTOS/Source/portable/GCC/ARM_CM4F -O0 -ffunction-sections -fdata-sections -Wall -fstack-usage -fcyclomatic-complexity -MMD -MP -MF"Core/Src/main.d" -MT"Core/Src/main.o" --specs=nano.specs -mfpu=fpv4-sp-d16 -mfloat-abi=hard -mthumb -o "Core/Src/main.o"
arm-none-eabi-gcc -o "04_vTaskDelay.elf" @"objects.list"   -mcpu=cortex-m4 -T"/home/sumit/Desktop/Professional/Scaledge/GitLab/Training/RTOS/workspace/Exercises/04_vTaskDelay/STM32F334C8TX_FLASH.ld" --specs=nosys.specs -Wl,-Map="04_vTaskDelay.map" -Wl,--gc-sections -static --specs=nano.specs -mfpu=fpv4-sp-d16 -mfloat-abi=hard -mthumb -Wl,--start-group -lc -lm -Wl,--end-group
Finished building target: 04_vTaskDelay.elf
 
arm-none-eabi-size   04_vTaskDelay.elf 
arm-none-eabi-objdump -h -S  04_vTaskDelay.elf  > "04_vTaskDelay.list"
   text	   data	    bss	    dec	    hex	filename
  18356	    104	   6184	  24644	   6044	04_vTaskDelay.elf
Finished building: default.size.stdout
 
Finished building: 04_vTaskDelay.list
 

15:12:38 Build Finished. 0 errors, 0 warnings. (took 1s.698ms)

