12:35:59 **** Incremental Build of configuration Debug for project 05_Idle_Hook ****
make -j8 all 
arm-none-eabi-gcc "../Core/Src/main.c" -mcpu=cortex-m4 -std=gnu11 -g3 -DDEBUG -DUSE_HAL_DRIVER -DSTM32F334x8 -c -I../Core/Inc -I../Drivers/STM32F3xx_HAL_Driver/Inc -I../Drivers/STM32F3xx_HAL_Driver/Inc/Legacy -I../Drivers/CMSIS/Device/ST/STM32F3xx/Include -I../Drivers/CMSIS/Include -I../Middlewares/Third_Party/FreeRTOS/Source/include -I../Middlewares/Third_Party/FreeRTOS/Source/CMSIS_RTOS -I../Middlewares/Third_Party/FreeRTOS/Source/portable/GCC/ARM_CM4F -O0 -ffunction-sections -fdata-sections -Wall -fstack-usage -fcyclomatic-complexity -MMD -MP -MF"Core/Src/main.d" -MT"Core/Src/main.o" --specs=nano.specs -mfpu=fpv4-sp-d16 -mfloat-abi=hard -mthumb -o "Core/Src/main.o"
arm-none-eabi-gcc -o "05_Idle_Hook.elf" @"objects.list"   -mcpu=cortex-m4 -T"/home/sumit/Desktop/Professional/Scaledge/GitLab/Training/RTOS/workspace/Exercises/05_Idle_Hook/STM32F334C8TX_FLASH.ld" --specs=nosys.specs -Wl,-Map="05_Idle_Hook.map" -Wl,--gc-sections -static --specs=nano.specs -mfpu=fpv4-sp-d16 -mfloat-abi=hard -mthumb -Wl,--start-group -lc -lm -Wl,--end-group
Finished building target: 05_Idle_Hook.elf
 
arm-none-eabi-size   05_Idle_Hook.elf 
arm-none-eabi-objdump -h -S  05_Idle_Hook.elf  > "05_Idle_Hook.list"
   text	   data	    bss	    dec	    hex	filename
  17868	     24	   5784	  23676	   5c7c	05_Idle_Hook.elf
Finished building: default.size.stdout
 
Finished building: 05_Idle_Hook.list
 

12:35:59 Build Finished. 0 errors, 0 warnings. (took 651ms)

