../Core/Src/main.c:84:5:main	16	static
../Core/Src/main.c:170:6:SystemClock_Config	96	static
../Core/Src/main.c:216:13:MX_USART1_UART_Init	8	static
../Core/Src/main.c:251:13:MX_GPIO_Init	16	static
../Core/Src/main.c:265:6:vManagerTask_Handler	24	static,ignoring_inline_asm
../Core/Src/main.c:287:13:vEmployeeTask_Handler	24	static
../Core/Src/main.c:309:6:EmployeeDoWork	72	static
../Core/Src/main.c:327:6:HAL_TIM_PeriodElapsedCallback	16	static
../Core/Src/main.c:344:6:Error_Handler	4	static,ignoring_inline_asm
