Archive member included to satisfy reference by file (symbol)

/opt/st/stm32cubeide_1.13.1/plugins/com.st.stm32cube.ide.mcu.externaltools.gnu-tools-for-stm32.11.3.rel1.linux64_1.1.0.202305231506/tools/bin/../lib/gcc/arm-none-eabi/11.3.1/../../../../arm-none-eabi/lib/thumb/v7e-m+fp/hard/libc_nano.a(libc_a-exit.o)
                              /opt/st/stm32cubeide_1.13.1/plugins/com.st.stm32cube.ide.mcu.externaltools.gnu-tools-for-stm32.11.3.rel1.linux64_1.1.0.202305231506/tools/bin/../lib/gcc/arm-none-eabi/11.3.1/../../../../arm-none-eabi/lib/thumb/v7e-m+fp/hard/crt0.o (exit)
/opt/st/stm32cubeide_1.13.1/plugins/com.st.stm32cube.ide.mcu.externaltools.gnu-tools-for-stm32.11.3.rel1.linux64_1.1.0.202305231506/tools/bin/../lib/gcc/arm-none-eabi/11.3.1/../../../../arm-none-eabi/lib/thumb/v7e-m+fp/hard/libc_nano.a(libc_a-findfp.o)
                              /opt/st/stm32cubeide_1.13.1/plugins/com.st.stm32cube.ide.mcu.externaltools.gnu-tools-for-stm32.11.3.rel1.linux64_1.1.0.202305231506/tools/bin/../lib/gcc/arm-none-eabi/11.3.1/../../../../arm-none-eabi/lib/thumb/v7e-m+fp/hard/libc_nano.a(libc_a-exit.o) (__stdio_exit_handler)
/opt/st/stm32cubeide_1.13.1/plugins/com.st.stm32cube.ide.mcu.externaltools.gnu-tools-for-stm32.11.3.rel1.linux64_1.1.0.202305231506/tools/bin/../lib/gcc/arm-none-eabi/11.3.1/../../../../arm-none-eabi/lib/thumb/v7e-m+fp/hard/libc_nano.a(libc_a-fwalk.o)
                              /opt/st/stm32cubeide_1.13.1/plugins/com.st.stm32cube.ide.mcu.externaltools.gnu-tools-for-stm32.11.3.rel1.linux64_1.1.0.202305231506/tools/bin/../lib/gcc/arm-none-eabi/11.3.1/../../../../arm-none-eabi/lib/thumb/v7e-m+fp/hard/libc_nano.a(libc_a-findfp.o) (_fwalk_sglue)
/opt/st/stm32cubeide_1.13.1/plugins/com.st.stm32cube.ide.mcu.externaltools.gnu-tools-for-stm32.11.3.rel1.linux64_1.1.0.202305231506/tools/bin/../lib/gcc/arm-none-eabi/11.3.1/../../../../arm-none-eabi/lib/thumb/v7e-m+fp/hard/libc_nano.a(libc_a-stdio.o)
                              /opt/st/stm32cubeide_1.13.1/plugins/com.st.stm32cube.ide.mcu.externaltools.gnu-tools-for-stm32.11.3.rel1.linux64_1.1.0.202305231506/tools/bin/../lib/gcc/arm-none-eabi/11.3.1/../../../../arm-none-eabi/lib/thumb/v7e-m+fp/hard/libc_nano.a(libc_a-findfp.o) (__sread)
/opt/st/stm32cubeide_1.13.1/plugins/com.st.stm32cube.ide.mcu.externaltools.gnu-tools-for-stm32.11.3.rel1.linux64_1.1.0.202305231506/tools/bin/../lib/gcc/arm-none-eabi/11.3.1/../../../../arm-none-eabi/lib/thumb/v7e-m+fp/hard/libc_nano.a(libc_a-memset.o)
                              /opt/st/stm32cubeide_1.13.1/plugins/com.st.stm32cube.ide.mcu.externaltools.gnu-tools-for-stm32.11.3.rel1.linux64_1.1.0.202305231506/tools/bin/../lib/gcc/arm-none-eabi/11.3.1/../../../../arm-none-eabi/lib/thumb/v7e-m+fp/hard/crt0.o (memset)
/opt/st/stm32cubeide_1.13.1/plugins/com.st.stm32cube.ide.mcu.externaltools.gnu-tools-for-stm32.11.3.rel1.linux64_1.1.0.202305231506/tools/bin/../lib/gcc/arm-none-eabi/11.3.1/../../../../arm-none-eabi/lib/thumb/v7e-m+fp/hard/libc_nano.a(libc_a-closer.o)
                              /opt/st/stm32cubeide_1.13.1/plugins/com.st.stm32cube.ide.mcu.externaltools.gnu-tools-for-stm32.11.3.rel1.linux64_1.1.0.202305231506/tools/bin/../lib/gcc/arm-none-eabi/11.3.1/../../../../arm-none-eabi/lib/thumb/v7e-m+fp/hard/libc_nano.a(libc_a-stdio.o) (_close_r)
/opt/st/stm32cubeide_1.13.1/plugins/com.st.stm32cube.ide.mcu.externaltools.gnu-tools-for-stm32.11.3.rel1.linux64_1.1.0.202305231506/tools/bin/../lib/gcc/arm-none-eabi/11.3.1/../../../../arm-none-eabi/lib/thumb/v7e-m+fp/hard/libc_nano.a(libc_a-reent.o)
                              /opt/st/stm32cubeide_1.13.1/plugins/com.st.stm32cube.ide.mcu.externaltools.gnu-tools-for-stm32.11.3.rel1.linux64_1.1.0.202305231506/tools/bin/../lib/gcc/arm-none-eabi/11.3.1/../../../../arm-none-eabi/lib/thumb/v7e-m+fp/hard/libc_nano.a(libc_a-closer.o) (errno)
/opt/st/stm32cubeide_1.13.1/plugins/com.st.stm32cube.ide.mcu.externaltools.gnu-tools-for-stm32.11.3.rel1.linux64_1.1.0.202305231506/tools/bin/../lib/gcc/arm-none-eabi/11.3.1/../../../../arm-none-eabi/lib/thumb/v7e-m+fp/hard/libc_nano.a(libc_a-impure.o)
                              /opt/st/stm32cubeide_1.13.1/plugins/com.st.stm32cube.ide.mcu.externaltools.gnu-tools-for-stm32.11.3.rel1.linux64_1.1.0.202305231506/tools/bin/../lib/gcc/arm-none-eabi/11.3.1/../../../../arm-none-eabi/lib/thumb/v7e-m+fp/hard/libc_nano.a(libc_a-reent.o) (_impure_ptr)
/opt/st/stm32cubeide_1.13.1/plugins/com.st.stm32cube.ide.mcu.externaltools.gnu-tools-for-stm32.11.3.rel1.linux64_1.1.0.202305231506/tools/bin/../lib/gcc/arm-none-eabi/11.3.1/../../../../arm-none-eabi/lib/thumb/v7e-m+fp/hard/libc_nano.a(libc_a-lseekr.o)
                              /opt/st/stm32cubeide_1.13.1/plugins/com.st.stm32cube.ide.mcu.externaltools.gnu-tools-for-stm32.11.3.rel1.linux64_1.1.0.202305231506/tools/bin/../lib/gcc/arm-none-eabi/11.3.1/../../../../arm-none-eabi/lib/thumb/v7e-m+fp/hard/libc_nano.a(libc_a-stdio.o) (_lseek_r)
[...]
Memory Configuration

Name             Origin             Length             Attributes
CCMRAM           0x0000000010000000 0x0000000000001000 xrw
RAM              0x0000000020000000 0x0000000000003000 xrw
FLASH            0x0000000008000000 0x0000000000010000 xr
*default*        0x0000000000000000 0xffffffffffffffff

Linker script and memory map

LOAD /opt/st/stm32cubeide_1.13.1/plugins/com.st.stm32cube.ide.mcu.externaltools.gnu-tools-for-stm32.11.3.rel1.linux64_1.1.0.202305231506/tools/bin/../lib/gcc/arm-none-eabi/11.3.1/thumb/v7e-m+fp/hard/crti.o
LOAD /opt/st/stm32cubeide_1.13.1/plugins/com.st.stm32cube.ide.mcu.externaltools.gnu-tools-for-stm32.11.3.rel1.linux64_1.1.0.202305231506/tools/bin/../lib/gcc/arm-none-eabi/11.3.1/thumb/v7e-m+fp/hard/crtbegin.o
LOAD /opt/st/stm32cubeide_1.13.1/plugins/com.st.stm32cube.ide.mcu.externaltools.gnu-tools-for-stm32.11.3.rel1.linux64_1.1.0.202305231506/tools/bin/../lib/gcc/arm-none-eabi/11.3.1/../../../../arm-none-eabi/lib/thumb/v7e-m+fp/hard/crt0.o
LOAD ./Core/Src/freertos.o
LOAD ./Core/Src/main.o
LOAD ./Core/Src/stm32f3xx_hal_msp.o
LOAD ./Core/Src/stm32f3xx_hal_timebase_tim.o
LOAD ./Core/Src/stm32f3xx_it.o
LOAD ./Core/Src/syscalls.o
LOAD ./Core/Src/sysmem.o
LOAD ./Core/Src/system_stm32f3xx.o
LOAD ./Core/Startup/startup_stm32f334c8tx.o
LOAD ./Drivers/STM32F3xx_HAL_Driver/Src/stm32f3xx_hal.o
LOAD ./Drivers/STM32F3xx_HAL_Driver/Src/stm32f3xx_hal_cortex.o
LOAD ./Drivers/STM32F3xx_HAL_Driver/Src/stm32f3xx_hal_dma.o
LOAD ./Drivers/STM32F3xx_HAL_Driver/Src/stm32f3xx_hal_exti.o
LOAD ./Drivers/STM32F3xx_HAL_Driver/Src/stm32f3xx_hal_flash.o
LOAD ./Drivers/STM32F3xx_HAL_Driver/Src/stm32f3xx_hal_flash_ex.o
LOAD ./Drivers/STM32F3xx_HAL_Driver/Src/stm32f3xx_hal_gpio.o
LOAD ./Drivers/STM32F3xx_HAL_Driver/Src/stm32f3xx_hal_i2c.o
LOAD ./Drivers/STM32F3xx_HAL_Driver/Src/stm32f3xx_hal_i2c_ex.o
LOAD ./Drivers/STM32F3xx_HAL_Driver/Src/stm32f3xx_hal_pwr.o
LOAD ./Drivers/STM32F3xx_HAL_Driver/Src/stm32f3xx_hal_pwr_ex.o
LOAD ./Drivers/STM32F3xx_HAL_Driver/Src/stm32f3xx_hal_rcc.o
LOAD ./Drivers/STM32F3xx_HAL_Driver/Src/stm32f3xx_hal_rcc_ex.o
LOAD ./Drivers/STM32F3xx_HAL_Driver/Src/stm32f3xx_hal_tim.o
LOAD ./Drivers/STM32F3xx_HAL_Driver/Src/stm32f3xx_hal_tim_ex.o
LOAD ./Drivers/STM32F3xx_HAL_Driver/Src/stm32f3xx_hal_uart.o
LOAD ./Drivers/STM32F3xx_HAL_Driver/Src/stm32f3xx_hal_uart_ex.o
LOAD ./Middlewares/Third_Party/FreeRTOS/Source/CMSIS_RTOS/cmsis_os.o
LOAD ./Middlewares/Third_Party/FreeRTOS/Source/croutine.o
LOAD ./Middlewares/Third_Party/FreeRTOS/Source/event_groups.o
LOAD ./Middlewares/Third_Party/FreeRTOS/Source/list.o
LOAD ./Middlewares/Third_Party/FreeRTOS/Source/queue.o
LOAD ./Middlewares/Third_Party/FreeRTOS/Source/stream_buffer.o
LOAD ./Middlewares/Third_Party/FreeRTOS/Source/tasks.o
LOAD ./Middlewares/Third_Party/FreeRTOS/Source/timers.o
LOAD ./Middlewares/Third_Party/FreeRTOS/Source/portable/GCC/ARM_CM4F/port.o
LOAD ./Middlewares/Third_Party/FreeRTOS/Source/portable/MemMang/heap_4.o
START GROUP
LOAD /opt/st/stm32cubeide_1.13.1/plugins/com.st.stm32cube.ide.mcu.externaltools.gnu-tools-for-stm32.11.3.rel1.linux64_1.1.0.202305231506/tools/bin/../lib/gcc/arm-none-eabi/11.3.1/../../../../arm-none-eabi/lib/thumb/v7e-m+fp/hard/libc_nano.a
LOAD /opt/st/stm32cubeide_1.13.1/plugins/com.st.stm32cube.ide.mcu.externaltools.gnu-tools-for-stm32.11.3.rel1.linux64_1.1.0.202305231506/tools/bin/../lib/gcc/arm-none-eabi/11.3.1/../../../../arm-none-eabi/lib/thumb/v7e-m+fp/hard/libm.a
END GROUP
START GROUP
LOAD /opt/st/stm32cubeide_1.13.1/plugins/com.st.stm32cube.ide.mcu.externaltools.gnu-tools-for-stm32.11.3.rel1.linux64_1.1.0.202305231506/tools/bin/../lib/gcc/arm-none-eabi/11.3.1/thumb/v7e-m+fp/hard/libgcc.a
LOAD /opt/st/stm32cubeide_1.13.1/plugins/com.st.stm32cube.ide.mcu.externaltools.gnu-tools-for-stm32.11.3.rel1.linux64_1.1.0.202305231506/tools/bin/../lib/gcc/arm-none-eabi/11.3.1/../../../../arm-none-eabi/lib/thumb/v7e-m+fp/hard/libc_nano.a
END GROUP
START GROUP
LOAD /opt/st/stm32cubeide_1.13.1/plugins/com.st.stm32cube.ide.mcu.externaltools.gnu-tools-for-stm32.11.3.rel1.linux64_1.1.0.202305231506/tools/bin/../lib/gcc/arm-none-eabi/11.3.1/thumb/v7e-m+fp/hard/libgcc.a
LOAD /opt/st/stm32cubeide_1.13.1/plugins/com.st.stm32cube.ide.mcu.externaltools.gnu-tools-for-stm32.11.3.rel1.linux64_1.1.0.202305231506/tools/bin/../lib/gcc/arm-none-eabi/11.3.1/../../../../arm-none-eabi/lib/thumb/v7e-m+fp/hard/libc_nano.a
LOAD /opt/st/stm32cubeide_1.13.1/plugins/com.st.stm32cube.ide.mcu.externaltools.gnu-tools-for-stm32.11.3.rel1.linux64_1.1.0.202305231506/tools/bin/../lib/gcc/arm-none-eabi/11.3.1/../../../../arm-none-eabi/lib/thumb/v7e-m+fp/hard/libnosys.a
END GROUP
START GROUP
LOAD /opt/st/stm32cubeide_1.13.1/plugins/com.st.stm32cube.ide.mcu.externaltools.gnu-tools-for-stm32.11.3.rel1.linux64_1.1.0.202305231506/tools/bin/../lib/gcc/arm-none-eabi/11.3.1/thumb/v7e-m+fp/hard/libgcc.a
LOAD /opt/st/stm32cubeide_1.13.1/plugins/com.st.stm32cube.ide.mcu.externaltools.gnu-tools-for-stm32.11.3.rel1.linux64_1.1.0.202305231506/tools/bin/../lib/gcc/arm-none-eabi/11.3.1/../../../../arm-none-eabi/lib/thumb/v7e-m+fp/hard/libc_nano.a
LOAD /opt/st/stm32cubeide_1.13.1/plugins/com.st.stm32cube.ide.mcu.externaltools.gnu-tools-for-stm32.11.3.rel1.linux64_1.1.0.202305231506/tools/bin/../lib/gcc/arm-none-eabi/11.3.1/../../../../arm-none-eabi/lib/thumb/v7e-m+fp/hard/libnosys.a
END GROUP
LOAD /opt/st/stm32cubeide_1.13.1/plugins/com.st.stm32cube.ide.mcu.externaltools.gnu-tools-for-stm32.11.3.rel1.linux64_1.1.0.202305231506/tools/bin/../lib/gcc/arm-none-eabi/11.3.1/thumb/v7e-m+fp/hard/crtend.o
LOAD /opt/st/stm32cubeide_1.13.1/plugins/com.st.stm32cube.ide.mcu.externaltools.gnu-tools-for-stm32.11.3.rel1.linux64_1.1.0.202305231506/tools/bin/../lib/gcc/arm-none-eabi/11.3.1/thumb/v7e-m+fp/hard/crtn.o
                0x0000000020003000                _estack = (ORIGIN (RAM) + LENGTH (RAM))
                0x0000000000000200                _Min_Heap_Size = 0x200
                0x0000000000000400                _Min_Stack_Size = 0x400

.isr_vector     0x0000000008000000      0x188
                0x0000000008000000                . = ALIGN (0x4)
 *(.isr_vector)
 .isr_vector    0x0000000008000000      0x188 ./Core/Startup/startup_stm32f334c8tx.o
                0x0000000008000000                g_pfnVectors
                0x0000000008000188                . = ALIGN (0x4)

.text           0x0000000008000190     0x467c
                0x0000000008000190                . = ALIGN (0x4)
 *(.text)
 .text          0x0000000008000190       0x40 /opt/st/stm32cubeide_1.13.1/plugins/com.st.stm32cube.ide.mcu.externaltools.gnu-tools-for-stm32.11.3.rel1.linux64_1.1.0.202305231506/tools/bin/../lib/gcc/arm-none-eabi/11.3.1/thumb/v7e-m+fp/hard/crtbegin.o
 *(.text*)
 .text.vApplicationGetIdleTaskMemory
                0x00000000080001d0       0x34 ./Core/Src/freertos.o
                0x00000000080001d0                vApplicationGetIdleTaskMemory
 .text.main     0x0000000008000204       0x5c ./Core/Src/main.o
                0x0000000008000204                main
 .text.SystemClock_Config
                0x0000000008000260       0xb2 ./Core/Src/main.o
                0x0000000008000260                SystemClock_Config
 *fill*         0x0000000008000312        0x2 
 .text.MX_USART1_UART_Init
                0x0000000008000314       0x60 ./Core/Src/main.o
 .text.MX_GPIO_Init
                0x0000000008000374       0x9c ./Core/Src/main.o
 .text.Task1_Handler
                0x0000000008000410       0x34 ./Core/Src/main.o
                0x0000000008000410                Task1_Handler
 .text.Task2_Handler
                0x0000000008000444       0x44 ./Core/Src/main.o
                0x0000000008000444                Task2_Handler
 .text.RTOS_Delay
                0x0000000008000488       0x44 ./Core/Src/main.o
                0x0000000008000488                RTOS_Delay
 .text.HAL_TIM_PeriodElapsedCallback
                0x00000000080004cc       0x24 ./Core/Src/main.o
                0x00000000080004cc                HAL_TIM_PeriodElapsedCallback
 .text.Error_Handler
                0x00000000080004f0        0xa ./Core/Src/main.o
                0x00000000080004f0                Error_Handler
 *fill*         0x00000000080004fa        0x2 
 .text.HAL_MspInit
                0x00000000080004fc       0x50 ./Core/Src/stm32f3xx_hal_msp.o
                0x00000000080004fc                HAL_MspInit
 .text.HAL_UART_MspInit
                0x000000000800054c       0x88 ./Core/Src/stm32f3xx_hal_msp.o
                0x000000000800054c                HAL_UART_MspInit
 .text.HAL_InitTick
                0x00000000080005d4       0xf4 ./Core/Src/stm32f3xx_hal_timebase_tim.o
                0x00000000080005d4                HAL_InitTick
 .text.NMI_Handler
                0x00000000080006c8        0x6 ./Core/Src/stm32f3xx_it.o
                0x00000000080006c8                NMI_Handler
 .text.HardFault_Handler
                0x00000000080006ce        0x6 ./Core/Src/stm32f3xx_it.o
                0x00000000080006ce                HardFault_Handler
 .text.MemManage_Handler
                0x00000000080006d4        0x6 ./Core/Src/stm32f3xx_it.o
                0x00000000080006d4                MemManage_Handler
 .text.BusFault_Handler
                0x00000000080006da        0x6 ./Core/Src/stm32f3xx_it.o
                0x00000000080006da                BusFault_Handler
 .text.UsageFault_Handler
                0x00000000080006e0        0x6 ./Core/Src/stm32f3xx_it.o
                0x00000000080006e0                UsageFault_Handler
 .text.DebugMon_Handler
                0x00000000080006e6        0xe ./Core/Src/stm32f3xx_it.o
                0x00000000080006e6                DebugMon_Handler
 .text.TIM6_DAC1_IRQHandler
                0x00000000080006f4       0x14 ./Core/Src/stm32f3xx_it.o
                0x00000000080006f4                TIM6_DAC1_IRQHandler
 .text.SystemInit
                0x0000000008000708       0x24 ./Core/Src/system_stm32f3xx.o
                0x0000000008000708                SystemInit
 .text.Reset_Handler
                0x000000000800072c       0x50 ./Core/Startup/startup_stm32f334c8tx.o
                0x000000000800072c                Reset_Handler
 .text.Default_Handler
                0x000000000800077c        0x2 ./Core/Startup/startup_stm32f334c8tx.o
                0x000000000800077c                RTC_Alarm_IRQHandler
                0x000000000800077c                HRTIM1_Master_IRQHandler
                0x000000000800077c                TIM1_CC_IRQHandler
                0x000000000800077c                HRTIM1_FLT_IRQHandler
                0x000000000800077c                PVD_IRQHandler
                0x000000000800077c                HRTIM1_TIMD_IRQHandler
                0x000000000800077c                TAMP_STAMP_IRQHandler
                0x000000000800077c                EXTI3_IRQHandler
                0x000000000800077c                EXTI0_IRQHandler
                0x000000000800077c                FPU_IRQHandler
                0x000000000800077c                CAN_TX_IRQHandler
                0x000000000800077c                TIM1_UP_TIM16_IRQHandler
                0x000000000800077c                ADC1_2_IRQHandler
                0x000000000800077c                HRTIM1_TIME_IRQHandler
                0x000000000800077c                SPI1_IRQHandler
                0x000000000800077c                CAN_SCE_IRQHandler
                0x000000000800077c                HRTIM1_TIMC_IRQHandler
                0x000000000800077c                DMA1_Channel4_IRQHandler
                0x000000000800077c                USART3_IRQHandler
                0x000000000800077c                DMA1_Channel7_IRQHandler
                0x000000000800077c                TIM7_DAC2_IRQHandler
                0x000000000800077c                CAN_RX1_IRQHandler
                0x000000000800077c                I2C1_EV_IRQHandler
                0x000000000800077c                DMA1_Channel6_IRQHandler
                0x000000000800077c                TIM3_IRQHandler
                0x000000000800077c                RCC_IRQHandler
                0x000000000800077c                DMA1_Channel1_IRQHandler
                0x000000000800077c                Default_Handler
                0x000000000800077c                EXTI15_10_IRQHandler
                0x000000000800077c                COMP2_IRQHandler
                0x000000000800077c                HRTIM1_TIMA_IRQHandler
                0x000000000800077c                EXTI9_5_IRQHandler
                0x000000000800077c                RTC_WKUP_IRQHandler
                0x000000000800077c                DMA1_Channel5_IRQHandler
                0x000000000800077c                EXTI4_IRQHandler
                0x000000000800077c                HRTIM1_TIMB_IRQHandler
                0x000000000800077c                TIM1_TRG_COM_TIM17_IRQHandler
                0x000000000800077c                DMA1_Channel3_IRQHandler
                0x000000000800077c                WWDG_IRQHandler
                0x000000000800077c                TIM2_IRQHandler
                0x000000000800077c                EXTI1_IRQHandler
                0x000000000800077c                COMP4_6_IRQHandler
                0x000000000800077c                USART2_IRQHandler
                0x000000000800077c                DMA1_Channel2_IRQHandler
                0x000000000800077c                FLASH_IRQHandler
                0x000000000800077c                USART1_IRQHandler
                0x000000000800077c                CAN_RX0_IRQHandler
                0x000000000800077c                I2C1_ER_IRQHandler
                0x000000000800077c                EXTI2_TSC_IRQHandler
                0x000000000800077c                TIM1_BRK_TIM15_IRQHandler
 *fill*         0x000000000800077e        0x2 
 .text.HAL_Init
                0x0000000008000780       0x2c ./Drivers/STM32F3xx_HAL_Driver/Src/stm32f3xx_hal.o
                0x0000000008000780                HAL_Init
 .text.HAL_IncTick
                0x00000000080007ac       0x28 ./Drivers/STM32F3xx_HAL_Driver/Src/stm32f3xx_hal.o
                0x00000000080007ac                HAL_IncTick
 .text.HAL_GetTick
                0x00000000080007d4       0x18 ./Drivers/STM32F3xx_HAL_Driver/Src/stm32f3xx_hal.o
                0x00000000080007d4                HAL_GetTick
 .text.__NVIC_SetPriorityGrouping
                0x00000000080007ec       0x48 ./Drivers/STM32F3xx_HAL_Driver/Src/stm32f3xx_hal_cortex.o
 .text.__NVIC_GetPriorityGrouping
                0x0000000008000834       0x1c ./Drivers/STM32F3xx_HAL_Driver/Src/stm32f3xx_hal_cortex.o
 .text.__NVIC_EnableIRQ
                0x0000000008000850       0x3c ./Drivers/STM32F3xx_HAL_Driver/Src/stm32f3xx_hal_cortex.o
 .text.__NVIC_SetPriority
                0x000000000800088c       0x54 ./Drivers/STM32F3xx_HAL_Driver/Src/stm32f3xx_hal_cortex.o
 .text.NVIC_EncodePriority
                0x00000000080008e0       0x66 ./Drivers/STM32F3xx_HAL_Driver/Src/stm32f3xx_hal_cortex.o
 .text.HAL_NVIC_SetPriorityGrouping
                0x0000000008000946       0x16 ./Drivers/STM32F3xx_HAL_Driver/Src/stm32f3xx_hal_cortex.o
                0x0000000008000946                HAL_NVIC_SetPriorityGrouping
 .text.HAL_NVIC_SetPriority
                0x000000000800095c       0x38 ./Drivers/STM32F3xx_HAL_Driver/Src/stm32f3xx_hal_cortex.o
                0x000000000800095c                HAL_NVIC_SetPriority
 .text.HAL_NVIC_EnableIRQ
                0x0000000008000994       0x1c ./Drivers/STM32F3xx_HAL_Driver/Src/stm32f3xx_hal_cortex.o
                0x0000000008000994                HAL_NVIC_EnableIRQ
 .text.HAL_GPIO_Init
                0x00000000080009b0      0x2e4 ./Drivers/STM32F3xx_HAL_Driver/Src/stm32f3xx_hal_gpio.o
                0x00000000080009b0                HAL_GPIO_Init
 .text.HAL_GPIO_ReadPin
                0x0000000008000c94       0x30 ./Drivers/STM32F3xx_HAL_Driver/Src/stm32f3xx_hal_gpio.o
                0x0000000008000c94                HAL_GPIO_ReadPin
 .text.HAL_GPIO_WritePin
                0x0000000008000cc4       0x30 ./Drivers/STM32F3xx_HAL_Driver/Src/stm32f3xx_hal_gpio.o
                0x0000000008000cc4                HAL_GPIO_WritePin
 .text.HAL_GPIO_TogglePin
                0x0000000008000cf4       0x34 ./Drivers/STM32F3xx_HAL_Driver/Src/stm32f3xx_hal_gpio.o
                0x0000000008000cf4                HAL_GPIO_TogglePin
 .text.HAL_RCC_OscConfig
                0x0000000008000d28     0x107c ./Drivers/STM32F3xx_HAL_Driver/Src/stm32f3xx_hal_rcc.o
                0x0000000008000d28                HAL_RCC_OscConfig
 .text.HAL_RCC_ClockConfig
                0x0000000008001da4      0x2f8 ./Drivers/STM32F3xx_HAL_Driver/Src/stm32f3xx_hal_rcc.o
                0x0000000008001da4                HAL_RCC_ClockConfig
 .text.HAL_RCC_GetSysClockFreq
                0x000000000800209c       0xd4 ./Drivers/STM32F3xx_HAL_Driver/Src/stm32f3xx_hal_rcc.o
                0x000000000800209c                HAL_RCC_GetSysClockFreq
 .text.HAL_RCC_GetHCLKFreq
                0x0000000008002170       0x18 ./Drivers/STM32F3xx_HAL_Driver/Src/stm32f3xx_hal_rcc.o
                0x0000000008002170                HAL_RCC_GetHCLKFreq
 .text.HAL_RCC_GetPCLK1Freq
                0x0000000008002188       0x44 ./Drivers/STM32F3xx_HAL_Driver/Src/stm32f3xx_hal_rcc.o
                0x0000000008002188                HAL_RCC_GetPCLK1Freq
 .text.HAL_RCC_GetPCLK2Freq
                0x00000000080021cc       0x44 ./Drivers/STM32F3xx_HAL_Driver/Src/stm32f3xx_hal_rcc.o
                0x00000000080021cc                HAL_RCC_GetPCLK2Freq
 .text.HAL_RCC_GetClockConfig
                0x0000000008002210       0x64 ./Drivers/STM32F3xx_HAL_Driver/Src/stm32f3xx_hal_rcc.o
                0x0000000008002210                HAL_RCC_GetClockConfig
 .text.HAL_RCCEx_PeriphCLKConfig
                0x0000000008002274      0x26c ./Drivers/STM32F3xx_HAL_Driver/Src/stm32f3xx_hal_rcc_ex.o
                0x0000000008002274                HAL_RCCEx_PeriphCLKConfig
 .text.HAL_TIM_Base_Init
                0x00000000080024e0       0xae ./Drivers/STM32F3xx_HAL_Driver/Src/stm32f3xx_hal_tim.o
                0x00000000080024e0                HAL_TIM_Base_Init
 .text.HAL_TIM_Base_MspInit
                0x000000000800258e       0x14 ./Drivers/STM32F3xx_HAL_Driver/Src/stm32f3xx_hal_tim.o
                0x000000000800258e                HAL_TIM_Base_MspInit
 *fill*         0x00000000080025a2        0x2 
 .text.HAL_TIM_Base_Start_IT
                0x00000000080025a4       0xb8 ./Drivers/STM32F3xx_HAL_Driver/Src/stm32f3xx_hal_tim.o
                0x00000000080025a4                HAL_TIM_Base_Start_IT
 .text.HAL_TIM_IRQHandler
                0x000000000800265c      0x23e ./Drivers/STM32F3xx_HAL_Driver/Src/stm32f3xx_hal_tim.o
                0x000000000800265c                HAL_TIM_IRQHandler
 .text.HAL_TIM_OC_DelayElapsedCallback
                0x000000000800289a       0x14 ./Drivers/STM32F3xx_HAL_Driver/Src/stm32f3xx_hal_tim.o
                0x000000000800289a                HAL_TIM_OC_DelayElapsedCallback
 .text.HAL_TIM_IC_CaptureCallback
                0x00000000080028ae       0x14 ./Drivers/STM32F3xx_HAL_Driver/Src/stm32f3xx_hal_tim.o
                0x00000000080028ae                HAL_TIM_IC_CaptureCallback
 .text.HAL_TIM_PWM_PulseFinishedCallback
                0x00000000080028c2       0x14 ./Drivers/STM32F3xx_HAL_Driver/Src/stm32f3xx_hal_tim.o
                0x00000000080028c2                HAL_TIM_PWM_PulseFinishedCallback
 .text.HAL_TIM_TriggerCallback
                0x00000000080028d6       0x14 ./Drivers/STM32F3xx_HAL_Driver/Src/stm32f3xx_hal_tim.o
                0x00000000080028d6                HAL_TIM_TriggerCallback
 *fill*         0x00000000080028ea        0x2 
 .text.TIM_Base_SetConfig
                0x00000000080028ec       0xf0 ./Drivers/STM32F3xx_HAL_Driver/Src/stm32f3xx_hal_tim.o
                0x00000000080028ec                TIM_Base_SetConfig
 .text.HAL_TIMEx_CommutCallback
                0x00000000080029dc       0x14 ./Drivers/STM32F3xx_HAL_Driver/Src/stm32f3xx_hal_tim_ex.o
                0x00000000080029dc                HAL_TIMEx_CommutCallback
 .text.HAL_TIMEx_BreakCallback
                0x00000000080029f0       0x14 ./Drivers/STM32F3xx_HAL_Driver/Src/stm32f3xx_hal_tim_ex.o
                0x00000000080029f0                HAL_TIMEx_BreakCallback
 .text.HAL_TIMEx_Break2Callback
                0x0000000008002a04       0x14 ./Drivers/STM32F3xx_HAL_Driver/Src/stm32f3xx_hal_tim_ex.o
                0x0000000008002a04                HAL_TIMEx_Break2Callback
 .text.HAL_UART_Init
                0x0000000008002a18       0x9c ./Drivers/STM32F3xx_HAL_Driver/Src/stm32f3xx_hal_uart.o
                0x0000000008002a18                HAL_UART_Init
 .text.HAL_UART_Transmit
                0x0000000008002ab4      0x114 ./Drivers/STM32F3xx_HAL_Driver/Src/stm32f3xx_hal_uart.o
                0x0000000008002ab4                HAL_UART_Transmit
 .text.UART_SetConfig
                0x0000000008002bc8      0x26c ./Drivers/STM32F3xx_HAL_Driver/Src/stm32f3xx_hal_uart.o
                0x0000000008002bc8                UART_SetConfig
 .text.UART_AdvFeatureConfig
                0x0000000008002e34      0x144 ./Drivers/STM32F3xx_HAL_Driver/Src/stm32f3xx_hal_uart.o
                0x0000000008002e34                UART_AdvFeatureConfig
 .text.UART_CheckIdleState
                0x0000000008002f78      0x150 ./Drivers/STM32F3xx_HAL_Driver/Src/stm32f3xx_hal_uart.o
                0x0000000008002f78                UART_CheckIdleState
 .text.UART_WaitOnFlagUntilTimeout
                0x00000000080030c8       0xce ./Drivers/STM32F3xx_HAL_Driver/Src/stm32f3xx_hal_uart.o
                0x00000000080030c8                UART_WaitOnFlagUntilTimeout
 .text.UART_EndRxTransfer
                0x0000000008003196       0xc8 ./Drivers/STM32F3xx_HAL_Driver/Src/stm32f3xx_hal_uart.o
 .text.vListInitialise
                0x000000000800325e       0x40 ./Middlewares/Third_Party/FreeRTOS/Source/list.o
                0x000000000800325e                vListInitialise
 .text.vListInitialiseItem
                0x000000000800329e       0x1a ./Middlewares/Third_Party/FreeRTOS/Source/list.o
                0x000000000800329e                vListInitialiseItem
 .text.vListInsertEnd
                0x00000000080032b8       0x48 ./Middlewares/Third_Party/FreeRTOS/Source/list.o
                0x00000000080032b8                vListInsertEnd
 .text.vListInsert
                0x0000000008003300       0x72 ./Middlewares/Third_Party/FreeRTOS/Source/list.o
                0x0000000008003300                vListInsert
 .text.uxListRemove
                0x0000000008003372       0x54 ./Middlewares/Third_Party/FreeRTOS/Source/list.o
                0x0000000008003372                uxListRemove
 .text.xTaskCreateStatic
                0x00000000080033c6       0xb8 ./Middlewares/Third_Party/FreeRTOS/Source/tasks.o
                0x00000000080033c6                xTaskCreateStatic
 .text.xTaskCreate
                0x000000000800347e       0x8a ./Middlewares/Third_Party/FreeRTOS/Source/tasks.o
                0x000000000800347e                xTaskCreate
 .text.prvInitialiseNewTask
                0x0000000008003508       0xfe ./Middlewares/Third_Party/FreeRTOS/Source/tasks.o
 *fill*         0x0000000008003606        0x2 
 .text.prvAddNewTaskToReadyList
                0x0000000008003608       0xd4 ./Middlewares/Third_Party/FreeRTOS/Source/tasks.o
 .text.vTaskStartScheduler
                0x00000000080036dc       0xc0 ./Middlewares/Third_Party/FreeRTOS/Source/tasks.o
                0x00000000080036dc                vTaskStartScheduler
 .text.vTaskSuspendAll
                0x000000000800379c       0x1c ./Middlewares/Third_Party/FreeRTOS/Source/tasks.o
                0x000000000800379c                vTaskSuspendAll
 .text.xTaskResumeAll
                0x00000000080037b8      0x138 ./Middlewares/Third_Party/FreeRTOS/Source/tasks.o
                0x00000000080037b8                xTaskResumeAll
 .text.xTaskGetTickCount
                0x00000000080038f0       0x20 ./Middlewares/Third_Party/FreeRTOS/Source/tasks.o
                0x00000000080038f0                xTaskGetTickCount
 .text.xTaskIncrementTick
                0x0000000008003910      0x17c ./Middlewares/Third_Party/FreeRTOS/Source/tasks.o
                0x0000000008003910                xTaskIncrementTick
 .text.vTaskSwitchContext
                0x0000000008003a8c       0xb8 ./Middlewares/Third_Party/FreeRTOS/Source/tasks.o
                0x0000000008003a8c                vTaskSwitchContext
 .text.prvIdleTask
                0x0000000008003b44       0x30 ./Middlewares/Third_Party/FreeRTOS/Source/tasks.o
 .text.prvInitialiseTaskLists
                0x0000000008003b74       0x80 ./Middlewares/Third_Party/FreeRTOS/Source/tasks.o
 .text.prvCheckTasksWaitingTermination
                0x0000000008003bf4       0x5c ./Middlewares/Third_Party/FreeRTOS/Source/tasks.o
 .text.prvDeleteTCB
                0x0000000008003c50       0x5e ./Middlewares/Third_Party/FreeRTOS/Source/tasks.o
 *fill*         0x0000000008003cae        0x2 
 .text.prvResetNextTaskUnblockTime
                0x0000000008003cb0       0x4c ./Middlewares/Third_Party/FreeRTOS/Source/tasks.o
 .text.xTaskNotifyWait
                0x0000000008003cfc       0xb4 ./Middlewares/Third_Party/FreeRTOS/Source/tasks.o
                0x0000000008003cfc                xTaskNotifyWait
 .text.xTaskGenericNotify
                0x0000000008003db0      0x148 ./Middlewares/Third_Party/FreeRTOS/Source/tasks.o
                0x0000000008003db0                xTaskGenericNotify
 .text.prvAddCurrentTaskToDelayedList
                0x0000000008003ef8       0xcc ./Middlewares/Third_Party/FreeRTOS/Source/tasks.o
 .text.pxPortInitialiseStack
                0x0000000008003fc4       0x68 ./Middlewares/Third_Party/FreeRTOS/Source/portable/GCC/ARM_CM4F/port.o
                0x0000000008003fc4                pxPortInitialiseStack
 .text.prvTaskExitError
                0x000000000800402c       0x58 ./Middlewares/Third_Party/FreeRTOS/Source/portable/GCC/ARM_CM4F/port.o
 *fill*         0x0000000008004084        0xc 
 .text.SVC_Handler
                0x0000000008004090       0x28 ./Middlewares/Third_Party/FreeRTOS/Source/portable/GCC/ARM_CM4F/port.o
                0x0000000008004090                SVC_Handler
 .text.prvPortStartFirstTask
                0x00000000080040b8       0x28 ./Middlewares/Third_Party/FreeRTOS/Source/portable/GCC/ARM_CM4F/port.o
 .text.xPortStartScheduler
                0x00000000080040e0      0x144 ./Middlewares/Third_Party/FreeRTOS/Source/portable/GCC/ARM_CM4F/port.o
                0x00000000080040e0                xPortStartScheduler
 .text.vPortEnterCritical
                0x0000000008004224       0x60 ./Middlewares/Third_Party/FreeRTOS/Source/portable/GCC/ARM_CM4F/port.o
                0x0000000008004224                vPortEnterCritical
 .text.vPortExitCritical
                0x0000000008004284       0x54 ./Middlewares/Third_Party/FreeRTOS/Source/portable/GCC/ARM_CM4F/port.o
                0x0000000008004284                vPortExitCritical
 *fill*         0x00000000080042d8        0x8 
 .text.PendSV_Handler
                0x00000000080042e0       0x68 ./Middlewares/Third_Party/FreeRTOS/Source/portable/GCC/ARM_CM4F/port.o
                0x00000000080042e0                PendSV_Handler
 .text.SysTick_Handler
                0x0000000008004348       0x44 ./Middlewares/Third_Party/FreeRTOS/Source/portable/GCC/ARM_CM4F/port.o
                0x0000000008004348                SysTick_Handler
 .text.vPortSetupTimerInterrupt
                0x000000000800438c       0x48 ./Middlewares/Third_Party/FreeRTOS/Source/portable/GCC/ARM_CM4F/port.o
                0x000000000800438c                vPortSetupTimerInterrupt
 .text.vPortEnableVFP
                0x00000000080043d4       0x14 ./Middlewares/Third_Party/FreeRTOS/Source/portable/GCC/ARM_CM4F/port.o
 .text.pvPortMalloc
                0x00000000080043e8      0x188 ./Middlewares/Third_Party/FreeRTOS/Source/portable/MemMang/heap_4.o
                0x00000000080043e8                pvPortMalloc
 .text.vPortFree
                0x0000000008004570       0xb4 ./Middlewares/Third_Party/FreeRTOS/Source/portable/MemMang/heap_4.o
                0x0000000008004570                vPortFree
 .text.prvHeapInit
                0x0000000008004624       0xc4 ./Middlewares/Third_Party/FreeRTOS/Source/portable/MemMang/heap_4.o
 .text.prvInsertBlockIntoFreeList
                0x00000000080046e8       0xb4 ./Middlewares/Third_Party/FreeRTOS/Source/portable/MemMang/heap_4.o
 .text.memset   0x000000000800479c       0x10 /opt/st/stm32cubeide_1.13.1/plugins/com.st.stm32cube.ide.mcu.externaltools.gnu-tools-for-stm32.11.3.rel1.linux64_1.1.0.202305231506/tools/bin/../lib/gcc/arm-none-eabi/11.3.1/../../../../arm-none-eabi/lib/thumb/v7e-m+fp/hard/libc_nano.a(libc_a-memset.o)
                0x000000000800479c                memset
 .text.__libc_init_array
                0x00000000080047ac       0x48 /opt/st/stm32cubeide_1.13.1/plugins/com.st.stm32cube.ide.mcu.externaltools.gnu-tools-for-stm32.11.3.rel1.linux64_1.1.0.202305231506/tools/bin/../lib/gcc/arm-none-eabi/11.3.1/../../../../arm-none-eabi/lib/thumb/v7e-m+fp/hard/libc_nano.a(libc_a-init.o)
                0x00000000080047ac                __libc_init_array
 *(.glue_7)
 .glue_7        0x00000000080047f4        0x0 linker stubs
 *(.glue_7t)
 .glue_7t       0x00000000080047f4        0x0 linker stubs
 *(.eh_frame)
 .eh_frame      0x00000000080047f4        0x0 /opt/st/stm32cubeide_1.13.1/plugins/com.st.stm32cube.ide.mcu.externaltools.gnu-tools-for-stm32.11.3.rel1.linux64_1.1.0.202305231506/tools/bin/../lib/gcc/arm-none-eabi/11.3.1/thumb/v7e-m+fp/hard/crtbegin.o
 *(.init)
 .init          0x00000000080047f4        0x4 /opt/st/stm32cubeide_1.13.1/plugins/com.st.stm32cube.ide.mcu.externaltools.gnu-tools-for-stm32.11.3.rel1.linux64_1.1.0.202305231506/tools/bin/../lib/gcc/arm-none-eabi/11.3.1/thumb/v7e-m+fp/hard/crti.o
                0x00000000080047f4                _init
 .init          0x00000000080047f8        0x8 /opt/st/stm32cubeide_1.13.1/plugins/com.st.stm32cube.ide.mcu.externaltools.gnu-tools-for-stm32.11.3.rel1.linux64_1.1.0.202305231506/tools/bin/../lib/gcc/arm-none-eabi/11.3.1/thumb/v7e-m+fp/hard/crtn.o
 *(.fini)
 .fini          0x0000000008004800        0x4 /opt/st/stm32cubeide_1.13.1/plugins/com.st.stm32cube.ide.mcu.externaltools.gnu-tools-for-stm32.11.3.rel1.linux64_1.1.0.202305231506/tools/bin/../lib/gcc/arm-none-eabi/11.3.1/thumb/v7e-m+fp/hard/crti.o
                0x0000000008004800                _fini
 .fini          0x0000000008004804        0x8 /opt/st/stm32cubeide_1.13.1/plugins/com.st.stm32cube.ide.mcu.externaltools.gnu-tools-for-stm32.11.3.rel1.linux64_1.1.0.202305231506/tools/bin/../lib/gcc/arm-none-eabi/11.3.1/thumb/v7e-m+fp/hard/crtn.o
                0x000000000800480c                . = ALIGN (0x4)
                0x000000000800480c                _etext = .

.vfp11_veneer   0x000000000800480c        0x0
 .vfp11_veneer  0x000000000800480c        0x0 linker stubs

.v4_bx          0x000000000800480c        0x0
 .v4_bx         0x000000000800480c        0x0 linker stubs

.iplt           0x000000000800480c        0x0
 .iplt          0x000000000800480c        0x0 /opt/st/stm32cubeide_1.13.1/plugins/com.st.stm32cube.ide.mcu.externaltools.gnu-tools-for-stm32.11.3.rel1.linux64_1.1.0.202305231506/tools/bin/../lib/gcc/arm-none-eabi/11.3.1/thumb/v7e-m+fp/hard/crtbegin.o

.rodata         0x000000000800480c       0x64
                0x000000000800480c                . = ALIGN (0x4)
 *(.rodata)
 .rodata        0x000000000800480c       0x24 ./Core/Src/main.o
 .rodata        0x0000000008004830        0x5 ./Middlewares/Third_Party/FreeRTOS/Source/tasks.o
 *(.rodata*)
 *fill*         0x0000000008004835        0x3 
 .rodata.AHBPrescTable
                0x0000000008004838       0x10 ./Core/Src/system_stm32f3xx.o
                0x0000000008004838                AHBPrescTable
 .rodata.APBPrescTable
                0x0000000008004848        0x8 ./Core/Src/system_stm32f3xx.o
                0x0000000008004848                APBPrescTable
 .rodata.aPLLMULFactorTable
                0x0000000008004850       0x10 ./Drivers/STM32F3xx_HAL_Driver/Src/stm32f3xx_hal_rcc.o
 .rodata.aPredivFactorTable
                0x0000000008004860       0x10 ./Drivers/STM32F3xx_HAL_Driver/Src/stm32f3xx_hal_rcc.o
                0x0000000008004870                . = ALIGN (0x4)

.rel.dyn        0x0000000008004870        0x0
 .rel.iplt      0x0000000008004870        0x0 /opt/st/stm32cubeide_1.13.1/plugins/com.st.stm32cube.ide.mcu.externaltools.gnu-tools-for-stm32.11.3.rel1.linux64_1.1.0.202305231506/tools/bin/../lib/gcc/arm-none-eabi/11.3.1/thumb/v7e-m+fp/hard/crtbegin.o

.ARM.extab      0x0000000008004870        0x0
                0x0000000008004870                . = ALIGN (0x4)
 *(.ARM.extab* .gnu.linkonce.armextab.*)
                0x0000000008004870                . = ALIGN (0x4)

.ARM            0x0000000008004870        0x0
                0x0000000008004870                . = ALIGN (0x4)
                0x0000000008004870                __exidx_start = .
 *(.ARM.exidx*)
                0x0000000008004870                __exidx_end = .
                0x0000000008004870                . = ALIGN (0x4)

.preinit_array  0x0000000008004870        0x0
                0x0000000008004870                . = ALIGN (0x4)
                0x0000000008004870                PROVIDE (__preinit_array_start = .)
 *(.preinit_array*)
                0x0000000008004870                PROVIDE (__preinit_array_end = .)
                0x0000000008004870                . = ALIGN (0x4)

.init_array     0x0000000008004870        0x4
                0x0000000008004870                . = ALIGN (0x4)
                0x0000000008004870                PROVIDE (__init_array_start = .)
 *(SORT_BY_NAME(.init_array.*))
 *(.init_array*)
 .init_array    0x0000000008004870        0x4 /opt/st/stm32cubeide_1.13.1/plugins/com.st.stm32cube.ide.mcu.externaltools.gnu-tools-for-stm32.11.3.rel1.linux64_1.1.0.202305231506/tools/bin/../lib/gcc/arm-none-eabi/11.3.1/thumb/v7e-m+fp/hard/crtbegin.o
                0x0000000008004874                PROVIDE (__init_array_end = .)
                0x0000000008004874                . = ALIGN (0x4)

.fini_array     0x0000000008004874        0x4
                0x0000000008004874                . = ALIGN (0x4)
                [!provide]                        PROVIDE (__fini_array_start = .)
 *(SORT_BY_NAME(.fini_array.*))
 *(.fini_array*)
 .fini_array    0x0000000008004874        0x4 /opt/st/stm32cubeide_1.13.1/plugins/com.st.stm32cube.ide.mcu.externaltools.gnu-tools-for-stm32.11.3.rel1.linux64_1.1.0.202305231506/tools/bin/../lib/gcc/arm-none-eabi/11.3.1/thumb/v7e-m+fp/hard/crtbegin.o
                [!provide]                        PROVIDE (__fini_array_end = .)
                0x0000000008004878                . = ALIGN (0x4)
                0x0000000008004878                _sidata = LOADADDR (.data)

.data           0x0000000020000000       0x10 load address 0x0000000008004878
                0x0000000020000000                . = ALIGN (0x4)
                0x0000000020000000                _sdata = .
 *(.data)
 *(.data*)
 .data.SystemCoreClock
                0x0000000020000000        0x4 ./Core/Src/system_stm32f3xx.o
                0x0000000020000000                SystemCoreClock
 .data.uwTickPrio
                0x0000000020000004        0x4 ./Drivers/STM32F3xx_HAL_Driver/Src/stm32f3xx_hal.o
                0x0000000020000004                uwTickPrio
 .data.uwTickFreq
                0x0000000020000008        0x1 ./Drivers/STM32F3xx_HAL_Driver/Src/stm32f3xx_hal.o
                0x0000000020000008                uwTickFreq
 *fill*         0x0000000020000009        0x3 
 .data.uxCriticalNesting
                0x000000002000000c        0x4 ./Middlewares/Third_Party/FreeRTOS/Source/portable/GCC/ARM_CM4F/port.o
 *(.RamFunc)
 *(.RamFunc*)
                0x0000000020000010                . = ALIGN (0x4)
                0x0000000020000010                _edata = .
                0x0000000008004888                _siccmram = LOADADDR (.ccmram)

.igot.plt       0x0000000020000010        0x0 load address 0x0000000008004888
 .igot.plt      0x0000000020000010        0x0 /opt/st/stm32cubeide_1.13.1/plugins/com.st.stm32cube.ide.mcu.externaltools.gnu-tools-for-stm32.11.3.rel1.linux64_1.1.0.202305231506/tools/bin/../lib/gcc/arm-none-eabi/11.3.1/thumb/v7e-m+fp/hard/crtbegin.o

.ccmram         0x0000000010000000        0x0 load address 0x0000000008004888
                0x0000000010000000                . = ALIGN (0x4)
                0x0000000010000000                _sccmram = .
 *(.ccmram)
 *(.ccmram*)
                0x0000000010000000                . = ALIGN (0x4)
                0x0000000010000000                _eccmram = .
                0x0000000010000000                . = ALIGN (0x4)

.bss            0x0000000020000010     0x109c
                0x0000000020000010                _sbss = .
                0x0000000020000010                __bss_start__ = _sbss
 *(.bss)
 .bss           0x0000000020000010       0x1c /opt/st/stm32cubeide_1.13.1/plugins/com.st.stm32cube.ide.mcu.externaltools.gnu-tools-for-stm32.11.3.rel1.linux64_1.1.0.202305231506/tools/bin/../lib/gcc/arm-none-eabi/11.3.1/thumb/v7e-m+fp/hard/crtbegin.o
 *(.bss*)
 .bss.xIdleTaskTCBBuffer
                0x000000002000002c       0x54 ./Core/Src/freertos.o
 .bss.xIdleStack
                0x0000000020000080      0x200 ./Core/Src/freertos.o
 .bss.huart1    0x0000000020000280       0x88 ./Core/Src/main.o
                0x0000000020000280                huart1
 .bss.Task1_Handle
                0x0000000020000308        0x4 ./Core/Src/main.o
                0x0000000020000308                Task1_Handle
 .bss.Task2_Handle
                0x000000002000030c        0x4 ./Core/Src/main.o
                0x000000002000030c                Task2_Handle
 .bss.htim6     0x0000000020000310       0x4c ./Core/Src/stm32f3xx_hal_timebase_tim.o
                0x0000000020000310                htim6
 .bss.uwTick    0x000000002000035c        0x4 ./Drivers/STM32F3xx_HAL_Driver/Src/stm32f3xx_hal.o
                0x000000002000035c                uwTick
 .bss.pxCurrentTCB
                0x0000000020000360        0x4 ./Middlewares/Third_Party/FreeRTOS/Source/tasks.o
                0x0000000020000360                pxCurrentTCB
 .bss.pxReadyTasksLists
                0x0000000020000364       0x8c ./Middlewares/Third_Party/FreeRTOS/Source/tasks.o
 .bss.xDelayedTaskList1
                0x00000000200003f0       0x14 ./Middlewares/Third_Party/FreeRTOS/Source/tasks.o
 .bss.xDelayedTaskList2
                0x0000000020000404       0x14 ./Middlewares/Third_Party/FreeRTOS/Source/tasks.o
 .bss.pxDelayedTaskList
                0x0000000020000418        0x4 ./Middlewares/Third_Party/FreeRTOS/Source/tasks.o
 .bss.pxOverflowDelayedTaskList
                0x000000002000041c        0x4 ./Middlewares/Third_Party/FreeRTOS/Source/tasks.o
 .bss.xPendingReadyList
                0x0000000020000420       0x14 ./Middlewares/Third_Party/FreeRTOS/Source/tasks.o
 .bss.xTasksWaitingTermination
                0x0000000020000434       0x14 ./Middlewares/Third_Party/FreeRTOS/Source/tasks.o
 .bss.uxDeletedTasksWaitingCleanUp
                0x0000000020000448        0x4 ./Middlewares/Third_Party/FreeRTOS/Source/tasks.o
 .bss.xSuspendedTaskList
                0x000000002000044c       0x14 ./Middlewares/Third_Party/FreeRTOS/Source/tasks.o
 .bss.uxCurrentNumberOfTasks
                0x0000000020000460        0x4 ./Middlewares/Third_Party/FreeRTOS/Source/tasks.o
 .bss.xTickCount
                0x0000000020000464        0x4 ./Middlewares/Third_Party/FreeRTOS/Source/tasks.o
 .bss.uxTopReadyPriority
                0x0000000020000468        0x4 ./Middlewares/Third_Party/FreeRTOS/Source/tasks.o
 .bss.xSchedulerRunning
                0x000000002000046c        0x4 ./Middlewares/Third_Party/FreeRTOS/Source/tasks.o
 .bss.uxPendedTicks
                0x0000000020000470        0x4 ./Middlewares/Third_Party/FreeRTOS/Source/tasks.o
 .bss.xYieldPending
                0x0000000020000474        0x4 ./Middlewares/Third_Party/FreeRTOS/Source/tasks.o
 .bss.xNumOfOverflows
                0x0000000020000478        0x4 ./Middlewares/Third_Party/FreeRTOS/Source/tasks.o
 .bss.uxTaskNumber
                0x000000002000047c        0x4 ./Middlewares/Third_Party/FreeRTOS/Source/tasks.o
 .bss.xNextTaskUnblockTime
                0x0000000020000480        0x4 ./Middlewares/Third_Party/FreeRTOS/Source/tasks.o
 .bss.xIdleTaskHandle
                0x0000000020000484        0x4 ./Middlewares/Third_Party/FreeRTOS/Source/tasks.o
 .bss.uxSchedulerSuspended
                0x0000000020000488        0x4 ./Middlewares/Third_Party/FreeRTOS/Source/tasks.o
 .bss.ucMaxSysCallPriority
                0x000000002000048c        0x1 ./Middlewares/Third_Party/FreeRTOS/Source/portable/GCC/ARM_CM4F/port.o
 *fill*         0x000000002000048d        0x3 
 .bss.ulMaxPRIGROUPValue
                0x0000000020000490        0x4 ./Middlewares/Third_Party/FreeRTOS/Source/portable/GCC/ARM_CM4F/port.o
 .bss.ucHeap    0x0000000020000494      0xc00 ./Middlewares/Third_Party/FreeRTOS/Source/portable/MemMang/heap_4.o
 .bss.xStart    0x0000000020001094        0x8 ./Middlewares/Third_Party/FreeRTOS/Source/portable/MemMang/heap_4.o
 .bss.pxEnd     0x000000002000109c        0x4 ./Middlewares/Third_Party/FreeRTOS/Source/portable/MemMang/heap_4.o
 .bss.xFreeBytesRemaining
                0x00000000200010a0        0x4 ./Middlewares/Third_Party/FreeRTOS/Source/portable/MemMang/heap_4.o
 .bss.xMinimumEverFreeBytesRemaining
                0x00000000200010a4        0x4 ./Middlewares/Third_Party/FreeRTOS/Source/portable/MemMang/heap_4.o
 .bss.xBlockAllocatedBit
                0x00000000200010a8        0x4 ./Middlewares/Third_Party/FreeRTOS/Source/portable/MemMang/heap_4.o
 *(COMMON)
                0x00000000200010ac                . = ALIGN (0x4)
                0x00000000200010ac                _ebss = .
                0x00000000200010ac                __bss_end__ = _ebss

._user_heap_stack
                0x00000000200010ac      0x604
                0x00000000200010b0                . = ALIGN (0x8)
 *fill*         0x00000000200010ac        0x4 
                [!provide]                        PROVIDE (end = .)
                0x00000000200010b0                PROVIDE (_end = .)
                0x00000000200012b0                . = (. + _Min_Heap_Size)
 *fill*         0x00000000200010b0      0x200 
                0x00000000200016b0                . = (. + _Min_Stack_Size)
 *fill*         0x00000000200012b0      0x400 
                0x00000000200016b0                . = ALIGN (0x8)

/DISCARD/
 libc.a(*)
 libm.a(*)
 libgcc.a(*)

.ARM.attributes
                0x0000000000000000       0x30
 *(.ARM.attributes)
 .ARM.attributes
                0x0000000000000000       0x1e /opt/st/stm32cubeide_1.13.1/plugins/com.st.stm32cube.ide.mcu.externaltools.gnu-tools-for-stm32.11.3.rel1.linux64_1.1.0.202305231506/tools/bin/../lib/gcc/arm-none-eabi/11.3.1/thumb/v7e-m+fp/hard/crti.o
 .ARM.attributes
                0x000000000000001e       0x34 /opt/st/stm32cubeide_1.13.1/plugins/com.st.stm32cube.ide.mcu.externaltools.gnu-tools-for-stm32.11.3.rel1.linux64_1.1.0.202305231506/tools/bin/../lib/gcc/arm-none-eabi/11.3.1/thumb/v7e-m+fp/hard/crtbegin.o
 .ARM.attributes
                0x0000000000000052       0x34 ./Core/Src/freertos.o
 .ARM.attributes
                0x0000000000000086       0x34 ./Core/Src/main.o
 .ARM.attributes
                0x00000000000000ba       0x34 ./Core/Src/stm32f3xx_hal_msp.o
 .ARM.attributes
                0x00000000000000ee       0x34 ./Core/Src/stm32f3xx_hal_timebase_tim.o
 .ARM.attributes
                0x0000000000000122       0x34 ./Core/Src/stm32f3xx_it.o
 .ARM.attributes
                0x0000000000000156       0x34 ./Core/Src/system_stm32f3xx.o
 .ARM.attributes
                0x000000000000018a       0x21 ./Core/Startup/startup_stm32f334c8tx.o
 .ARM.attributes
                0x00000000000001ab       0x34 ./Drivers/STM32F3xx_HAL_Driver/Src/stm32f3xx_hal.o
 .ARM.attributes
                0x00000000000001df       0x34 ./Drivers/STM32F3xx_HAL_Driver/Src/stm32f3xx_hal_cortex.o
 .ARM.attributes
                0x0000000000000213       0x34 ./Drivers/STM32F3xx_HAL_Driver/Src/stm32f3xx_hal_gpio.o
 .ARM.attributes
                0x0000000000000247       0x34 ./Drivers/STM32F3xx_HAL_Driver/Src/stm32f3xx_hal_rcc.o
 .ARM.attributes
                0x000000000000027b       0x34 ./Drivers/STM32F3xx_HAL_Driver/Src/stm32f3xx_hal_rcc_ex.o
 .ARM.attributes
                0x00000000000002af       0x34 ./Drivers/STM32F3xx_HAL_Driver/Src/stm32f3xx_hal_tim.o
 .ARM.attributes
                0x00000000000002e3       0x34 ./Drivers/STM32F3xx_HAL_Driver/Src/stm32f3xx_hal_tim_ex.o
 .ARM.attributes
                0x0000000000000317       0x34 ./Drivers/STM32F3xx_HAL_Driver/Src/stm32f3xx_hal_uart.o
 .ARM.attributes
                0x000000000000034b       0x34 ./Middlewares/Third_Party/FreeRTOS/Source/list.o
 .ARM.attributes
                0x000000000000037f       0x34 ./Middlewares/Third_Party/FreeRTOS/Source/tasks.o
 .ARM.attributes
                0x00000000000003b3       0x34 ./Middlewares/Third_Party/FreeRTOS/Source/portable/GCC/ARM_CM4F/port.o
 .ARM.attributes
                0x00000000000003e7       0x34 ./Middlewares/Third_Party/FreeRTOS/Source/portable/MemMang/heap_4.o
 .ARM.attributes
                0x000000000000041b       0x34 /opt/st/stm32cubeide_1.13.1/plugins/com.st.stm32cube.ide.mcu.externaltools.gnu-tools-for-stm32.11.3.rel1.linux64_1.1.0.202305231506/tools/bin/../lib/gcc/arm-none-eabi/11.3.1/../../../../arm-none-eabi/lib/thumb/v7e-m+fp/hard/libc_nano.a(libc_a-memset.o)
 .ARM.attributes
                0x000000000000044f       0x34 /opt/st/stm32cubeide_1.13.1/plugins/com.st.stm32cube.ide.mcu.externaltools.gnu-tools-for-stm32.11.3.rel1.linux64_1.1.0.202305231506/tools/bin/../lib/gcc/arm-none-eabi/11.3.1/../../../../arm-none-eabi/lib/thumb/v7e-m+fp/hard/libc_nano.a(libc_a-init.o)
 .ARM.attributes
                0x0000000000000483       0x1e /opt/st/stm32cubeide_1.13.1/plugins/com.st.stm32cube.ide.mcu.externaltools.gnu-tools-for-stm32.11.3.rel1.linux64_1.1.0.202305231506/tools/bin/../lib/gcc/arm-none-eabi/11.3.1/thumb/v7e-m+fp/hard/crtn.o
OUTPUT(05_Task_Notfication.elf elf32-littlearm)
LOAD linker stubs
LOAD /opt/st/stm32cubeide_1.13.1/plugins/com.st.stm32cube.ide.mcu.externaltools.gnu-tools-for-stm32.11.3.rel1.linux64_1.1.0.202305231506/tools/bin/../lib/gcc/arm-none-eabi/11.3.1/../../../../arm-none-eabi/lib/thumb/v7e-m+fp/hard/libc.a
LOAD /opt/st/stm32cubeide_1.13.1/plugins/com.st.stm32cube.ide.mcu.externaltools.gnu-tools-for-stm32.11.3.rel1.linux64_1.1.0.202305231506/tools/bin/../lib/gcc/arm-none-eabi/11.3.1/../../../../arm-none-eabi/lib/thumb/v7e-m+fp/hard/libm.a
LOAD /opt/st/stm32cubeide_1.13.1/plugins/com.st.stm32cube.ide.mcu.externaltools.gnu-tools-for-stm32.11.3.rel1.linux64_1.1.0.202305231506/tools/bin/../lib/gcc/arm-none-eabi/11.3.1/thumb/v7e-m+fp/hard/libgcc.a

.comment        0x0000000000000000       0x43
 .comment       0x0000000000000000       0x43 /opt/st/stm32cubeide_1.13.1/plugins/com.st.stm32cube.ide.mcu.externaltools.gnu-tools-for-stm32.11.3.rel1.linux64_1.1.0.202305231506/tools/bin/../lib/gcc/arm-none-eabi/11.3.1/thumb/v7e-m+fp/hard/crtbegin.o
                                         0x44 (size before relaxing)
 .comment       0x0000000000000043       0x44 ./Core/Src/freertos.o
 .comment       0x0000000000000043       0x44 ./Core/Src/main.o
 .comment       0x0000000000000043       0x44 ./Core/Src/stm32f3xx_hal_msp.o
 .comment       0x0000000000000043       0x44 ./Core/Src/stm32f3xx_hal_timebase_tim.o
 .comment       0x0000000000000043       0x44 ./Core/Src/stm32f3xx_it.o
 .comment       0x0000000000000043       0x44 ./Core/Src/system_stm32f3xx.o
 .comment       0x0000000000000043       0x44 ./Drivers/STM32F3xx_HAL_Driver/Src/stm32f3xx_hal.o
 .comment       0x0000000000000043       0x44 ./Drivers/STM32F3xx_HAL_Driver/Src/stm32f3xx_hal_cortex.o
 .comment       0x0000000000000043       0x44 ./Drivers/STM32F3xx_HAL_Driver/Src/stm32f3xx_hal_gpio.o
 .comment       0x0000000000000043       0x44 ./Drivers/STM32F3xx_HAL_Driver/Src/stm32f3xx_hal_rcc.o
 .comment       0x0000000000000043       0x44 ./Drivers/STM32F3xx_HAL_Driver/Src/stm32f3xx_hal_rcc_ex.o
 .comment       0x0000000000000043       0x44 ./Drivers/STM32F3xx_HAL_Driver/Src/stm32f3xx_hal_tim.o
 .comment       0x0000000000000043       0x44 ./Drivers/STM32F3xx_HAL_Driver/Src/stm32f3xx_hal_tim_ex.o
 .comment       0x0000000000000043       0x44 ./Drivers/STM32F3xx_HAL_Driver/Src/stm32f3xx_hal_uart.o
 .comment       0x0000000000000043       0x44 ./Middlewares/Third_Party/FreeRTOS/Source/list.o
 .comment       0x0000000000000043       0x44 ./Middlewares/Third_Party/FreeRTOS/Source/tasks.o
 .comment       0x0000000000000043       0x44 ./Middlewares/Third_Party/FreeRTOS/Source/portable/GCC/ARM_CM4F/port.o
 .comment       0x0000000000000043       0x44 ./Middlewares/Third_Party/FreeRTOS/Source/portable/MemMang/heap_4.o

.debug_info     0x0000000000000000    0x10776
 .debug_info    0x0000000000000000      0x279 ./Core/Src/freertos.o
 .debug_info    0x0000000000000279     0x11da ./Core/Src/main.o
 .debug_info    0x0000000000001453      0xa87 ./Core/Src/stm32f3xx_hal_msp.o
 .debug_info    0x0000000000001eda      0xa40 ./Core/Src/stm32f3xx_hal_timebase_tim.o
 .debug_info    0x000000000000291a      0x6a8 ./Core/Src/stm32f3xx_it.o
 .debug_info    0x0000000000002fc2      0x407 ./Core/Src/system_stm32f3xx.o
 .debug_info    0x00000000000033c9       0x23 ./Core/Startup/startup_stm32f334c8tx.o
 .debug_info    0x00000000000033ec      0x774 ./Drivers/STM32F3xx_HAL_Driver/Src/stm32f3xx_hal.o
 .debug_info    0x0000000000003b60      0xab1 ./Drivers/STM32F3xx_HAL_Driver/Src/stm32f3xx_hal_cortex.o
 .debug_info    0x0000000000004611      0x6a6 ./Drivers/STM32F3xx_HAL_Driver/Src/stm32f3xx_hal_gpio.o
 .debug_info    0x0000000000004cb7     0x14f1 ./Drivers/STM32F3xx_HAL_Driver/Src/stm32f3xx_hal_rcc.o
 .debug_info    0x00000000000061a8      0x55e ./Drivers/STM32F3xx_HAL_Driver/Src/stm32f3xx_hal_rcc_ex.o
 .debug_info    0x0000000000006706     0x2a52 ./Drivers/STM32F3xx_HAL_Driver/Src/stm32f3xx_hal_tim.o
 .debug_info    0x0000000000009158     0x156d ./Drivers/STM32F3xx_HAL_Driver/Src/stm32f3xx_hal_tim_ex.o
 .debug_info    0x000000000000a6c5     0x39a8 ./Drivers/STM32F3xx_HAL_Driver/Src/stm32f3xx_hal_uart.o
 .debug_info    0x000000000000e06d      0x2aa ./Middlewares/Third_Party/FreeRTOS/Source/list.o
 .debug_info    0x000000000000e317     0x1bbe ./Middlewares/Third_Party/FreeRTOS/Source/tasks.o
 .debug_info    0x000000000000fed5      0x4de ./Middlewares/Third_Party/FreeRTOS/Source/portable/GCC/ARM_CM4F/port.o
 .debug_info    0x00000000000103b3      0x3c3 ./Middlewares/Third_Party/FreeRTOS/Source/portable/MemMang/heap_4.o

.debug_abbrev   0x0000000000000000     0x264d
 .debug_abbrev  0x0000000000000000       0xd2 ./Core/Src/freertos.o
 .debug_abbrev  0x00000000000000d2      0x2ac ./Core/Src/main.o
 .debug_abbrev  0x000000000000037e      0x1af ./Core/Src/stm32f3xx_hal_msp.o
 .debug_abbrev  0x000000000000052d      0x1f4 ./Core/Src/stm32f3xx_hal_timebase_tim.o
 .debug_abbrev  0x0000000000000721      0x17d ./Core/Src/stm32f3xx_it.o
 .debug_abbrev  0x000000000000089e      0x11a ./Core/Src/system_stm32f3xx.o
 .debug_abbrev  0x00000000000009b8       0x12 ./Core/Startup/startup_stm32f334c8tx.o
 .debug_abbrev  0x00000000000009ca      0x215 ./Drivers/STM32F3xx_HAL_Driver/Src/stm32f3xx_hal.o
 .debug_abbrev  0x0000000000000bdf      0x2f8 ./Drivers/STM32F3xx_HAL_Driver/Src/stm32f3xx_hal_cortex.o
 .debug_abbrev  0x0000000000000ed7      0x1ca ./Drivers/STM32F3xx_HAL_Driver/Src/stm32f3xx_hal_gpio.o
 .debug_abbrev  0x00000000000010a1      0x300 ./Drivers/STM32F3xx_HAL_Driver/Src/stm32f3xx_hal_rcc.o
 .debug_abbrev  0x00000000000013a1      0x232 ./Drivers/STM32F3xx_HAL_Driver/Src/stm32f3xx_hal_rcc_ex.o
 .debug_abbrev  0x00000000000015d3      0x278 ./Drivers/STM32F3xx_HAL_Driver/Src/stm32f3xx_hal_tim.o
 .debug_abbrev  0x000000000000184b      0x283 ./Drivers/STM32F3xx_HAL_Driver/Src/stm32f3xx_hal_tim_ex.o
 .debug_abbrev  0x0000000000001ace      0x2d1 ./Drivers/STM32F3xx_HAL_Driver/Src/stm32f3xx_hal_uart.o
 .debug_abbrev  0x0000000000001d9f       0xf5 ./Middlewares/Third_Party/FreeRTOS/Source/list.o
 .debug_abbrev  0x0000000000001e94      0x358 ./Middlewares/Third_Party/FreeRTOS/Source/tasks.o
 .debug_abbrev  0x00000000000021ec      0x25c ./Middlewares/Third_Party/FreeRTOS/Source/portable/GCC/ARM_CM4F/port.o
 .debug_abbrev  0x0000000000002448      0x205 ./Middlewares/Third_Party/FreeRTOS/Source/portable/MemMang/heap_4.o

.debug_aranges  0x0000000000000000      0xeb0
 .debug_aranges
                0x0000000000000000       0x20 ./Core/Src/freertos.o
 .debug_aranges
                0x0000000000000020       0x60 ./Core/Src/main.o
 .debug_aranges
                0x0000000000000080       0x30 ./Core/Src/stm32f3xx_hal_msp.o
 .debug_aranges
                0x00000000000000b0       0x30 ./Core/Src/stm32f3xx_hal_timebase_tim.o
 .debug_aranges
                0x00000000000000e0       0x50 ./Core/Src/stm32f3xx_it.o
 .debug_aranges
                0x0000000000000130       0x28 ./Core/Src/system_stm32f3xx.o
 .debug_aranges
                0x0000000000000158       0x28 ./Core/Startup/startup_stm32f334c8tx.o
 .debug_aranges
                0x0000000000000180       0xe0 ./Drivers/STM32F3xx_HAL_Driver/Src/stm32f3xx_hal.o
 .debug_aranges
                0x0000000000000260      0x100 ./Drivers/STM32F3xx_HAL_Driver/Src/stm32f3xx_hal_cortex.o
 .debug_aranges
                0x0000000000000360       0x58 ./Drivers/STM32F3xx_HAL_Driver/Src/stm32f3xx_hal_gpio.o
 .debug_aranges
                0x00000000000003b8       0x88 ./Drivers/STM32F3xx_HAL_Driver/Src/stm32f3xx_hal_rcc.o
 .debug_aranges
                0x0000000000000440       0x38 ./Drivers/STM32F3xx_HAL_Driver/Src/stm32f3xx_hal_rcc_ex.o
 .debug_aranges
                0x0000000000000478      0x3e0 ./Drivers/STM32F3xx_HAL_Driver/Src/stm32f3xx_hal_tim.o
 .debug_aranges
                0x0000000000000858      0x178 ./Drivers/STM32F3xx_HAL_Driver/Src/stm32f3xx_hal_tim_ex.o
 .debug_aranges
                0x00000000000009d0      0x228 ./Drivers/STM32F3xx_HAL_Driver/Src/stm32f3xx_hal_uart.o
 .debug_aranges
                0x0000000000000bf8       0x40 ./Middlewares/Third_Party/FreeRTOS/Source/list.o
 .debug_aranges
                0x0000000000000c38      0x1a8 ./Middlewares/Third_Party/FreeRTOS/Source/tasks.o
 .debug_aranges
                0x0000000000000de0       0x80 ./Middlewares/Third_Party/FreeRTOS/Source/portable/GCC/ARM_CM4F/port.o
 .debug_aranges
                0x0000000000000e60       0x50 ./Middlewares/Third_Party/FreeRTOS/Source/portable/MemMang/heap_4.o

.debug_rnglists
                0x0000000000000000      0xb76
 .debug_rnglists
                0x0000000000000000       0x13 ./Core/Src/freertos.o
 .debug_rnglists
                0x0000000000000013       0x45 ./Core/Src/main.o
 .debug_rnglists
                0x0000000000000058       0x20 ./Core/Src/stm32f3xx_hal_msp.o
 .debug_rnglists
                0x0000000000000078       0x20 ./Core/Src/stm32f3xx_hal_timebase_tim.o
 .debug_rnglists
                0x0000000000000098       0x37 ./Core/Src/stm32f3xx_it.o
 .debug_rnglists
                0x00000000000000cf       0x1a ./Core/Src/system_stm32f3xx.o
 .debug_rnglists
                0x00000000000000e9       0x19 ./Core/Startup/startup_stm32f334c8tx.o
 .debug_rnglists
                0x0000000000000102       0xa3 ./Drivers/STM32F3xx_HAL_Driver/Src/stm32f3xx_hal.o
 .debug_rnglists
                0x00000000000001a5       0xbb ./Drivers/STM32F3xx_HAL_Driver/Src/stm32f3xx_hal_cortex.o
 .debug_rnglists
                0x0000000000000260       0x3f ./Drivers/STM32F3xx_HAL_Driver/Src/stm32f3xx_hal_gpio.o
 .debug_rnglists
                0x000000000000029f       0x66 ./Drivers/STM32F3xx_HAL_Driver/Src/stm32f3xx_hal_rcc.o
 .debug_rnglists
                0x0000000000000305       0x28 ./Drivers/STM32F3xx_HAL_Driver/Src/stm32f3xx_hal_rcc_ex.o
 .debug_rnglists
                0x000000000000032d      0x328 ./Drivers/STM32F3xx_HAL_Driver/Src/stm32f3xx_hal_tim.o
 .debug_rnglists
                0x0000000000000655      0x131 ./Drivers/STM32F3xx_HAL_Driver/Src/stm32f3xx_hal_tim_ex.o
 .debug_rnglists
                0x0000000000000786      0x1da ./Drivers/STM32F3xx_HAL_Driver/Src/stm32f3xx_hal_uart.o
 .debug_rnglists
                0x0000000000000960       0x2b ./Middlewares/Third_Party/FreeRTOS/Source/list.o
 .debug_rnglists
                0x000000000000098b      0x153 ./Middlewares/Third_Party/FreeRTOS/Source/tasks.o
 .debug_rnglists
                0x0000000000000ade       0x5d ./Middlewares/Third_Party/FreeRTOS/Source/portable/GCC/ARM_CM4F/port.o
 .debug_rnglists
                0x0000000000000b3b       0x3b ./Middlewares/Third_Party/FreeRTOS/Source/portable/MemMang/heap_4.o

.debug_macro    0x0000000000000000    0x214dc
 .debug_macro   0x0000000000000000      0x23d ./Core/Src/freertos.o
 .debug_macro   0x000000000000023d      0xaa8 ./Core/Src/freertos.o
 .debug_macro   0x0000000000000ce5      0x174 ./Core/Src/freertos.o
 .debug_macro   0x0000000000000e59       0x22 ./Core/Src/freertos.o
 .debug_macro   0x0000000000000e7b       0x8e ./Core/Src/freertos.o
 .debug_macro   0x0000000000000f09       0x51 ./Core/Src/freertos.o
 .debug_macro   0x0000000000000f5a      0x103 ./Core/Src/freertos.o
 .debug_macro   0x000000000000105d       0x6a ./Core/Src/freertos.o
 .debug_macro   0x00000000000010c7      0x1df ./Core/Src/freertos.o
 .debug_macro   0x00000000000012a6       0xd6 ./Core/Src/freertos.o
 .debug_macro   0x000000000000137c      0x15a ./Core/Src/freertos.o
 .debug_macro   0x00000000000014d6       0xd7 ./Core/Src/freertos.o
 .debug_macro   0x00000000000015ad       0x10 ./Core/Src/freertos.o
 .debug_macro   0x00000000000015bd       0x1f ./Core/Src/freertos.o
 .debug_macro   0x00000000000015dc      0x4b7 ./Core/Src/freertos.o
 .debug_macro   0x0000000000001a93       0xb5 ./Core/Src/freertos.o
 .debug_macro   0x0000000000001b48       0x8c ./Core/Src/freertos.o
 .debug_macro   0x0000000000001bd4      0x157 ./Core/Src/freertos.o
 .debug_macro   0x0000000000001d2b       0x2e ./Core/Src/freertos.o
 .debug_macro   0x0000000000001d59       0x28 ./Core/Src/freertos.o
 .debug_macro   0x0000000000001d81       0x1c ./Core/Src/freertos.o
 .debug_macro   0x0000000000001d9d       0x22 ./Core/Src/freertos.o
 .debug_macro   0x0000000000001dbf       0xd9 ./Core/Src/freertos.o
 .debug_macro   0x0000000000001e98      0xf07 ./Core/Src/freertos.o
 .debug_macro   0x0000000000002d9f    0x1585b ./Core/Src/freertos.o
 .debug_macro   0x00000000000185fa       0x6d ./Core/Src/freertos.o
 .debug_macro   0x0000000000018667     0x3558 ./Core/Src/freertos.o
 .debug_macro   0x000000000001bbbf       0x55 ./Core/Src/freertos.o
 .debug_macro   0x000000000001bc14      0x8f8 ./Core/Src/freertos.o
 .debug_macro   0x000000000001c50c      0x358 ./Core/Src/freertos.o
 .debug_macro   0x000000000001c864      0x1b5 ./Core/Src/freertos.o
 .debug_macro   0x000000000001ca19      0x130 ./Core/Src/freertos.o
 .debug_macro   0x000000000001cb49      0x1d5 ./Core/Src/freertos.o
 .debug_macro   0x000000000001cd1e      0x1bc ./Core/Src/freertos.o
 .debug_macro   0x000000000001ceda       0x34 ./Core/Src/freertos.o
 .debug_macro   0x000000000001cf0e       0x3c ./Core/Src/freertos.o
 .debug_macro   0x000000000001cf4a       0x57 ./Core/Src/freertos.o
 .debug_macro   0x000000000001cfa1       0xc5 ./Core/Src/freertos.o
 .debug_macro   0x000000000001d066      0x19f ./Core/Src/freertos.o
 .debug_macro   0x000000000001d205      0x22c ./Core/Src/freertos.o
 .debug_macro   0x000000000001d431       0x5b ./Core/Src/freertos.o
 .debug_macro   0x000000000001d48c       0xa5 ./Core/Src/freertos.o
 .debug_macro   0x000000000001d531       0x81 ./Core/Src/freertos.o
 .debug_macro   0x000000000001d5b2       0xd3 ./Core/Src/freertos.o
 .debug_macro   0x000000000001d685      0xa59 ./Core/Src/freertos.o
 .debug_macro   0x000000000001e0de       0x59 ./Core/Src/freertos.o
 .debug_macro   0x000000000001e137      0x5ba ./Core/Src/freertos.o
 .debug_macro   0x000000000001e6f1       0x44 ./Core/Src/freertos.o
 .debug_macro   0x000000000001e735      0x2a1 ./Core/Src/freertos.o
 .debug_macro   0x000000000001e9d6       0x10 ./Core/Src/freertos.o
 .debug_macro   0x000000000001e9e6      0x34d ./Core/Src/main.o
 .debug_macro   0x000000000001ed33       0xd6 ./Core/Src/main.o
 .debug_macro   0x000000000001ee09       0x91 ./Core/Src/main.o
 .debug_macro   0x000000000001ee9a       0x8d ./Core/Src/main.o
 .debug_macro   0x000000000001ef27       0x7e ./Core/Src/main.o
 .debug_macro   0x000000000001efa5       0x19 ./Core/Src/main.o
 .debug_macro   0x000000000001efbe       0x61 ./Core/Src/main.o
 .debug_macro   0x000000000001f01f       0x2a ./Core/Src/main.o
 .debug_macro   0x000000000001f049       0x43 ./Core/Src/main.o
 .debug_macro   0x000000000001f08c       0x34 ./Core/Src/main.o
 .debug_macro   0x000000000001f0c0       0x16 ./Core/Src/main.o
 .debug_macro   0x000000000001f0d6       0x43 ./Core/Src/main.o
 .debug_macro   0x000000000001f119       0x34 ./Core/Src/main.o
 .debug_macro   0x000000000001f14d       0x10 ./Core/Src/main.o
 .debug_macro   0x000000000001f15d       0x58 ./Core/Src/main.o
 .debug_macro   0x000000000001f1b5       0x8e ./Core/Src/main.o
 .debug_macro   0x000000000001f243       0x1c ./Core/Src/main.o
 .debug_macro   0x000000000001f25f      0x177 ./Core/Src/main.o
 .debug_macro   0x000000000001f3d6      0x369 ./Core/Src/main.o
 .debug_macro   0x000000000001f73f       0x10 ./Core/Src/main.o
 .debug_macro   0x000000000001f74f       0x35 ./Core/Src/main.o
 .debug_macro   0x000000000001f784       0x20 ./Core/Src/main.o
 .debug_macro   0x000000000001f7a4      0x1d5 ./Core/Src/stm32f3xx_hal_msp.o
 .debug_macro   0x000000000001f979      0x1c6 ./Core/Src/stm32f3xx_hal_timebase_tim.o
 .debug_macro   0x000000000001fb3f      0x1df ./Core/Src/stm32f3xx_it.o
 .debug_macro   0x000000000001fd1e      0x1c6 ./Core/Src/system_stm32f3xx.o
 .debug_macro   0x000000000001fee4      0x1ea ./Drivers/STM32F3xx_HAL_Driver/Src/stm32f3xx_hal.o
 .debug_macro   0x00000000000200ce      0x1c6 ./Drivers/STM32F3xx_HAL_Driver/Src/stm32f3xx_hal_cortex.o
 .debug_macro   0x0000000000020294      0x1cd ./Drivers/STM32F3xx_HAL_Driver/Src/stm32f3xx_hal_gpio.o
 .debug_macro   0x0000000000020461      0x1ea ./Drivers/STM32F3xx_HAL_Driver/Src/stm32f3xx_hal_rcc.o
 .debug_macro   0x000000000002064b      0x1c6 ./Drivers/STM32F3xx_HAL_Driver/Src/stm32f3xx_hal_rcc_ex.o
 .debug_macro   0x0000000000020811      0x1c7 ./Drivers/STM32F3xx_HAL_Driver/Src/stm32f3xx_hal_tim.o
 .debug_macro   0x00000000000209d8      0x1c6 ./Drivers/STM32F3xx_HAL_Driver/Src/stm32f3xx_hal_tim_ex.o
 .debug_macro   0x0000000000020b9e      0x1e3 ./Drivers/STM32F3xx_HAL_Driver/Src/stm32f3xx_hal_uart.o
 .debug_macro   0x0000000000020d81      0x187 ./Middlewares/Third_Party/FreeRTOS/Source/list.o
 .debug_macro   0x0000000000020f08      0x280 ./Middlewares/Third_Party/FreeRTOS/Source/tasks.o
 .debug_macro   0x0000000000021188       0x10 ./Middlewares/Third_Party/FreeRTOS/Source/tasks.o
 .debug_macro   0x0000000000021198      0x196 ./Middlewares/Third_Party/FreeRTOS/Source/portable/GCC/ARM_CM4F/port.o
 .debug_macro   0x000000000002132e      0x1ae ./Middlewares/Third_Party/FreeRTOS/Source/portable/MemMang/heap_4.o

.debug_line     0x0000000000000000    0x12104
 .debug_line    0x0000000000000000      0x7a6 ./Core/Src/freertos.o
 .debug_line    0x00000000000007a6      0xab8 ./Core/Src/main.o
 .debug_line    0x000000000000125e      0x6f6 ./Core/Src/stm32f3xx_hal_msp.o
 .debug_line    0x0000000000001954      0x723 ./Core/Src/stm32f3xx_hal_timebase_tim.o
 .debug_line    0x0000000000002077      0x744 ./Core/Src/stm32f3xx_it.o
 .debug_line    0x00000000000027bb      0x71e ./Core/Src/system_stm32f3xx.o
 .debug_line    0x0000000000002ed9       0x7a ./Core/Startup/startup_stm32f334c8tx.o
 .debug_line    0x0000000000002f53      0x953 ./Drivers/STM32F3xx_HAL_Driver/Src/stm32f3xx_hal.o
 .debug_line    0x00000000000038a6      0xb3b ./Drivers/STM32F3xx_HAL_Driver/Src/stm32f3xx_hal_cortex.o
 .debug_line    0x00000000000043e1      0xa9e ./Drivers/STM32F3xx_HAL_Driver/Src/stm32f3xx_hal_gpio.o
 .debug_line    0x0000000000004e7f     0x132d ./Drivers/STM32F3xx_HAL_Driver/Src/stm32f3xx_hal_rcc.o
 .debug_line    0x00000000000061ac      0xa3b ./Drivers/STM32F3xx_HAL_Driver/Src/stm32f3xx_hal_rcc_ex.o
 .debug_line    0x0000000000006be7     0x3bfe ./Drivers/STM32F3xx_HAL_Driver/Src/stm32f3xx_hal_tim.o
 .debug_line    0x000000000000a7e5     0x19d5 ./Drivers/STM32F3xx_HAL_Driver/Src/stm32f3xx_hal_tim_ex.o
 .debug_line    0x000000000000c1ba     0x3017 ./Drivers/STM32F3xx_HAL_Driver/Src/stm32f3xx_hal_uart.o
 .debug_line    0x000000000000f1d1      0x6c1 ./Middlewares/Third_Party/FreeRTOS/Source/list.o
 .debug_line    0x000000000000f892     0x1882 ./Middlewares/Third_Party/FreeRTOS/Source/tasks.o
 .debug_line    0x0000000000011114      0x76d ./Middlewares/Third_Party/FreeRTOS/Source/portable/GCC/ARM_CM4F/port.o
 .debug_line    0x0000000000011881      0x883 ./Middlewares/Third_Party/FreeRTOS/Source/portable/MemMang/heap_4.o

.debug_str      0x0000000000000000    0xc98f8
 .debug_str     0x0000000000000000    0xbf66d ./Core/Src/freertos.o
                                      0xbf91b (size before relaxing)
 .debug_str     0x00000000000bf66d     0x5696 ./Core/Src/main.o
                                      0xc4f63 (size before relaxing)
 .debug_str     0x00000000000c4d03      0x319 ./Core/Src/stm32f3xx_hal_msp.o
                                      0xbc6a8 (size before relaxing)
 .debug_str     0x00000000000c501c      0x11a ./Core/Src/stm32f3xx_hal_timebase_tim.o
                                      0xbc802 (size before relaxing)
 .debug_str     0x00000000000c5136       0xa5 ./Core/Src/stm32f3xx_it.o
                                      0xbc373 (size before relaxing)
 .debug_str     0x00000000000c51db       0xe9 ./Core/Src/system_stm32f3xx.o
                                      0xbbed6 (size before relaxing)
 .debug_str     0x00000000000c52c4       0x34 ./Core/Startup/startup_stm32f334c8tx.o
                                         0xa1 (size before relaxing)
 .debug_str     0x00000000000c52f8      0x35d ./Drivers/STM32F3xx_HAL_Driver/Src/stm32f3xx_hal.o
                                      0xbc63e (size before relaxing)
 .debug_str     0x00000000000c5655      0x244 ./Drivers/STM32F3xx_HAL_Driver/Src/stm32f3xx_hal_cortex.o
                                      0xbc563 (size before relaxing)
 .debug_str     0x00000000000c5899      0x15b ./Drivers/STM32F3xx_HAL_Driver/Src/stm32f3xx_hal_gpio.o
                                      0xbc0b5 (size before relaxing)
 .debug_str     0x00000000000c59f4      0x29b ./Drivers/STM32F3xx_HAL_Driver/Src/stm32f3xx_hal_rcc.o
                                      0xbc376 (size before relaxing)
 .debug_str     0x00000000000c5c8f       0xbe ./Drivers/STM32F3xx_HAL_Driver/Src/stm32f3xx_hal_rcc_ex.o
                                      0xbc08a (size before relaxing)
 .debug_str     0x00000000000c5d4d      0xea6 ./Drivers/STM32F3xx_HAL_Driver/Src/stm32f3xx_hal_tim.o
                                      0xbd2fd (size before relaxing)
 .debug_str     0x00000000000c6bf3      0x561 ./Drivers/STM32F3xx_HAL_Driver/Src/stm32f3xx_hal_tim_ex.o
                                      0xbcb53 (size before relaxing)
 .debug_str     0x00000000000c7154      0x87c ./Drivers/STM32F3xx_HAL_Driver/Src/stm32f3xx_hal_uart.o
                                      0xbcbf9 (size before relaxing)
 .debug_str     0x00000000000c79d0      0x22a ./Middlewares/Third_Party/FreeRTOS/Source/list.o
                                       0xa7aa (size before relaxing)
 .debug_str     0x00000000000c7bfa     0x1338 ./Middlewares/Third_Party/FreeRTOS/Source/tasks.o
                                       0xca9c (size before relaxing)
 .debug_str     0x00000000000c8f32      0x783 ./Middlewares/Third_Party/FreeRTOS/Source/portable/GCC/ARM_CM4F/port.o
                                       0x831f (size before relaxing)
 .debug_str     0x00000000000c96b5      0x243 ./Middlewares/Third_Party/FreeRTOS/Source/portable/MemMang/heap_4.o
                                       0xaef7 (size before relaxing)

.debug_frame    0x0000000000000000     0x3c78
 .debug_frame   0x0000000000000000       0x38 ./Core/Src/freertos.o
 .debug_frame   0x0000000000000038      0x134 ./Core/Src/main.o
 .debug_frame   0x000000000000016c       0x7c ./Core/Src/stm32f3xx_hal_msp.o
 .debug_frame   0x00000000000001e8       0x74 ./Core/Src/stm32f3xx_hal_timebase_tim.o
 .debug_frame   0x000000000000025c       0xc4 ./Core/Src/stm32f3xx_it.o
 .debug_frame   0x0000000000000320       0x58 ./Core/Src/system_stm32f3xx.o
 .debug_frame   0x0000000000000378      0x334 ./Drivers/STM32F3xx_HAL_Driver/Src/stm32f3xx_hal.o
 .debug_frame   0x00000000000006ac      0x428 ./Drivers/STM32F3xx_HAL_Driver/Src/stm32f3xx_hal_cortex.o
 .debug_frame   0x0000000000000ad4      0x14c ./Drivers/STM32F3xx_HAL_Driver/Src/stm32f3xx_hal_gpio.o
 .debug_frame   0x0000000000000c20      0x214 ./Drivers/STM32F3xx_HAL_Driver/Src/stm32f3xx_hal_rcc.o
 .debug_frame   0x0000000000000e34       0xb0 ./Drivers/STM32F3xx_HAL_Driver/Src/stm32f3xx_hal_rcc_ex.o
 .debug_frame   0x0000000000000ee4     0x121c ./Drivers/STM32F3xx_HAL_Driver/Src/stm32f3xx_hal_tim.o
 .debug_frame   0x0000000000002100      0x688 ./Drivers/STM32F3xx_HAL_Driver/Src/stm32f3xx_hal_tim_ex.o
 .debug_frame   0x0000000000002788      0x9e8 ./Drivers/STM32F3xx_HAL_Driver/Src/stm32f3xx_hal_uart.o
 .debug_frame   0x0000000000003170       0xd8 ./Middlewares/Third_Party/FreeRTOS/Source/list.o
 .debug_frame   0x0000000000003248      0x734 ./Middlewares/Third_Party/FreeRTOS/Source/tasks.o
 .debug_frame   0x000000000000397c      0x1a8 ./Middlewares/Third_Party/FreeRTOS/Source/portable/GCC/ARM_CM4F/port.o
 .debug_frame   0x0000000000003b24      0x108 ./Middlewares/Third_Party/FreeRTOS/Source/portable/MemMang/heap_4.o
 .debug_frame   0x0000000000003c2c       0x20 /opt/st/stm32cubeide_1.13.1/plugins/com.st.stm32cube.ide.mcu.externaltools.gnu-tools-for-stm32.11.3.rel1.linux64_1.1.0.202305231506/tools/bin/../lib/gcc/arm-none-eabi/11.3.1/../../../../arm-none-eabi/lib/thumb/v7e-m+fp/hard/libc_nano.a(libc_a-memset.o)
 .debug_frame   0x0000000000003c4c       0x2c /opt/st/stm32cubeide_1.13.1/plugins/com.st.stm32cube.ide.mcu.externaltools.gnu-tools-for-stm32.11.3.rel1.linux64_1.1.0.202305231506/tools/bin/../lib/gcc/arm-none-eabi/11.3.1/../../../../arm-none-eabi/lib/thumb/v7e-m+fp/hard/libc_nano.a(libc_a-init.o)

.debug_line_str
                0x0000000000000000       0x95
 .debug_line_str
                0x0000000000000000       0x95 ./Core/Startup/startup_stm32f334c8tx.o
                                         0xad (size before relaxing)
