Archive member included to satisfy reference by file (symbol)

/opt/st/stm32cubeide_1.13.1/plugins/com.st.stm32cube.ide.mcu.externaltools.gnu-tools-for-stm32.11.3.rel1.linux64_1.1.0.202305231506/tools/bin/../lib/gcc/arm-none-eabi/11.3.1/../../../../arm-none-eabi/lib/thumb/v7e-m+fp/hard/libc_nano.a(libc_a-exit.o)
                              /opt/st/stm32cubeide_1.13.1/plugins/com.st.stm32cube.ide.mcu.externaltools.gnu-tools-for-stm32.11.3.rel1.linux64_1.1.0.202305231506/tools/bin/../lib/gcc/arm-none-eabi/11.3.1/../../../../arm-none-eabi/lib/thumb/v7e-m+fp/hard/crt0.o (exit)
/opt/st/stm32cubeide_1.13.1/plugins/com.st.stm32cube.ide.mcu.externaltools.gnu-tools-for-stm32.11.3.rel1.linux64_1.1.0.202305231506/tools/bin/../lib/gcc/arm-none-eabi/11.3.1/../../../../arm-none-eabi/lib/thumb/v7e-m+fp/hard/libc_nano.a(libc_a-findfp.o)
                              ./Middlewares/Third_Party/FreeRTOS/Source/tasks.o (__sf)
/opt/st/stm32cubeide_1.13.1/plugins/com.st.stm32cube.ide.mcu.externaltools.gnu-tools-for-stm32.11.3.rel1.linux64_1.1.0.202305231506/tools/bin/../lib/gcc/arm-none-eabi/11.3.1/../../../../arm-none-eabi/lib/thumb/v7e-m+fp/hard/libc_nano.a(libc_a-fwalk.o)
                              /opt/st/stm32cubeide_1.13.1/plugins/com.st.stm32cube.ide.mcu.externaltools.gnu-tools-for-stm32.11.3.rel1.linux64_1.1.0.202305231506/tools/bin/../lib/gcc/arm-none-eabi/11.3.1/../../../../arm-none-eabi/lib/thumb/v7e-m+fp/hard/libc_nano.a(libc_a-findfp.o) (_fwalk_sglue)
/opt/st/stm32cubeide_1.13.1/plugins/com.st.stm32cube.ide.mcu.externaltools.gnu-tools-for-stm32.11.3.rel1.linux64_1.1.0.202305231506/tools/bin/../lib/gcc/arm-none-eabi/11.3.1/../../../../arm-none-eabi/lib/thumb/v7e-m+fp/hard/libc_nano.a(libc_a-stdio.o)
                              /opt/st/stm32cubeide_1.13.1/plugins/com.st.stm32cube.ide.mcu.externaltools.gnu-tools-for-stm32.11.3.rel1.linux64_1.1.0.202305231506/tools/bin/../lib/gcc/arm-none-eabi/11.3.1/../../../../arm-none-eabi/lib/thumb/v7e-m+fp/hard/libc_nano.a(libc_a-findfp.o) (__sread)
/opt/st/stm32cubeide_1.13.1/plugins/com.st.stm32cube.ide.mcu.externaltools.gnu-tools-for-stm32.11.3.rel1.linux64_1.1.0.202305231506/tools/bin/../lib/gcc/arm-none-eabi/11.3.1/../../../../arm-none-eabi/lib/thumb/v7e-m+fp/hard/libc_nano.a(libc_a-memset.o)
                              /opt/st/stm32cubeide_1.13.1/plugins/com.st.stm32cube.ide.mcu.externaltools.gnu-tools-for-stm32.11.3.rel1.linux64_1.1.0.202305231506/tools/bin/../lib/gcc/arm-none-eabi/11.3.1/../../../../arm-none-eabi/lib/thumb/v7e-m+fp/hard/crt0.o (memset)
/opt/st/stm32cubeide_1.13.1/plugins/com.st.stm32cube.ide.mcu.externaltools.gnu-tools-for-stm32.11.3.rel1.linux64_1.1.0.202305231506/tools/bin/../lib/gcc/arm-none-eabi/11.3.1/../../../../arm-none-eabi/lib/thumb/v7e-m+fp/hard/libc_nano.a(libc_a-closer.o)
                              /opt/st/stm32cubeide_1.13.1/plugins/com.st.stm32cube.ide.mcu.externaltools.gnu-tools-for-stm32.11.3.rel1.linux64_1.1.0.202305231506/tools/bin/../lib/gcc/arm-none-eabi/11.3.1/../../../../arm-none-eabi/lib/thumb/v7e-m+fp/hard/libc_nano.a(libc_a-stdio.o) (_close_r)
/opt/st/stm32cubeide_1.13.1/plugins/com.st.stm32cube.ide.mcu.externaltools.gnu-tools-for-stm32.11.3.rel1.linux64_1.1.0.202305231506/tools/bin/../lib/gcc/arm-none-eabi/11.3.1/../../../../arm-none-eabi/lib/thumb/v7e-m+fp/hard/libc_nano.a(libc_a-reent.o)
                              ./Middlewares/Third_Party/FreeRTOS/Source/tasks.o (_reclaim_reent)
/opt/st/stm32cubeide_1.13.1/plugins/com.st.stm32cube.ide.mcu.externaltools.gnu-tools-for-stm32.11.3.rel1.linux64_1.1.0.202305231506/tools/bin/../lib/gcc/arm-none-eabi/11.3.1/../../../../arm-none-eabi/lib/thumb/v7e-m+fp/hard/libc_nano.a(libc_a-impure.o)
                              ./Middlewares/Third_Party/FreeRTOS/Source/tasks.o (_impure_ptr)
/opt/st/stm32cubeide_1.13.1/plugins/com.st.stm32cube.ide.mcu.externaltools.gnu-tools-for-stm32.11.3.rel1.linux64_1.1.0.202305231506/tools/bin/../lib/gcc/arm-none-eabi/11.3.1/../../../../arm-none-eabi/lib/thumb/v7e-m+fp/hard/libc_nano.a(libc_a-lseekr.o)
                              /opt/st/stm32cubeide_1.13.1/plugins/com.st.stm32cube.ide.mcu.externaltools.gnu-tools-for-stm32.11.3.rel1.linux64_1.1.0.202305231506/tools/bin/../lib/gcc/arm-none-eabi/11.3.1/../../../../arm-none-eabi/lib/thumb/v7e-m+fp/hard/libc_nano.a(libc_a-stdio.o) (_lseek_r)
/opt/st/stm32cubeide_1.13.1/plugins/com.st.stm32cube.ide.mcu.externaltools.gnu-tools-for-stm32.11.3.rel1.linux64_1.1.0.202305231506/tools/bin/../lib/gcc/arm-none-eabi/11.3.1/../../../../arm-none-eabi/lib/thumb/v7e-m+fp/hard/libc_nano.a(libc_a-readr.o)
                              /opt/st/stm32cubeide_1.13.1/plugins/com.st.stm32cube.ide.mcu.externaltools.gnu-tools-for-stm32.11.3.rel1.linux64_1.1.0.202305231506/tools/bin/../lib/gcc/arm-none-eabi/11.3.1/../../../../arm-none-eabi/lib/thumb/v7e-m+fp/hard/libc_nano.a(libc_a-stdio.o) (_read_r)
[...]
Memory Configuration

Name             Origin             Length             Attributes
CCMRAM           0x0000000010000000 0x0000000000001000 xrw
RAM              0x0000000020000000 0x0000000000003000 xrw
FLASH            0x0000000008000000 0x0000000000010000 xr
*default*        0x0000000000000000 0xffffffffffffffff

Linker script and memory map

LOAD /opt/st/stm32cubeide_1.13.1/plugins/com.st.stm32cube.ide.mcu.externaltools.gnu-tools-for-stm32.11.3.rel1.linux64_1.1.0.202305231506/tools/bin/../lib/gcc/arm-none-eabi/11.3.1/thumb/v7e-m+fp/hard/crti.o
LOAD /opt/st/stm32cubeide_1.13.1/plugins/com.st.stm32cube.ide.mcu.externaltools.gnu-tools-for-stm32.11.3.rel1.linux64_1.1.0.202305231506/tools/bin/../lib/gcc/arm-none-eabi/11.3.1/thumb/v7e-m+fp/hard/crtbegin.o
LOAD /opt/st/stm32cubeide_1.13.1/plugins/com.st.stm32cube.ide.mcu.externaltools.gnu-tools-for-stm32.11.3.rel1.linux64_1.1.0.202305231506/tools/bin/../lib/gcc/arm-none-eabi/11.3.1/../../../../arm-none-eabi/lib/thumb/v7e-m+fp/hard/crt0.o
LOAD ./Core/Src/freertos.o
LOAD ./Core/Src/main.o
LOAD ./Core/Src/stm32f3xx_hal_msp.o
LOAD ./Core/Src/stm32f3xx_it.o
LOAD ./Core/Src/syscalls.o
LOAD ./Core/Src/sysmem.o
LOAD ./Core/Src/system_stm32f3xx.o
LOAD ./Core/Startup/startup_stm32f334c8tx.o
LOAD ./Drivers/STM32F3xx_HAL_Driver/Src/stm32f3xx_hal.o
LOAD ./Drivers/STM32F3xx_HAL_Driver/Src/stm32f3xx_hal_cortex.o
LOAD ./Drivers/STM32F3xx_HAL_Driver/Src/stm32f3xx_hal_dma.o
LOAD ./Drivers/STM32F3xx_HAL_Driver/Src/stm32f3xx_hal_exti.o
LOAD ./Drivers/STM32F3xx_HAL_Driver/Src/stm32f3xx_hal_flash.o
LOAD ./Drivers/STM32F3xx_HAL_Driver/Src/stm32f3xx_hal_flash_ex.o
LOAD ./Drivers/STM32F3xx_HAL_Driver/Src/stm32f3xx_hal_gpio.o
LOAD ./Drivers/STM32F3xx_HAL_Driver/Src/stm32f3xx_hal_i2c.o
LOAD ./Drivers/STM32F3xx_HAL_Driver/Src/stm32f3xx_hal_i2c_ex.o
LOAD ./Drivers/STM32F3xx_HAL_Driver/Src/stm32f3xx_hal_pwr.o
LOAD ./Drivers/STM32F3xx_HAL_Driver/Src/stm32f3xx_hal_pwr_ex.o
LOAD ./Drivers/STM32F3xx_HAL_Driver/Src/stm32f3xx_hal_rcc.o
LOAD ./Drivers/STM32F3xx_HAL_Driver/Src/stm32f3xx_hal_rcc_ex.o
LOAD ./Drivers/STM32F3xx_HAL_Driver/Src/stm32f3xx_hal_tim.o
LOAD ./Drivers/STM32F3xx_HAL_Driver/Src/stm32f3xx_hal_tim_ex.o
LOAD ./Drivers/STM32F3xx_HAL_Driver/Src/stm32f3xx_hal_uart.o
LOAD ./Drivers/STM32F3xx_HAL_Driver/Src/stm32f3xx_hal_uart_ex.o
LOAD ./Middlewares/Third_Party/FreeRTOS/Source/CMSIS_RTOS/cmsis_os.o
LOAD ./Middlewares/Third_Party/FreeRTOS/Source/croutine.o
LOAD ./Middlewares/Third_Party/FreeRTOS/Source/event_groups.o
LOAD ./Middlewares/Third_Party/FreeRTOS/Source/list.o
LOAD ./Middlewares/Third_Party/FreeRTOS/Source/queue.o
LOAD ./Middlewares/Third_Party/FreeRTOS/Source/stream_buffer.o
LOAD ./Middlewares/Third_Party/FreeRTOS/Source/tasks.o
LOAD ./Middlewares/Third_Party/FreeRTOS/Source/timers.o
LOAD ./Middlewares/Third_Party/FreeRTOS/Source/portable/GCC/ARM_CM4F/port.o
LOAD ./Middlewares/Third_Party/FreeRTOS/Source/portable/MemMang/heap_4.o
START GROUP
LOAD /opt/st/stm32cubeide_1.13.1/plugins/com.st.stm32cube.ide.mcu.externaltools.gnu-tools-for-stm32.11.3.rel1.linux64_1.1.0.202305231506/tools/bin/../lib/gcc/arm-none-eabi/11.3.1/../../../../arm-none-eabi/lib/thumb/v7e-m+fp/hard/libc_nano.a
LOAD /opt/st/stm32cubeide_1.13.1/plugins/com.st.stm32cube.ide.mcu.externaltools.gnu-tools-for-stm32.11.3.rel1.linux64_1.1.0.202305231506/tools/bin/../lib/gcc/arm-none-eabi/11.3.1/../../../../arm-none-eabi/lib/thumb/v7e-m+fp/hard/libm.a
END GROUP
START GROUP
LOAD /opt/st/stm32cubeide_1.13.1/plugins/com.st.stm32cube.ide.mcu.externaltools.gnu-tools-for-stm32.11.3.rel1.linux64_1.1.0.202305231506/tools/bin/../lib/gcc/arm-none-eabi/11.3.1/thumb/v7e-m+fp/hard/libgcc.a
LOAD /opt/st/stm32cubeide_1.13.1/plugins/com.st.stm32cube.ide.mcu.externaltools.gnu-tools-for-stm32.11.3.rel1.linux64_1.1.0.202305231506/tools/bin/../lib/gcc/arm-none-eabi/11.3.1/../../../../arm-none-eabi/lib/thumb/v7e-m+fp/hard/libc_nano.a
END GROUP
START GROUP
LOAD /opt/st/stm32cubeide_1.13.1/plugins/com.st.stm32cube.ide.mcu.externaltools.gnu-tools-for-stm32.11.3.rel1.linux64_1.1.0.202305231506/tools/bin/../lib/gcc/arm-none-eabi/11.3.1/thumb/v7e-m+fp/hard/libgcc.a
LOAD /opt/st/stm32cubeide_1.13.1/plugins/com.st.stm32cube.ide.mcu.externaltools.gnu-tools-for-stm32.11.3.rel1.linux64_1.1.0.202305231506/tools/bin/../lib/gcc/arm-none-eabi/11.3.1/../../../../arm-none-eabi/lib/thumb/v7e-m+fp/hard/libc_nano.a
LOAD /opt/st/stm32cubeide_1.13.1/plugins/com.st.stm32cube.ide.mcu.externaltools.gnu-tools-for-stm32.11.3.rel1.linux64_1.1.0.202305231506/tools/bin/../lib/gcc/arm-none-eabi/11.3.1/../../../../arm-none-eabi/lib/thumb/v7e-m+fp/hard/libnosys.a
END GROUP
START GROUP
LOAD /opt/st/stm32cubeide_1.13.1/plugins/com.st.stm32cube.ide.mcu.externaltools.gnu-tools-for-stm32.11.3.rel1.linux64_1.1.0.202305231506/tools/bin/../lib/gcc/arm-none-eabi/11.3.1/thumb/v7e-m+fp/hard/libgcc.a
LOAD /opt/st/stm32cubeide_1.13.1/plugins/com.st.stm32cube.ide.mcu.externaltools.gnu-tools-for-stm32.11.3.rel1.linux64_1.1.0.202305231506/tools/bin/../lib/gcc/arm-none-eabi/11.3.1/../../../../arm-none-eabi/lib/thumb/v7e-m+fp/hard/libc_nano.a
LOAD /opt/st/stm32cubeide_1.13.1/plugins/com.st.stm32cube.ide.mcu.externaltools.gnu-tools-for-stm32.11.3.rel1.linux64_1.1.0.202305231506/tools/bin/../lib/gcc/arm-none-eabi/11.3.1/../../../../arm-none-eabi/lib/thumb/v7e-m+fp/hard/libnosys.a
END GROUP
LOAD /opt/st/stm32cubeide_1.13.1/plugins/com.st.stm32cube.ide.mcu.externaltools.gnu-tools-for-stm32.11.3.rel1.linux64_1.1.0.202305231506/tools/bin/../lib/gcc/arm-none-eabi/11.3.1/thumb/v7e-m+fp/hard/crtend.o
LOAD /opt/st/stm32cubeide_1.13.1/plugins/com.st.stm32cube.ide.mcu.externaltools.gnu-tools-for-stm32.11.3.rel1.linux64_1.1.0.202305231506/tools/bin/../lib/gcc/arm-none-eabi/11.3.1/thumb/v7e-m+fp/hard/crtn.o
                0x0000000020003000                _estack = (ORIGIN (RAM) + LENGTH (RAM))
                0x0000000000000200                _Min_Heap_Size = 0x200
                0x0000000000000400                _Min_Stack_Size = 0x400

.isr_vector     0x0000000008000000      0x188
                0x0000000008000000                . = ALIGN (0x4)
 *(.isr_vector)
 .isr_vector    0x0000000008000000      0x188 ./Core/Startup/startup_stm32f334c8tx.o
                0x0000000008000000                g_pfnVectors
                0x0000000008000188                . = ALIGN (0x4)

.text           0x0000000008000190     0x412c
                0x0000000008000190                . = ALIGN (0x4)
 *(.text)
 .text          0x0000000008000190       0x40 /opt/st/stm32cubeide_1.13.1/plugins/com.st.stm32cube.ide.mcu.externaltools.gnu-tools-for-stm32.11.3.rel1.linux64_1.1.0.202305231506/tools/bin/../lib/gcc/arm-none-eabi/11.3.1/thumb/v7e-m+fp/hard/crtbegin.o
 *(.text*)
 .text.vApplicationGetIdleTaskMemory
                0x00000000080001d0       0x34 ./Core/Src/freertos.o
                0x00000000080001d0                vApplicationGetIdleTaskMemory
 .text.main     0x0000000008000204       0x8c ./Core/Src/main.o
                0x0000000008000204                main
 .text.SystemClock_Config
                0x0000000008000290       0xb2 ./Core/Src/main.o
                0x0000000008000290                SystemClock_Config
 *fill*         0x0000000008000342        0x2 
 .text.MX_USART1_UART_Init
                0x0000000008000344       0x60 ./Core/Src/main.o
 .text.MX_GPIO_Init
                0x00000000080003a4       0xac ./Core/Src/main.o
 .text.Task1_Handler
                0x0000000008000450       0x28 ./Core/Src/main.o
                0x0000000008000450                Task1_Handler
 .text.Task2_Handler
                0x0000000008000478       0x28 ./Core/Src/main.o
                0x0000000008000478                Task2_Handler
 .text.Task3_Handler
                0x00000000080004a0       0x28 ./Core/Src/main.o
                0x00000000080004a0                Task3_Handler
 .text.Task4_Handler
                0x00000000080004c8       0x28 ./Core/Src/main.o
                0x00000000080004c8                Task4_Handler
 .text.HAL_GPIO_EXTI_Callback
                0x00000000080004f0       0x3c ./Core/Src/main.o
                0x00000000080004f0                HAL_GPIO_EXTI_Callback
 .text.Error_Handler
                0x000000000800052c        0xa ./Core/Src/main.o
                0x000000000800052c                Error_Handler
 *fill*         0x0000000008000536        0x2 
 .text.HAL_MspInit
                0x0000000008000538       0x50 ./Core/Src/stm32f3xx_hal_msp.o
                0x0000000008000538                HAL_MspInit
 .text.HAL_UART_MspInit
                0x0000000008000588       0x88 ./Core/Src/stm32f3xx_hal_msp.o
                0x0000000008000588                HAL_UART_MspInit
 .text.NMI_Handler
                0x0000000008000610        0x6 ./Core/Src/stm32f3xx_it.o
                0x0000000008000610                NMI_Handler
 .text.HardFault_Handler
                0x0000000008000616        0x6 ./Core/Src/stm32f3xx_it.o
                0x0000000008000616                HardFault_Handler
 .text.MemManage_Handler
                0x000000000800061c        0x6 ./Core/Src/stm32f3xx_it.o
                0x000000000800061c                MemManage_Handler
 .text.BusFault_Handler
                0x0000000008000622        0x6 ./Core/Src/stm32f3xx_it.o
                0x0000000008000622                BusFault_Handler
 .text.UsageFault_Handler
                0x0000000008000628        0x6 ./Core/Src/stm32f3xx_it.o
                0x0000000008000628                UsageFault_Handler
 .text.DebugMon_Handler
                0x000000000800062e        0xe ./Core/Src/stm32f3xx_it.o
                0x000000000800062e                DebugMon_Handler
 .text.SysTick_Handler
                0x000000000800063c       0x1a ./Core/Src/stm32f3xx_it.o
                0x000000000800063c                SysTick_Handler
 .text.EXTI0_IRQHandler
                0x0000000008000656        0xe ./Core/Src/stm32f3xx_it.o
                0x0000000008000656                EXTI0_IRQHandler
 .text.SystemInit
                0x0000000008000664       0x24 ./Core/Src/system_stm32f3xx.o
                0x0000000008000664                SystemInit
 .text.Reset_Handler
                0x0000000008000688       0x50 ./Core/Startup/startup_stm32f334c8tx.o
                0x0000000008000688                Reset_Handler
 .text.Default_Handler
                0x00000000080006d8        0x2 ./Core/Startup/startup_stm32f334c8tx.o
                0x00000000080006d8                RTC_Alarm_IRQHandler
                0x00000000080006d8                HRTIM1_Master_IRQHandler
                0x00000000080006d8                TIM1_CC_IRQHandler
                0x00000000080006d8                HRTIM1_FLT_IRQHandler
                0x00000000080006d8                PVD_IRQHandler
                0x00000000080006d8                HRTIM1_TIMD_IRQHandler
                0x00000000080006d8                TAMP_STAMP_IRQHandler
                0x00000000080006d8                EXTI3_IRQHandler
                0x00000000080006d8                FPU_IRQHandler
                0x00000000080006d8                CAN_TX_IRQHandler
                0x00000000080006d8                TIM1_UP_TIM16_IRQHandler
                0x00000000080006d8                ADC1_2_IRQHandler
                0x00000000080006d8                HRTIM1_TIME_IRQHandler
                0x00000000080006d8                SPI1_IRQHandler
                0x00000000080006d8                CAN_SCE_IRQHandler
                0x00000000080006d8                HRTIM1_TIMC_IRQHandler
                0x00000000080006d8                DMA1_Channel4_IRQHandler
                0x00000000080006d8                USART3_IRQHandler
                0x00000000080006d8                DMA1_Channel7_IRQHandler
                0x00000000080006d8                TIM7_DAC2_IRQHandler
                0x00000000080006d8                CAN_RX1_IRQHandler
                0x00000000080006d8                I2C1_EV_IRQHandler
                0x00000000080006d8                DMA1_Channel6_IRQHandler
                0x00000000080006d8                TIM3_IRQHandler
                0x00000000080006d8                RCC_IRQHandler
                0x00000000080006d8                DMA1_Channel1_IRQHandler
                0x00000000080006d8                Default_Handler
                0x00000000080006d8                EXTI15_10_IRQHandler
                0x00000000080006d8                COMP2_IRQHandler
                0x00000000080006d8                HRTIM1_TIMA_IRQHandler
                0x00000000080006d8                TIM6_DAC1_IRQHandler
                0x00000000080006d8                EXTI9_5_IRQHandler
                0x00000000080006d8                RTC_WKUP_IRQHandler
                0x00000000080006d8                DMA1_Channel5_IRQHandler
                0x00000000080006d8                EXTI4_IRQHandler
                0x00000000080006d8                HRTIM1_TIMB_IRQHandler
                0x00000000080006d8                TIM1_TRG_COM_TIM17_IRQHandler
                0x00000000080006d8                DMA1_Channel3_IRQHandler
                0x00000000080006d8                WWDG_IRQHandler
                0x00000000080006d8                TIM2_IRQHandler
                0x00000000080006d8                EXTI1_IRQHandler
                0x00000000080006d8                COMP4_6_IRQHandler
                0x00000000080006d8                USART2_IRQHandler
                0x00000000080006d8                DMA1_Channel2_IRQHandler
                0x00000000080006d8                FLASH_IRQHandler
                0x00000000080006d8                USART1_IRQHandler
                0x00000000080006d8                CAN_RX0_IRQHandler
                0x00000000080006d8                I2C1_ER_IRQHandler
                0x00000000080006d8                EXTI2_TSC_IRQHandler
                0x00000000080006d8                TIM1_BRK_TIM15_IRQHandler
 *fill*         0x00000000080006da        0x2 
 .text.HAL_Init
                0x00000000080006dc       0x2c ./Drivers/STM32F3xx_HAL_Driver/Src/stm32f3xx_hal.o
                0x00000000080006dc                HAL_Init
 .text.HAL_InitTick
                0x0000000008000708       0x60 ./Drivers/STM32F3xx_HAL_Driver/Src/stm32f3xx_hal.o
                0x0000000008000708                HAL_InitTick
 .text.HAL_IncTick
                0x0000000008000768       0x28 ./Drivers/STM32F3xx_HAL_Driver/Src/stm32f3xx_hal.o
                0x0000000008000768                HAL_IncTick
 .text.HAL_GetTick
                0x0000000008000790       0x18 ./Drivers/STM32F3xx_HAL_Driver/Src/stm32f3xx_hal.o
                0x0000000008000790                HAL_GetTick
 .text.__NVIC_SetPriorityGrouping
                0x00000000080007a8       0x48 ./Drivers/STM32F3xx_HAL_Driver/Src/stm32f3xx_hal_cortex.o
 .text.__NVIC_GetPriorityGrouping
                0x00000000080007f0       0x1c ./Drivers/STM32F3xx_HAL_Driver/Src/stm32f3xx_hal_cortex.o
 .text.__NVIC_EnableIRQ
                0x000000000800080c       0x3c ./Drivers/STM32F3xx_HAL_Driver/Src/stm32f3xx_hal_cortex.o
 .text.__NVIC_SetPriority
                0x0000000008000848       0x54 ./Drivers/STM32F3xx_HAL_Driver/Src/stm32f3xx_hal_cortex.o
 .text.NVIC_EncodePriority
                0x000000000800089c       0x66 ./Drivers/STM32F3xx_HAL_Driver/Src/stm32f3xx_hal_cortex.o
 *fill*         0x0000000008000902        0x2 
 .text.SysTick_Config
                0x0000000008000904       0x44 ./Drivers/STM32F3xx_HAL_Driver/Src/stm32f3xx_hal_cortex.o
 .text.HAL_NVIC_SetPriorityGrouping
                0x0000000008000948       0x16 ./Drivers/STM32F3xx_HAL_Driver/Src/stm32f3xx_hal_cortex.o
                0x0000000008000948                HAL_NVIC_SetPriorityGrouping
 .text.HAL_NVIC_SetPriority
                0x000000000800095e       0x38 ./Drivers/STM32F3xx_HAL_Driver/Src/stm32f3xx_hal_cortex.o
                0x000000000800095e                HAL_NVIC_SetPriority
 .text.HAL_NVIC_EnableIRQ
                0x0000000008000996       0x1c ./Drivers/STM32F3xx_HAL_Driver/Src/stm32f3xx_hal_cortex.o
                0x0000000008000996                HAL_NVIC_EnableIRQ
 .text.HAL_SYSTICK_Config
                0x00000000080009b2       0x18 ./Drivers/STM32F3xx_HAL_Driver/Src/stm32f3xx_hal_cortex.o
                0x00000000080009b2                HAL_SYSTICK_Config
 *fill*         0x00000000080009ca        0x2 
 .text.HAL_GPIO_Init
                0x00000000080009cc      0x2e4 ./Drivers/STM32F3xx_HAL_Driver/Src/stm32f3xx_hal_gpio.o
                0x00000000080009cc                HAL_GPIO_Init
 .text.HAL_GPIO_WritePin
                0x0000000008000cb0       0x30 ./Drivers/STM32F3xx_HAL_Driver/Src/stm32f3xx_hal_gpio.o
                0x0000000008000cb0                HAL_GPIO_WritePin
 .text.HAL_GPIO_TogglePin
                0x0000000008000ce0       0x34 ./Drivers/STM32F3xx_HAL_Driver/Src/stm32f3xx_hal_gpio.o
                0x0000000008000ce0                HAL_GPIO_TogglePin
 .text.HAL_GPIO_EXTI_IRQHandler
                0x0000000008000d14       0x30 ./Drivers/STM32F3xx_HAL_Driver/Src/stm32f3xx_hal_gpio.o
                0x0000000008000d14                HAL_GPIO_EXTI_IRQHandler
 .text.HAL_RCC_OscConfig
                0x0000000008000d44     0x107c ./Drivers/STM32F3xx_HAL_Driver/Src/stm32f3xx_hal_rcc.o
                0x0000000008000d44                HAL_RCC_OscConfig
 .text.HAL_RCC_ClockConfig
                0x0000000008001dc0      0x2f8 ./Drivers/STM32F3xx_HAL_Driver/Src/stm32f3xx_hal_rcc.o
                0x0000000008001dc0                HAL_RCC_ClockConfig
 .text.HAL_RCC_GetSysClockFreq
                0x00000000080020b8       0xd4 ./Drivers/STM32F3xx_HAL_Driver/Src/stm32f3xx_hal_rcc.o
                0x00000000080020b8                HAL_RCC_GetSysClockFreq
 .text.HAL_RCC_GetHCLKFreq
                0x000000000800218c       0x18 ./Drivers/STM32F3xx_HAL_Driver/Src/stm32f3xx_hal_rcc.o
                0x000000000800218c                HAL_RCC_GetHCLKFreq
 .text.HAL_RCC_GetPCLK1Freq
                0x00000000080021a4       0x44 ./Drivers/STM32F3xx_HAL_Driver/Src/stm32f3xx_hal_rcc.o
                0x00000000080021a4                HAL_RCC_GetPCLK1Freq
 .text.HAL_RCC_GetPCLK2Freq
                0x00000000080021e8       0x44 ./Drivers/STM32F3xx_HAL_Driver/Src/stm32f3xx_hal_rcc.o
                0x00000000080021e8                HAL_RCC_GetPCLK2Freq
 .text.HAL_RCCEx_PeriphCLKConfig
                0x000000000800222c      0x26c ./Drivers/STM32F3xx_HAL_Driver/Src/stm32f3xx_hal_rcc_ex.o
                0x000000000800222c                HAL_RCCEx_PeriphCLKConfig
 .text.HAL_UART_Init
                0x0000000008002498       0x9c ./Drivers/STM32F3xx_HAL_Driver/Src/stm32f3xx_hal_uart.o
                0x0000000008002498                HAL_UART_Init
 .text.HAL_UART_Transmit
                0x0000000008002534      0x114 ./Drivers/STM32F3xx_HAL_Driver/Src/stm32f3xx_hal_uart.o
                0x0000000008002534                HAL_UART_Transmit
 .text.UART_SetConfig
                0x0000000008002648      0x26c ./Drivers/STM32F3xx_HAL_Driver/Src/stm32f3xx_hal_uart.o
                0x0000000008002648                UART_SetConfig
 .text.UART_AdvFeatureConfig
                0x00000000080028b4      0x144 ./Drivers/STM32F3xx_HAL_Driver/Src/stm32f3xx_hal_uart.o
                0x00000000080028b4                UART_AdvFeatureConfig
 .text.UART_CheckIdleState
                0x00000000080029f8      0x150 ./Drivers/STM32F3xx_HAL_Driver/Src/stm32f3xx_hal_uart.o
                0x00000000080029f8                UART_CheckIdleState
 .text.UART_WaitOnFlagUntilTimeout
                0x0000000008002b48       0xce ./Drivers/STM32F3xx_HAL_Driver/Src/stm32f3xx_hal_uart.o
                0x0000000008002b48                UART_WaitOnFlagUntilTimeout
 .text.UART_EndRxTransfer
                0x0000000008002c16       0xc8 ./Drivers/STM32F3xx_HAL_Driver/Src/stm32f3xx_hal_uart.o
 .text.vListInitialise
                0x0000000008002cde       0x40 ./Middlewares/Third_Party/FreeRTOS/Source/list.o
                0x0000000008002cde                vListInitialise
 .text.vListInitialiseItem
                0x0000000008002d1e       0x1a ./Middlewares/Third_Party/FreeRTOS/Source/list.o
                0x0000000008002d1e                vListInitialiseItem
 .text.vListInsertEnd
                0x0000000008002d38       0x48 ./Middlewares/Third_Party/FreeRTOS/Source/list.o
                0x0000000008002d38                vListInsertEnd
 .text.vListInsert
                0x0000000008002d80       0x72 ./Middlewares/Third_Party/FreeRTOS/Source/list.o
                0x0000000008002d80                vListInsert
 .text.uxListRemove
                0x0000000008002df2       0x54 ./Middlewares/Third_Party/FreeRTOS/Source/list.o
                0x0000000008002df2                uxListRemove
 .text.xTaskCreateStatic
                0x0000000008002e46       0xb8 ./Middlewares/Third_Party/FreeRTOS/Source/tasks.o
                0x0000000008002e46                xTaskCreateStatic
 .text.xTaskCreate
                0x0000000008002efe       0x8a ./Middlewares/Third_Party/FreeRTOS/Source/tasks.o
                0x0000000008002efe                xTaskCreate
 .text.prvInitialiseNewTask
                0x0000000008002f88      0x12c ./Middlewares/Third_Party/FreeRTOS/Source/tasks.o
 .text.prvAddNewTaskToReadyList
                0x00000000080030b4       0xd4 ./Middlewares/Third_Party/FreeRTOS/Source/tasks.o
 .text.vTaskDelay
                0x0000000008003188       0x68 ./Middlewares/Third_Party/FreeRTOS/Source/tasks.o
                0x0000000008003188                vTaskDelay
 .text.vTaskStartScheduler
                0x00000000080031f0       0xd4 ./Middlewares/Third_Party/FreeRTOS/Source/tasks.o
                0x00000000080031f0                vTaskStartScheduler
 .text.vTaskSuspendAll
                0x00000000080032c4       0x1c ./Middlewares/Third_Party/FreeRTOS/Source/tasks.o
                0x00000000080032c4                vTaskSuspendAll
 .text.xTaskResumeAll
                0x00000000080032e0      0x138 ./Middlewares/Third_Party/FreeRTOS/Source/tasks.o
                0x00000000080032e0                xTaskResumeAll
 .text.xTaskIncrementTick
                0x0000000008003418      0x17c ./Middlewares/Third_Party/FreeRTOS/Source/tasks.o
                0x0000000008003418                xTaskIncrementTick
 .text.vTaskSwitchContext
                0x0000000008003594       0xc4 ./Middlewares/Third_Party/FreeRTOS/Source/tasks.o
                0x0000000008003594                vTaskSwitchContext
 .text.prvIdleTask
                0x0000000008003658       0x30 ./Middlewares/Third_Party/FreeRTOS/Source/tasks.o
 .text.prvInitialiseTaskLists
                0x0000000008003688       0x80 ./Middlewares/Third_Party/FreeRTOS/Source/tasks.o
 .text.prvCheckTasksWaitingTermination
                0x0000000008003708       0x5c ./Middlewares/Third_Party/FreeRTOS/Source/tasks.o
 .text.prvDeleteTCB
                0x0000000008003764       0x68 ./Middlewares/Third_Party/FreeRTOS/Source/tasks.o
 .text.prvResetNextTaskUnblockTime
                0x00000000080037cc       0x4c ./Middlewares/Third_Party/FreeRTOS/Source/tasks.o
 .text.xTaskGetSchedulerState
                0x0000000008003818       0x3c ./Middlewares/Third_Party/FreeRTOS/Source/tasks.o
                0x0000000008003818                xTaskGetSchedulerState
 .text.prvAddCurrentTaskToDelayedList
                0x0000000008003854       0xcc ./Middlewares/Third_Party/FreeRTOS/Source/tasks.o
 .text.pxPortInitialiseStack
                0x0000000008003920       0x68 ./Middlewares/Third_Party/FreeRTOS/Source/portable/GCC/ARM_CM4F/port.o
                0x0000000008003920                pxPortInitialiseStack
 .text.prvTaskExitError
                0x0000000008003988       0x58 ./Middlewares/Third_Party/FreeRTOS/Source/portable/GCC/ARM_CM4F/port.o
 .text.SVC_Handler
                0x00000000080039e0       0x28 ./Middlewares/Third_Party/FreeRTOS/Source/portable/GCC/ARM_CM4F/port.o
                0x00000000080039e0                SVC_Handler
 .text.prvPortStartFirstTask
                0x0000000008003a08       0x28 ./Middlewares/Third_Party/FreeRTOS/Source/portable/GCC/ARM_CM4F/port.o
 .text.xPortStartScheduler
                0x0000000008003a30      0x144 ./Middlewares/Third_Party/FreeRTOS/Source/portable/GCC/ARM_CM4F/port.o
                0x0000000008003a30                xPortStartScheduler
 .text.vPortEnterCritical
                0x0000000008003b74       0x60 ./Middlewares/Third_Party/FreeRTOS/Source/portable/GCC/ARM_CM4F/port.o
                0x0000000008003b74                vPortEnterCritical
 .text.vPortExitCritical
                0x0000000008003bd4       0x54 ./Middlewares/Third_Party/FreeRTOS/Source/portable/GCC/ARM_CM4F/port.o
                0x0000000008003bd4                vPortExitCritical
 *fill*         0x0000000008003c28        0x8 
 .text.PendSV_Handler
                0x0000000008003c30       0x68 ./Middlewares/Third_Party/FreeRTOS/Source/portable/GCC/ARM_CM4F/port.o
                0x0000000008003c30                PendSV_Handler
 .text.xPortSysTickHandler
                0x0000000008003c98       0x44 ./Middlewares/Third_Party/FreeRTOS/Source/portable/GCC/ARM_CM4F/port.o
                0x0000000008003c98                xPortSysTickHandler
 .text.vPortSetupTimerInterrupt
                0x0000000008003cdc       0x48 ./Middlewares/Third_Party/FreeRTOS/Source/portable/GCC/ARM_CM4F/port.o
                0x0000000008003cdc                vPortSetupTimerInterrupt
 .text.vPortEnableVFP
                0x0000000008003d24       0x14 ./Middlewares/Third_Party/FreeRTOS/Source/portable/GCC/ARM_CM4F/port.o
 .text.pvPortMalloc
                0x0000000008003d38      0x188 ./Middlewares/Third_Party/FreeRTOS/Source/portable/MemMang/heap_4.o
                0x0000000008003d38                pvPortMalloc
 .text.vPortFree
                0x0000000008003ec0       0xb4 ./Middlewares/Third_Party/FreeRTOS/Source/portable/MemMang/heap_4.o
                0x0000000008003ec0                vPortFree
 .text.prvHeapInit
                0x0000000008003f74       0xc4 ./Middlewares/Third_Party/FreeRTOS/Source/portable/MemMang/heap_4.o
 .text.prvInsertBlockIntoFreeList
                0x0000000008004038       0xb4 ./Middlewares/Third_Party/FreeRTOS/Source/portable/MemMang/heap_4.o
 .text.memset   0x00000000080040ec       0x10 /opt/st/stm32cubeide_1.13.1/plugins/com.st.stm32cube.ide.mcu.externaltools.gnu-tools-for-stm32.11.3.rel1.linux64_1.1.0.202305231506/tools/bin/../lib/gcc/arm-none-eabi/11.3.1/../../../../arm-none-eabi/lib/thumb/v7e-m+fp/hard/libc_nano.a(libc_a-memset.o)
                0x00000000080040ec                memset
 .text._reclaim_reent
                0x00000000080040fc       0xac /opt/st/stm32cubeide_1.13.1/plugins/com.st.stm32cube.ide.mcu.externaltools.gnu-tools-for-stm32.11.3.rel1.linux64_1.1.0.202305231506/tools/bin/../lib/gcc/arm-none-eabi/11.3.1/../../../../arm-none-eabi/lib/thumb/v7e-m+fp/hard/libc_nano.a(libc_a-reent.o)
                0x00000000080040fc                _reclaim_reent
 .text.__libc_init_array
                0x00000000080041a8       0x48 /opt/st/stm32cubeide_1.13.1/plugins/com.st.stm32cube.ide.mcu.externaltools.gnu-tools-for-stm32.11.3.rel1.linux64_1.1.0.202305231506/tools/bin/../lib/gcc/arm-none-eabi/11.3.1/../../../../arm-none-eabi/lib/thumb/v7e-m+fp/hard/libc_nano.a(libc_a-init.o)
                0x00000000080041a8                __libc_init_array
 .text.__retarget_lock_acquire_recursive
                0x00000000080041f0        0x2 /opt/st/stm32cubeide_1.13.1/plugins/com.st.stm32cube.ide.mcu.externaltools.gnu-tools-for-stm32.11.3.rel1.linux64_1.1.0.202305231506/tools/bin/../lib/gcc/arm-none-eabi/11.3.1/../../../../arm-none-eabi/lib/thumb/v7e-m+fp/hard/libc_nano.a(libc_a-lock.o)
                0x00000000080041f0                __retarget_lock_acquire_recursive
 .text.__retarget_lock_release_recursive
                0x00000000080041f2        0x2 /opt/st/stm32cubeide_1.13.1/plugins/com.st.stm32cube.ide.mcu.externaltools.gnu-tools-for-stm32.11.3.rel1.linux64_1.1.0.202305231506/tools/bin/../lib/gcc/arm-none-eabi/11.3.1/../../../../arm-none-eabi/lib/thumb/v7e-m+fp/hard/libc_nano.a(libc_a-lock.o)
                0x00000000080041f2                __retarget_lock_release_recursive
 .text._free_r  0x00000000080041f4       0x98 /opt/st/stm32cubeide_1.13.1/plugins/com.st.stm32cube.ide.mcu.externaltools.gnu-tools-for-stm32.11.3.rel1.linux64_1.1.0.202305231506/tools/bin/../lib/gcc/arm-none-eabi/11.3.1/../../../../arm-none-eabi/lib/thumb/v7e-m+fp/hard/libc_nano.a(libc_a-freer.o)
                0x00000000080041f4                _free_r
 .text.__malloc_lock
                0x000000000800428c        0xc /opt/st/stm32cubeide_1.13.1/plugins/com.st.stm32cube.ide.mcu.externaltools.gnu-tools-for-stm32.11.3.rel1.linux64_1.1.0.202305231506/tools/bin/../lib/gcc/arm-none-eabi/11.3.1/../../../../arm-none-eabi/lib/thumb/v7e-m+fp/hard/libc_nano.a(libc_a-mlock.o)
                0x000000000800428c                __malloc_lock
 .text.__malloc_unlock
                0x0000000008004298        0xc /opt/st/stm32cubeide_1.13.1/plugins/com.st.stm32cube.ide.mcu.externaltools.gnu-tools-for-stm32.11.3.rel1.linux64_1.1.0.202305231506/tools/bin/../lib/gcc/arm-none-eabi/11.3.1/../../../../arm-none-eabi/lib/thumb/v7e-m+fp/hard/libc_nano.a(libc_a-mlock.o)
                0x0000000008004298                __malloc_unlock
 *(.glue_7)
 .glue_7        0x00000000080042a4        0x0 linker stubs
 *(.glue_7t)
 .glue_7t       0x00000000080042a4        0x0 linker stubs
 *(.eh_frame)
 .eh_frame      0x00000000080042a4        0x0 /opt/st/stm32cubeide_1.13.1/plugins/com.st.stm32cube.ide.mcu.externaltools.gnu-tools-for-stm32.11.3.rel1.linux64_1.1.0.202305231506/tools/bin/../lib/gcc/arm-none-eabi/11.3.1/thumb/v7e-m+fp/hard/crtbegin.o
 *(.init)
 .init          0x00000000080042a4        0x4 /opt/st/stm32cubeide_1.13.1/plugins/com.st.stm32cube.ide.mcu.externaltools.gnu-tools-for-stm32.11.3.rel1.linux64_1.1.0.202305231506/tools/bin/../lib/gcc/arm-none-eabi/11.3.1/thumb/v7e-m+fp/hard/crti.o
                0x00000000080042a4                _init
 .init          0x00000000080042a8        0x8 /opt/st/stm32cubeide_1.13.1/plugins/com.st.stm32cube.ide.mcu.externaltools.gnu-tools-for-stm32.11.3.rel1.linux64_1.1.0.202305231506/tools/bin/../lib/gcc/arm-none-eabi/11.3.1/thumb/v7e-m+fp/hard/crtn.o
 *(.fini)
 .fini          0x00000000080042b0        0x4 /opt/st/stm32cubeide_1.13.1/plugins/com.st.stm32cube.ide.mcu.externaltools.gnu-tools-for-stm32.11.3.rel1.linux64_1.1.0.202305231506/tools/bin/../lib/gcc/arm-none-eabi/11.3.1/thumb/v7e-m+fp/hard/crti.o
                0x00000000080042b0                _fini
 .fini          0x00000000080042b4        0x8 /opt/st/stm32cubeide_1.13.1/plugins/com.st.stm32cube.ide.mcu.externaltools.gnu-tools-for-stm32.11.3.rel1.linux64_1.1.0.202305231506/tools/bin/../lib/gcc/arm-none-eabi/11.3.1/thumb/v7e-m+fp/hard/crtn.o
                0x00000000080042bc                . = ALIGN (0x4)
                0x00000000080042bc                _etext = .

.vfp11_veneer   0x00000000080042bc        0x0
 .vfp11_veneer  0x00000000080042bc        0x0 linker stubs

.v4_bx          0x00000000080042bc        0x0
 .v4_bx         0x00000000080042bc        0x0 linker stubs

.iplt           0x00000000080042bc        0x0
 .iplt          0x00000000080042bc        0x0 /opt/st/stm32cubeide_1.13.1/plugins/com.st.stm32cube.ide.mcu.externaltools.gnu-tools-for-stm32.11.3.rel1.linux64_1.1.0.202305231506/tools/bin/../lib/gcc/arm-none-eabi/11.3.1/thumb/v7e-m+fp/hard/crtbegin.o

.rodata         0x00000000080042bc       0xc4
                0x00000000080042bc                . = ALIGN (0x4)
 *(.rodata)
 .rodata        0x00000000080042bc       0x81 ./Core/Src/main.o
 *fill*         0x000000000800433d        0x3 
 .rodata        0x0000000008004340        0x5 ./Middlewares/Third_Party/FreeRTOS/Source/tasks.o
 *(.rodata*)
 *fill*         0x0000000008004345        0x3 
 .rodata.AHBPrescTable
                0x0000000008004348       0x10 ./Core/Src/system_stm32f3xx.o
                0x0000000008004348                AHBPrescTable
 .rodata.APBPrescTable
                0x0000000008004358        0x8 ./Core/Src/system_stm32f3xx.o
                0x0000000008004358                APBPrescTable
 .rodata.aPLLMULFactorTable
                0x0000000008004360       0x10 ./Drivers/STM32F3xx_HAL_Driver/Src/stm32f3xx_hal_rcc.o
 .rodata.aPredivFactorTable
                0x0000000008004370       0x10 ./Drivers/STM32F3xx_HAL_Driver/Src/stm32f3xx_hal_rcc.o
                0x0000000008004380                . = ALIGN (0x4)

.rel.dyn        0x0000000008004380        0x0
 .rel.iplt      0x0000000008004380        0x0 /opt/st/stm32cubeide_1.13.1/plugins/com.st.stm32cube.ide.mcu.externaltools.gnu-tools-for-stm32.11.3.rel1.linux64_1.1.0.202305231506/tools/bin/../lib/gcc/arm-none-eabi/11.3.1/thumb/v7e-m+fp/hard/crtbegin.o

.ARM.extab      0x0000000008004380        0x0
                0x0000000008004380                . = ALIGN (0x4)
 *(.ARM.extab* .gnu.linkonce.armextab.*)
                0x0000000008004380                . = ALIGN (0x4)

.ARM            0x0000000008004380        0x0
                0x0000000008004380                . = ALIGN (0x4)
                0x0000000008004380                __exidx_start = .
 *(.ARM.exidx*)
                0x0000000008004380                __exidx_end = .
                0x0000000008004380                . = ALIGN (0x4)

.preinit_array  0x0000000008004380        0x0
                0x0000000008004380                . = ALIGN (0x4)
                0x0000000008004380                PROVIDE (__preinit_array_start = .)
 *(.preinit_array*)
                0x0000000008004380                PROVIDE (__preinit_array_end = .)
                0x0000000008004380                . = ALIGN (0x4)

.init_array     0x0000000008004380        0x4
                0x0000000008004380                . = ALIGN (0x4)
                0x0000000008004380                PROVIDE (__init_array_start = .)
 *(SORT_BY_NAME(.init_array.*))
 *(.init_array*)
 .init_array    0x0000000008004380        0x4 /opt/st/stm32cubeide_1.13.1/plugins/com.st.stm32cube.ide.mcu.externaltools.gnu-tools-for-stm32.11.3.rel1.linux64_1.1.0.202305231506/tools/bin/../lib/gcc/arm-none-eabi/11.3.1/thumb/v7e-m+fp/hard/crtbegin.o
                0x0000000008004384                PROVIDE (__init_array_end = .)
                0x0000000008004384                . = ALIGN (0x4)

.fini_array     0x0000000008004384        0x4
                0x0000000008004384                . = ALIGN (0x4)
                [!provide]                        PROVIDE (__fini_array_start = .)
 *(SORT_BY_NAME(.fini_array.*))
 *(.fini_array*)
 .fini_array    0x0000000008004384        0x4 /opt/st/stm32cubeide_1.13.1/plugins/com.st.stm32cube.ide.mcu.externaltools.gnu-tools-for-stm32.11.3.rel1.linux64_1.1.0.202305231506/tools/bin/../lib/gcc/arm-none-eabi/11.3.1/thumb/v7e-m+fp/hard/crtbegin.o
                [!provide]                        PROVIDE (__fini_array_end = .)
                0x0000000008004388                . = ALIGN (0x4)
                0x0000000008004388                _sidata = LOADADDR (.data)

.data           0x0000000020000000       0x60 load address 0x0000000008004388
                0x0000000020000000                . = ALIGN (0x4)
                0x0000000020000000                _sdata = .
 *(.data)
 *(.data*)
 .data.SystemCoreClock
                0x0000000020000000        0x4 ./Core/Src/system_stm32f3xx.o
                0x0000000020000000                SystemCoreClock
 .data.uwTickPrio
                0x0000000020000004        0x4 ./Drivers/STM32F3xx_HAL_Driver/Src/stm32f3xx_hal.o
                0x0000000020000004                uwTickPrio
 .data.uwTickFreq
                0x0000000020000008        0x1 ./Drivers/STM32F3xx_HAL_Driver/Src/stm32f3xx_hal.o
                0x0000000020000008                uwTickFreq
 *fill*         0x0000000020000009        0x3 
 .data.uxCriticalNesting
                0x000000002000000c        0x4 ./Middlewares/Third_Party/FreeRTOS/Source/portable/GCC/ARM_CM4F/port.o
 .data._impure_data
                0x0000000020000010       0x4c /opt/st/stm32cubeide_1.13.1/plugins/com.st.stm32cube.ide.mcu.externaltools.gnu-tools-for-stm32.11.3.rel1.linux64_1.1.0.202305231506/tools/bin/../lib/gcc/arm-none-eabi/11.3.1/../../../../arm-none-eabi/lib/thumb/v7e-m+fp/hard/libc_nano.a(libc_a-impure.o)
                0x0000000020000010                _impure_data
 .data._impure_ptr
                0x000000002000005c        0x4 /opt/st/stm32cubeide_1.13.1/plugins/com.st.stm32cube.ide.mcu.externaltools.gnu-tools-for-stm32.11.3.rel1.linux64_1.1.0.202305231506/tools/bin/../lib/gcc/arm-none-eabi/11.3.1/../../../../arm-none-eabi/lib/thumb/v7e-m+fp/hard/libc_nano.a(libc_a-impure.o)
                0x000000002000005c                _impure_ptr
 *(.RamFunc)
 *(.RamFunc*)
                0x0000000020000060                . = ALIGN (0x4)
                0x0000000020000060                _edata = .
                0x00000000080043e8                _siccmram = LOADADDR (.ccmram)

.igot.plt       0x0000000020000060        0x0 load address 0x00000000080043e8
 .igot.plt      0x0000000020000060        0x0 /opt/st/stm32cubeide_1.13.1/plugins/com.st.stm32cube.ide.mcu.externaltools.gnu-tools-for-stm32.11.3.rel1.linux64_1.1.0.202305231506/tools/bin/../lib/gcc/arm-none-eabi/11.3.1/thumb/v7e-m+fp/hard/crtbegin.o

.ccmram         0x0000000010000000        0x0 load address 0x00000000080043e8
                0x0000000010000000                . = ALIGN (0x4)
                0x0000000010000000                _sccmram = .
 *(.ccmram)
 *(.ccmram*)
                0x0000000010000000                . = ALIGN (0x4)
                0x0000000010000000                _eccmram = .
                0x0000000010000000                . = ALIGN (0x4)

.bss            0x0000000020000060     0x11d4
                0x0000000020000060                _sbss = .
                0x0000000020000060                __bss_start__ = _sbss
 *(.bss)
 .bss           0x0000000020000060       0x1c /opt/st/stm32cubeide_1.13.1/plugins/com.st.stm32cube.ide.mcu.externaltools.gnu-tools-for-stm32.11.3.rel1.linux64_1.1.0.202305231506/tools/bin/../lib/gcc/arm-none-eabi/11.3.1/thumb/v7e-m+fp/hard/crtbegin.o
 *(.bss*)
 .bss.xIdleTaskTCBBuffer
                0x000000002000007c       0xa0 ./Core/Src/freertos.o
 .bss.xIdleStack
                0x000000002000011c      0x200 ./Core/Src/freertos.o
 .bss.huart1    0x000000002000031c       0x88 ./Core/Src/main.o
                0x000000002000031c                huart1
 .bss.uwTick    0x00000000200003a4        0x4 ./Drivers/STM32F3xx_HAL_Driver/Src/stm32f3xx_hal.o
                0x00000000200003a4                uwTick
 .bss.pxCurrentTCB
                0x00000000200003a8        0x4 ./Middlewares/Third_Party/FreeRTOS/Source/tasks.o
                0x00000000200003a8                pxCurrentTCB
 .bss.pxReadyTasksLists
                0x00000000200003ac       0x8c ./Middlewares/Third_Party/FreeRTOS/Source/tasks.o
 .bss.xDelayedTaskList1
                0x0000000020000438       0x14 ./Middlewares/Third_Party/FreeRTOS/Source/tasks.o
 .bss.xDelayedTaskList2
                0x000000002000044c       0x14 ./Middlewares/Third_Party/FreeRTOS/Source/tasks.o
 .bss.pxDelayedTaskList
                0x0000000020000460        0x4 ./Middlewares/Third_Party/FreeRTOS/Source/tasks.o
 .bss.pxOverflowDelayedTaskList
                0x0000000020000464        0x4 ./Middlewares/Third_Party/FreeRTOS/Source/tasks.o
 .bss.xPendingReadyList
                0x0000000020000468       0x14 ./Middlewares/Third_Party/FreeRTOS/Source/tasks.o
 .bss.xTasksWaitingTermination
                0x000000002000047c       0x14 ./Middlewares/Third_Party/FreeRTOS/Source/tasks.o
 .bss.uxDeletedTasksWaitingCleanUp
                0x0000000020000490        0x4 ./Middlewares/Third_Party/FreeRTOS/Source/tasks.o
 .bss.xSuspendedTaskList
                0x0000000020000494       0x14 ./Middlewares/Third_Party/FreeRTOS/Source/tasks.o
 .bss.uxCurrentNumberOfTasks
                0x00000000200004a8        0x4 ./Middlewares/Third_Party/FreeRTOS/Source/tasks.o
 .bss.xTickCount
                0x00000000200004ac        0x4 ./Middlewares/Third_Party/FreeRTOS/Source/tasks.o
 .bss.uxTopReadyPriority
                0x00000000200004b0        0x4 ./Middlewares/Third_Party/FreeRTOS/Source/tasks.o
 .bss.xSchedulerRunning
                0x00000000200004b4        0x4 ./Middlewares/Third_Party/FreeRTOS/Source/tasks.o
 .bss.uxPendedTicks
                0x00000000200004b8        0x4 ./Middlewares/Third_Party/FreeRTOS/Source/tasks.o
 .bss.xYieldPending
                0x00000000200004bc        0x4 ./Middlewares/Third_Party/FreeRTOS/Source/tasks.o
 .bss.xNumOfOverflows
                0x00000000200004c0        0x4 ./Middlewares/Third_Party/FreeRTOS/Source/tasks.o
 .bss.uxTaskNumber
                0x00000000200004c4        0x4 ./Middlewares/Third_Party/FreeRTOS/Source/tasks.o
 .bss.xNextTaskUnblockTime
                0x00000000200004c8        0x4 ./Middlewares/Third_Party/FreeRTOS/Source/tasks.o
 .bss.xIdleTaskHandle
                0x00000000200004cc        0x4 ./Middlewares/Third_Party/FreeRTOS/Source/tasks.o
 .bss.uxSchedulerSuspended
                0x00000000200004d0        0x4 ./Middlewares/Third_Party/FreeRTOS/Source/tasks.o
 .bss.ucMaxSysCallPriority
                0x00000000200004d4        0x1 ./Middlewares/Third_Party/FreeRTOS/Source/portable/GCC/ARM_CM4F/port.o
 *fill*         0x00000000200004d5        0x3 
 .bss.ulMaxPRIGROUPValue
                0x00000000200004d8        0x4 ./Middlewares/Third_Party/FreeRTOS/Source/portable/GCC/ARM_CM4F/port.o
 .bss.ucHeap    0x00000000200004dc      0xc00 ./Middlewares/Third_Party/FreeRTOS/Source/portable/MemMang/heap_4.o
 .bss.xStart    0x00000000200010dc        0x8 ./Middlewares/Third_Party/FreeRTOS/Source/portable/MemMang/heap_4.o
 .bss.pxEnd     0x00000000200010e4        0x4 ./Middlewares/Third_Party/FreeRTOS/Source/portable/MemMang/heap_4.o
 .bss.xFreeBytesRemaining
                0x00000000200010e8        0x4 ./Middlewares/Third_Party/FreeRTOS/Source/portable/MemMang/heap_4.o
 .bss.xMinimumEverFreeBytesRemaining
                0x00000000200010ec        0x4 ./Middlewares/Third_Party/FreeRTOS/Source/portable/MemMang/heap_4.o
 .bss.xBlockAllocatedBit
                0x00000000200010f0        0x4 ./Middlewares/Third_Party/FreeRTOS/Source/portable/MemMang/heap_4.o
 .bss.__sf      0x00000000200010f4      0x138 /opt/st/stm32cubeide_1.13.1/plugins/com.st.stm32cube.ide.mcu.externaltools.gnu-tools-for-stm32.11.3.rel1.linux64_1.1.0.202305231506/tools/bin/../lib/gcc/arm-none-eabi/11.3.1/../../../../arm-none-eabi/lib/thumb/v7e-m+fp/hard/libc_nano.a(libc_a-findfp.o)
                0x00000000200010f4                __sf
 .bss.__lock___malloc_recursive_mutex
                0x000000002000122c        0x1 /opt/st/stm32cubeide_1.13.1/plugins/com.st.stm32cube.ide.mcu.externaltools.gnu-tools-for-stm32.11.3.rel1.linux64_1.1.0.202305231506/tools/bin/../lib/gcc/arm-none-eabi/11.3.1/../../../../arm-none-eabi/lib/thumb/v7e-m+fp/hard/libc_nano.a(libc_a-lock.o)
                0x000000002000122c                __lock___malloc_recursive_mutex
 *fill*         0x000000002000122d        0x3 
 .bss.__malloc_free_list
                0x0000000020001230        0x4 /opt/st/stm32cubeide_1.13.1/plugins/com.st.stm32cube.ide.mcu.externaltools.gnu-tools-for-stm32.11.3.rel1.linux64_1.1.0.202305231506/tools/bin/../lib/gcc/arm-none-eabi/11.3.1/../../../../arm-none-eabi/lib/thumb/v7e-m+fp/hard/libc_nano.a(libc_a-mallocr.o)
                0x0000000020001230                __malloc_free_list
 *(COMMON)
                0x0000000020001234                . = ALIGN (0x4)
                0x0000000020001234                _ebss = .
                0x0000000020001234                __bss_end__ = _ebss

._user_heap_stack
                0x0000000020001234      0x604
                0x0000000020001238                . = ALIGN (0x8)
 *fill*         0x0000000020001234        0x4 
                [!provide]                        PROVIDE (end = .)
                0x0000000020001238                PROVIDE (_end = .)
                0x0000000020001438                . = (. + _Min_Heap_Size)
 *fill*         0x0000000020001238      0x200 
                0x0000000020001838                . = (. + _Min_Stack_Size)
 *fill*         0x0000000020001438      0x400 
                0x0000000020001838                . = ALIGN (0x8)

/DISCARD/
 libc.a(*)
 libm.a(*)
 libgcc.a(*)

.ARM.attributes
                0x0000000000000000       0x30
 *(.ARM.attributes)
 .ARM.attributes
                0x0000000000000000       0x1e /opt/st/stm32cubeide_1.13.1/plugins/com.st.stm32cube.ide.mcu.externaltools.gnu-tools-for-stm32.11.3.rel1.linux64_1.1.0.202305231506/tools/bin/../lib/gcc/arm-none-eabi/11.3.1/thumb/v7e-m+fp/hard/crti.o
 .ARM.attributes
                0x000000000000001e       0x34 /opt/st/stm32cubeide_1.13.1/plugins/com.st.stm32cube.ide.mcu.externaltools.gnu-tools-for-stm32.11.3.rel1.linux64_1.1.0.202305231506/tools/bin/../lib/gcc/arm-none-eabi/11.3.1/thumb/v7e-m+fp/hard/crtbegin.o
 .ARM.attributes
                0x0000000000000052       0x34 ./Core/Src/freertos.o
 .ARM.attributes
                0x0000000000000086       0x34 ./Core/Src/main.o
 .ARM.attributes
                0x00000000000000ba       0x34 ./Core/Src/stm32f3xx_hal_msp.o
 .ARM.attributes
                0x00000000000000ee       0x34 ./Core/Src/stm32f3xx_it.o
 .ARM.attributes
                0x0000000000000122       0x34 ./Core/Src/system_stm32f3xx.o
 .ARM.attributes
                0x0000000000000156       0x21 ./Core/Startup/startup_stm32f334c8tx.o
 .ARM.attributes
                0x0000000000000177       0x34 ./Drivers/STM32F3xx_HAL_Driver/Src/stm32f3xx_hal.o
 .ARM.attributes
                0x00000000000001ab       0x34 ./Drivers/STM32F3xx_HAL_Driver/Src/stm32f3xx_hal_cortex.o
 .ARM.attributes
                0x00000000000001df       0x34 ./Drivers/STM32F3xx_HAL_Driver/Src/stm32f3xx_hal_gpio.o
 .ARM.attributes
                0x0000000000000213       0x34 ./Drivers/STM32F3xx_HAL_Driver/Src/stm32f3xx_hal_rcc.o
 .ARM.attributes
                0x0000000000000247       0x34 ./Drivers/STM32F3xx_HAL_Driver/Src/stm32f3xx_hal_rcc_ex.o
 .ARM.attributes
                0x000000000000027b       0x34 ./Drivers/STM32F3xx_HAL_Driver/Src/stm32f3xx_hal_uart.o
 .ARM.attributes
                0x00000000000002af       0x34 ./Middlewares/Third_Party/FreeRTOS/Source/list.o
 .ARM.attributes
                0x00000000000002e3       0x34 ./Middlewares/Third_Party/FreeRTOS/Source/tasks.o
 .ARM.attributes
                0x0000000000000317       0x34 ./Middlewares/Third_Party/FreeRTOS/Source/portable/GCC/ARM_CM4F/port.o
 .ARM.attributes
                0x000000000000034b       0x34 ./Middlewares/Third_Party/FreeRTOS/Source/portable/MemMang/heap_4.o
 .ARM.attributes
                0x000000000000037f       0x34 /opt/st/stm32cubeide_1.13.1/plugins/com.st.stm32cube.ide.mcu.externaltools.gnu-tools-for-stm32.11.3.rel1.linux64_1.1.0.202305231506/tools/bin/../lib/gcc/arm-none-eabi/11.3.1/../../../../arm-none-eabi/lib/thumb/v7e-m+fp/hard/libc_nano.a(libc_a-findfp.o)
 .ARM.attributes
                0x00000000000003b3       0x34 /opt/st/stm32cubeide_1.13.1/plugins/com.st.stm32cube.ide.mcu.externaltools.gnu-tools-for-stm32.11.3.rel1.linux64_1.1.0.202305231506/tools/bin/../lib/gcc/arm-none-eabi/11.3.1/../../../../arm-none-eabi/lib/thumb/v7e-m+fp/hard/libc_nano.a(libc_a-memset.o)
 .ARM.attributes
                0x00000000000003e7       0x34 /opt/st/stm32cubeide_1.13.1/plugins/com.st.stm32cube.ide.mcu.externaltools.gnu-tools-for-stm32.11.3.rel1.linux64_1.1.0.202305231506/tools/bin/../lib/gcc/arm-none-eabi/11.3.1/../../../../arm-none-eabi/lib/thumb/v7e-m+fp/hard/libc_nano.a(libc_a-reent.o)
 .ARM.attributes
                0x000000000000041b       0x34 /opt/st/stm32cubeide_1.13.1/plugins/com.st.stm32cube.ide.mcu.externaltools.gnu-tools-for-stm32.11.3.rel1.linux64_1.1.0.202305231506/tools/bin/../lib/gcc/arm-none-eabi/11.3.1/../../../../arm-none-eabi/lib/thumb/v7e-m+fp/hard/libc_nano.a(libc_a-impure.o)
 .ARM.attributes
                0x000000000000044f       0x34 /opt/st/stm32cubeide_1.13.1/plugins/com.st.stm32cube.ide.mcu.externaltools.gnu-tools-for-stm32.11.3.rel1.linux64_1.1.0.202305231506/tools/bin/../lib/gcc/arm-none-eabi/11.3.1/../../../../arm-none-eabi/lib/thumb/v7e-m+fp/hard/libc_nano.a(libc_a-init.o)
 .ARM.attributes
                0x0000000000000483       0x34 /opt/st/stm32cubeide_1.13.1/plugins/com.st.stm32cube.ide.mcu.externaltools.gnu-tools-for-stm32.11.3.rel1.linux64_1.1.0.202305231506/tools/bin/../lib/gcc/arm-none-eabi/11.3.1/../../../../arm-none-eabi/lib/thumb/v7e-m+fp/hard/libc_nano.a(libc_a-lock.o)
 .ARM.attributes
                0x00000000000004b7       0x34 /opt/st/stm32cubeide_1.13.1/plugins/com.st.stm32cube.ide.mcu.externaltools.gnu-tools-for-stm32.11.3.rel1.linux64_1.1.0.202305231506/tools/bin/../lib/gcc/arm-none-eabi/11.3.1/../../../../arm-none-eabi/lib/thumb/v7e-m+fp/hard/libc_nano.a(libc_a-freer.o)
 .ARM.attributes
                0x00000000000004eb       0x34 /opt/st/stm32cubeide_1.13.1/plugins/com.st.stm32cube.ide.mcu.externaltools.gnu-tools-for-stm32.11.3.rel1.linux64_1.1.0.202305231506/tools/bin/../lib/gcc/arm-none-eabi/11.3.1/../../../../arm-none-eabi/lib/thumb/v7e-m+fp/hard/libc_nano.a(libc_a-mallocr.o)
 .ARM.attributes
                0x000000000000051f       0x34 /opt/st/stm32cubeide_1.13.1/plugins/com.st.stm32cube.ide.mcu.externaltools.gnu-tools-for-stm32.11.3.rel1.linux64_1.1.0.202305231506/tools/bin/../lib/gcc/arm-none-eabi/11.3.1/../../../../arm-none-eabi/lib/thumb/v7e-m+fp/hard/libc_nano.a(libc_a-mlock.o)
 .ARM.attributes
                0x0000000000000553       0x1e /opt/st/stm32cubeide_1.13.1/plugins/com.st.stm32cube.ide.mcu.externaltools.gnu-tools-for-stm32.11.3.rel1.linux64_1.1.0.202305231506/tools/bin/../lib/gcc/arm-none-eabi/11.3.1/thumb/v7e-m+fp/hard/crtn.o
OUTPUT(02_Pre_Emptive.elf elf32-littlearm)
LOAD linker stubs
LOAD /opt/st/stm32cubeide_1.13.1/plugins/com.st.stm32cube.ide.mcu.externaltools.gnu-tools-for-stm32.11.3.rel1.linux64_1.1.0.202305231506/tools/bin/../lib/gcc/arm-none-eabi/11.3.1/../../../../arm-none-eabi/lib/thumb/v7e-m+fp/hard/libc.a
LOAD /opt/st/stm32cubeide_1.13.1/plugins/com.st.stm32cube.ide.mcu.externaltools.gnu-tools-for-stm32.11.3.rel1.linux64_1.1.0.202305231506/tools/bin/../lib/gcc/arm-none-eabi/11.3.1/../../../../arm-none-eabi/lib/thumb/v7e-m+fp/hard/libm.a
LOAD /opt/st/stm32cubeide_1.13.1/plugins/com.st.stm32cube.ide.mcu.externaltools.gnu-tools-for-stm32.11.3.rel1.linux64_1.1.0.202305231506/tools/bin/../lib/gcc/arm-none-eabi/11.3.1/thumb/v7e-m+fp/hard/libgcc.a

.comment        0x0000000000000000       0x43
 .comment       0x0000000000000000       0x43 /opt/st/stm32cubeide_1.13.1/plugins/com.st.stm32cube.ide.mcu.externaltools.gnu-tools-for-stm32.11.3.rel1.linux64_1.1.0.202305231506/tools/bin/../lib/gcc/arm-none-eabi/11.3.1/thumb/v7e-m+fp/hard/crtbegin.o
                                         0x44 (size before relaxing)
 .comment       0x0000000000000043       0x44 ./Core/Src/freertos.o
 .comment       0x0000000000000043       0x44 ./Core/Src/main.o
 .comment       0x0000000000000043       0x44 ./Core/Src/stm32f3xx_hal_msp.o
 .comment       0x0000000000000043       0x44 ./Core/Src/stm32f3xx_it.o
 .comment       0x0000000000000043       0x44 ./Core/Src/system_stm32f3xx.o
 .comment       0x0000000000000043       0x44 ./Drivers/STM32F3xx_HAL_Driver/Src/stm32f3xx_hal.o
 .comment       0x0000000000000043       0x44 ./Drivers/STM32F3xx_HAL_Driver/Src/stm32f3xx_hal_cortex.o
 .comment       0x0000000000000043       0x44 ./Drivers/STM32F3xx_HAL_Driver/Src/stm32f3xx_hal_gpio.o
 .comment       0x0000000000000043       0x44 ./Drivers/STM32F3xx_HAL_Driver/Src/stm32f3xx_hal_rcc.o
 .comment       0x0000000000000043       0x44 ./Drivers/STM32F3xx_HAL_Driver/Src/stm32f3xx_hal_rcc_ex.o
 .comment       0x0000000000000043       0x44 ./Drivers/STM32F3xx_HAL_Driver/Src/stm32f3xx_hal_uart.o
 .comment       0x0000000000000043       0x44 ./Middlewares/Third_Party/FreeRTOS/Source/list.o
 .comment       0x0000000000000043       0x44 ./Middlewares/Third_Party/FreeRTOS/Source/tasks.o
 .comment       0x0000000000000043       0x44 ./Middlewares/Third_Party/FreeRTOS/Source/portable/GCC/ARM_CM4F/port.o
 .comment       0x0000000000000043       0x44 ./Middlewares/Third_Party/FreeRTOS/Source/portable/MemMang/heap_4.o

.debug_info     0x0000000000000000     0xc321
 .debug_info    0x0000000000000000      0x918 ./Core/Src/freertos.o
 .debug_info    0x0000000000000918      0xf45 ./Core/Src/main.o
 .debug_info    0x000000000000185d      0xa87 ./Core/Src/stm32f3xx_hal_msp.o
 .debug_info    0x00000000000022e4      0x154 ./Core/Src/stm32f3xx_it.o
 .debug_info    0x0000000000002438      0x407 ./Core/Src/system_stm32f3xx.o
 .debug_info    0x000000000000283f       0x23 ./Core/Startup/startup_stm32f334c8tx.o
 .debug_info    0x0000000000002862      0x774 ./Drivers/STM32F3xx_HAL_Driver/Src/stm32f3xx_hal.o
 .debug_info    0x0000000000002fd6      0xab1 ./Drivers/STM32F3xx_HAL_Driver/Src/stm32f3xx_hal_cortex.o
 .debug_info    0x0000000000003a87      0x6a6 ./Drivers/STM32F3xx_HAL_Driver/Src/stm32f3xx_hal_gpio.o
 .debug_info    0x000000000000412d     0x14f1 ./Drivers/STM32F3xx_HAL_Driver/Src/stm32f3xx_hal_rcc.o
 .debug_info    0x000000000000561e      0x55e ./Drivers/STM32F3xx_HAL_Driver/Src/stm32f3xx_hal_rcc_ex.o
 .debug_info    0x0000000000005b7c     0x39a8 ./Drivers/STM32F3xx_HAL_Driver/Src/stm32f3xx_hal_uart.o
 .debug_info    0x0000000000009524      0x2aa ./Middlewares/Third_Party/FreeRTOS/Source/list.o
 .debug_info    0x00000000000097ce     0x22b2 ./Middlewares/Third_Party/FreeRTOS/Source/tasks.o
 .debug_info    0x000000000000ba80      0x4de ./Middlewares/Third_Party/FreeRTOS/Source/portable/GCC/ARM_CM4F/port.o
 .debug_info    0x000000000000bf5e      0x3c3 ./Middlewares/Third_Party/FreeRTOS/Source/portable/MemMang/heap_4.o

.debug_abbrev   0x0000000000000000     0x1f99
 .debug_abbrev  0x0000000000000000      0x16f ./Core/Src/freertos.o
 .debug_abbrev  0x000000000000016f      0x287 ./Core/Src/main.o
 .debug_abbrev  0x00000000000003f6      0x1af ./Core/Src/stm32f3xx_hal_msp.o
 .debug_abbrev  0x00000000000005a5       0xc8 ./Core/Src/stm32f3xx_it.o
 .debug_abbrev  0x000000000000066d      0x11a ./Core/Src/system_stm32f3xx.o
 .debug_abbrev  0x0000000000000787       0x12 ./Core/Startup/startup_stm32f334c8tx.o
 .debug_abbrev  0x0000000000000799      0x215 ./Drivers/STM32F3xx_HAL_Driver/Src/stm32f3xx_hal.o
 .debug_abbrev  0x00000000000009ae      0x2f8 ./Drivers/STM32F3xx_HAL_Driver/Src/stm32f3xx_hal_cortex.o
 .debug_abbrev  0x0000000000000ca6      0x1ca ./Drivers/STM32F3xx_HAL_Driver/Src/stm32f3xx_hal_gpio.o
 .debug_abbrev  0x0000000000000e70      0x300 ./Drivers/STM32F3xx_HAL_Driver/Src/stm32f3xx_hal_rcc.o
 .debug_abbrev  0x0000000000001170      0x232 ./Drivers/STM32F3xx_HAL_Driver/Src/stm32f3xx_hal_rcc_ex.o
 .debug_abbrev  0x00000000000013a2      0x2d1 ./Drivers/STM32F3xx_HAL_Driver/Src/stm32f3xx_hal_uart.o
 .debug_abbrev  0x0000000000001673       0xf5 ./Middlewares/Third_Party/FreeRTOS/Source/list.o
 .debug_abbrev  0x0000000000001768      0x3d0 ./Middlewares/Third_Party/FreeRTOS/Source/tasks.o
 .debug_abbrev  0x0000000000001b38      0x25c ./Middlewares/Third_Party/FreeRTOS/Source/portable/GCC/ARM_CM4F/port.o
 .debug_abbrev  0x0000000000001d94      0x205 ./Middlewares/Third_Party/FreeRTOS/Source/portable/MemMang/heap_4.o

.debug_aranges  0x0000000000000000      0x938
 .debug_aranges
                0x0000000000000000       0x20 ./Core/Src/freertos.o
 .debug_aranges
                0x0000000000000020       0x68 ./Core/Src/main.o
 .debug_aranges
                0x0000000000000088       0x30 ./Core/Src/stm32f3xx_hal_msp.o
 .debug_aranges
                0x00000000000000b8       0x58 ./Core/Src/stm32f3xx_it.o
 .debug_aranges
                0x0000000000000110       0x28 ./Core/Src/system_stm32f3xx.o
 .debug_aranges
                0x0000000000000138       0x28 ./Core/Startup/startup_stm32f334c8tx.o
 .debug_aranges
                0x0000000000000160       0xe0 ./Drivers/STM32F3xx_HAL_Driver/Src/stm32f3xx_hal.o
 .debug_aranges
                0x0000000000000240      0x100 ./Drivers/STM32F3xx_HAL_Driver/Src/stm32f3xx_hal_cortex.o
 .debug_aranges
                0x0000000000000340       0x58 ./Drivers/STM32F3xx_HAL_Driver/Src/stm32f3xx_hal_gpio.o
 .debug_aranges
                0x0000000000000398       0x88 ./Drivers/STM32F3xx_HAL_Driver/Src/stm32f3xx_hal_rcc.o
 .debug_aranges
                0x0000000000000420       0x38 ./Drivers/STM32F3xx_HAL_Driver/Src/stm32f3xx_hal_rcc_ex.o
 .debug_aranges
                0x0000000000000458      0x228 ./Drivers/STM32F3xx_HAL_Driver/Src/stm32f3xx_hal_uart.o
 .debug_aranges
                0x0000000000000680       0x40 ./Middlewares/Third_Party/FreeRTOS/Source/list.o
 .debug_aranges
                0x00000000000006c0      0x1a8 ./Middlewares/Third_Party/FreeRTOS/Source/tasks.o
 .debug_aranges
                0x0000000000000868       0x80 ./Middlewares/Third_Party/FreeRTOS/Source/portable/GCC/ARM_CM4F/port.o
 .debug_aranges
                0x00000000000008e8       0x50 ./Middlewares/Third_Party/FreeRTOS/Source/portable/MemMang/heap_4.o

.debug_rnglists
                0x0000000000000000      0x70a
 .debug_rnglists
                0x0000000000000000       0x13 ./Core/Src/freertos.o
 .debug_rnglists
                0x0000000000000013       0x4c ./Core/Src/main.o
 .debug_rnglists
                0x000000000000005f       0x20 ./Core/Src/stm32f3xx_hal_msp.o
 .debug_rnglists
                0x000000000000007f       0x3d ./Core/Src/stm32f3xx_it.o
 .debug_rnglists
                0x00000000000000bc       0x1a ./Core/Src/system_stm32f3xx.o
 .debug_rnglists
                0x00000000000000d6       0x19 ./Core/Startup/startup_stm32f334c8tx.o
 .debug_rnglists
                0x00000000000000ef       0xa3 ./Drivers/STM32F3xx_HAL_Driver/Src/stm32f3xx_hal.o
 .debug_rnglists
                0x0000000000000192       0xbb ./Drivers/STM32F3xx_HAL_Driver/Src/stm32f3xx_hal_cortex.o
 .debug_rnglists
                0x000000000000024d       0x3f ./Drivers/STM32F3xx_HAL_Driver/Src/stm32f3xx_hal_gpio.o
 .debug_rnglists
                0x000000000000028c       0x66 ./Drivers/STM32F3xx_HAL_Driver/Src/stm32f3xx_hal_rcc.o
 .debug_rnglists
                0x00000000000002f2       0x28 ./Drivers/STM32F3xx_HAL_Driver/Src/stm32f3xx_hal_rcc_ex.o
 .debug_rnglists
                0x000000000000031a      0x1da ./Drivers/STM32F3xx_HAL_Driver/Src/stm32f3xx_hal_uart.o
 .debug_rnglists
                0x00000000000004f4       0x2b ./Middlewares/Third_Party/FreeRTOS/Source/list.o
 .debug_rnglists
                0x000000000000051f      0x153 ./Middlewares/Third_Party/FreeRTOS/Source/tasks.o
 .debug_rnglists
                0x0000000000000672       0x5d ./Middlewares/Third_Party/FreeRTOS/Source/portable/GCC/ARM_CM4F/port.o
 .debug_rnglists
                0x00000000000006cf       0x3b ./Middlewares/Third_Party/FreeRTOS/Source/portable/MemMang/heap_4.o

.debug_macro    0x0000000000000000    0x202bc
 .debug_macro   0x0000000000000000      0x2c6 ./Core/Src/freertos.o
 .debug_macro   0x00000000000002c6      0xaa8 ./Core/Src/freertos.o
 .debug_macro   0x0000000000000d6e      0x174 ./Core/Src/freertos.o
 .debug_macro   0x0000000000000ee2       0x22 ./Core/Src/freertos.o
 .debug_macro   0x0000000000000f04       0x8e ./Core/Src/freertos.o
 .debug_macro   0x0000000000000f92       0x51 ./Core/Src/freertos.o
 .debug_macro   0x0000000000000fe3      0x103 ./Core/Src/freertos.o
 .debug_macro   0x00000000000010e6       0x6a ./Core/Src/freertos.o
 .debug_macro   0x0000000000001150      0x1df ./Core/Src/freertos.o
 .debug_macro   0x000000000000132f       0xd6 ./Core/Src/freertos.o
 .debug_macro   0x0000000000001405      0x15a ./Core/Src/freertos.o
 .debug_macro   0x000000000000155f       0xd7 ./Core/Src/freertos.o
 .debug_macro   0x0000000000001636       0x10 ./Core/Src/freertos.o
 .debug_macro   0x0000000000001646       0x1f ./Core/Src/freertos.o
 .debug_macro   0x0000000000001665       0x61 ./Core/Src/freertos.o
 .debug_macro   0x00000000000016c6       0x2a ./Core/Src/freertos.o
 .debug_macro   0x00000000000016f0       0x43 ./Core/Src/freertos.o
 .debug_macro   0x0000000000001733       0x34 ./Core/Src/freertos.o
 .debug_macro   0x0000000000001767       0x16 ./Core/Src/freertos.o
 .debug_macro   0x000000000000177d       0x43 ./Core/Src/freertos.o
 .debug_macro   0x00000000000017c0       0x34 ./Core/Src/freertos.o
 .debug_macro   0x00000000000017f4       0x10 ./Core/Src/freertos.o
 .debug_macro   0x0000000000001804       0x58 ./Core/Src/freertos.o
 .debug_macro   0x000000000000185c       0x8e ./Core/Src/freertos.o
 .debug_macro   0x00000000000018ea       0x1c ./Core/Src/freertos.o
 .debug_macro   0x0000000000001906      0x177 ./Core/Src/freertos.o
 .debug_macro   0x0000000000001a7d       0x10 ./Core/Src/freertos.o
 .debug_macro   0x0000000000001a8d       0x35 ./Core/Src/freertos.o
 .debug_macro   0x0000000000001ac2      0x4b1 ./Core/Src/freertos.o
 .debug_macro   0x0000000000001f73       0xb5 ./Core/Src/freertos.o
 .debug_macro   0x0000000000002028       0x8c ./Core/Src/freertos.o
 .debug_macro   0x00000000000020b4      0x151 ./Core/Src/freertos.o
 .debug_macro   0x0000000000002205       0x2e ./Core/Src/freertos.o
 .debug_macro   0x0000000000002233       0x28 ./Core/Src/freertos.o
 .debug_macro   0x000000000000225b       0x1c ./Core/Src/freertos.o
 .debug_macro   0x0000000000002277       0x22 ./Core/Src/freertos.o
 .debug_macro   0x0000000000002299       0xd9 ./Core/Src/freertos.o
 .debug_macro   0x0000000000002372      0xf07 ./Core/Src/freertos.o
 .debug_macro   0x0000000000003279    0x1585b ./Core/Src/freertos.o
 .debug_macro   0x0000000000018ad4       0x6d ./Core/Src/freertos.o
 .debug_macro   0x0000000000018b41     0x3558 ./Core/Src/freertos.o
 .debug_macro   0x000000000001c099       0x55 ./Core/Src/freertos.o
 .debug_macro   0x000000000001c0ee      0x8f8 ./Core/Src/freertos.o
 .debug_macro   0x000000000001c9e6      0x358 ./Core/Src/freertos.o
 .debug_macro   0x000000000001cd3e      0x1b5 ./Core/Src/freertos.o
 .debug_macro   0x000000000001cef3      0x130 ./Core/Src/freertos.o
 .debug_macro   0x000000000001d023      0x1d5 ./Core/Src/freertos.o
 .debug_macro   0x000000000001d1f8      0x1bc ./Core/Src/freertos.o
 .debug_macro   0x000000000001d3b4       0x34 ./Core/Src/freertos.o
 .debug_macro   0x000000000001d3e8       0x3c ./Core/Src/freertos.o
 .debug_macro   0x000000000001d424       0x57 ./Core/Src/freertos.o
 .debug_macro   0x000000000001d47b       0xc5 ./Core/Src/freertos.o
 .debug_macro   0x000000000001d540      0x19f ./Core/Src/freertos.o
 .debug_macro   0x000000000001d6df      0x22c ./Core/Src/freertos.o
 .debug_macro   0x000000000001d90b       0x5b ./Core/Src/freertos.o
 .debug_macro   0x000000000001d966       0xa5 ./Core/Src/freertos.o
 .debug_macro   0x000000000001da0b       0x81 ./Core/Src/freertos.o
 .debug_macro   0x000000000001da8c       0xd3 ./Core/Src/freertos.o
 .debug_macro   0x000000000001db5f      0x5ba ./Core/Src/freertos.o
 .debug_macro   0x000000000001e119       0x44 ./Core/Src/freertos.o
 .debug_macro   0x000000000001e15d      0x2a1 ./Core/Src/freertos.o
 .debug_macro   0x000000000001e3fe       0x22 ./Core/Src/freertos.o
 .debug_macro   0x000000000001e420      0x308 ./Core/Src/main.o
 .debug_macro   0x000000000001e728       0xd6 ./Core/Src/main.o
 .debug_macro   0x000000000001e7fe       0x91 ./Core/Src/main.o
 .debug_macro   0x000000000001e88f       0x8d ./Core/Src/main.o
 .debug_macro   0x000000000001e91c       0x7e ./Core/Src/main.o
 .debug_macro   0x000000000001e99a       0x19 ./Core/Src/main.o
 .debug_macro   0x000000000001e9b3      0x1c1 ./Core/Src/stm32f3xx_hal_msp.o
 .debug_macro   0x000000000001eb74      0x2d0 ./Core/Src/stm32f3xx_it.o
 .debug_macro   0x000000000001ee44      0x1b2 ./Core/Src/system_stm32f3xx.o
 .debug_macro   0x000000000001eff6      0x1d6 ./Drivers/STM32F3xx_HAL_Driver/Src/stm32f3xx_hal.o
 .debug_macro   0x000000000001f1cc      0x1b2 ./Drivers/STM32F3xx_HAL_Driver/Src/stm32f3xx_hal_cortex.o
 .debug_macro   0x000000000001f37e      0x1b9 ./Drivers/STM32F3xx_HAL_Driver/Src/stm32f3xx_hal_gpio.o
 .debug_macro   0x000000000001f537      0x1d6 ./Drivers/STM32F3xx_HAL_Driver/Src/stm32f3xx_hal_rcc.o
 .debug_macro   0x000000000001f70d      0x1b2 ./Drivers/STM32F3xx_HAL_Driver/Src/stm32f3xx_hal_rcc_ex.o
 .debug_macro   0x000000000001f8bf      0x1cf ./Drivers/STM32F3xx_HAL_Driver/Src/stm32f3xx_hal_uart.o
 .debug_macro   0x000000000001fa8e      0x199 ./Middlewares/Third_Party/FreeRTOS/Source/list.o
 .debug_macro   0x000000000001fc27      0x292 ./Middlewares/Third_Party/FreeRTOS/Source/tasks.o
 .debug_macro   0x000000000001feb9       0x10 ./Middlewares/Third_Party/FreeRTOS/Source/tasks.o
 .debug_macro   0x000000000001fec9      0x233 ./Middlewares/Third_Party/FreeRTOS/Source/portable/GCC/ARM_CM4F/port.o
 .debug_macro   0x00000000000200fc      0x1c0 ./Middlewares/Third_Party/FreeRTOS/Source/portable/MemMang/heap_4.o

.debug_line     0x0000000000000000     0xc69f
 .debug_line    0x0000000000000000      0x894 ./Core/Src/freertos.o
 .debug_line    0x0000000000000894      0xa6c ./Core/Src/main.o
 .debug_line    0x0000000000001300      0x6c5 ./Core/Src/stm32f3xx_hal_msp.o
 .debug_line    0x00000000000019c5      0x956 ./Core/Src/stm32f3xx_it.o
 .debug_line    0x000000000000231b      0x6ed ./Core/Src/system_stm32f3xx.o
 .debug_line    0x0000000000002a08       0x7a ./Core/Startup/startup_stm32f334c8tx.o
 .debug_line    0x0000000000002a82      0x922 ./Drivers/STM32F3xx_HAL_Driver/Src/stm32f3xx_hal.o
 .debug_line    0x00000000000033a4      0xb0a ./Drivers/STM32F3xx_HAL_Driver/Src/stm32f3xx_hal_cortex.o
 .debug_line    0x0000000000003eae      0xa6d ./Drivers/STM32F3xx_HAL_Driver/Src/stm32f3xx_hal_gpio.o
 .debug_line    0x000000000000491b     0x12fc ./Drivers/STM32F3xx_HAL_Driver/Src/stm32f3xx_hal_rcc.o
 .debug_line    0x0000000000005c17      0xa0a ./Drivers/STM32F3xx_HAL_Driver/Src/stm32f3xx_hal_rcc_ex.o
 .debug_line    0x0000000000006621     0x2fe6 ./Drivers/STM32F3xx_HAL_Driver/Src/stm32f3xx_hal_uart.o
 .debug_line    0x0000000000009607      0x6cc ./Middlewares/Third_Party/FreeRTOS/Source/list.o
 .debug_line    0x0000000000009cd3     0x18b2 ./Middlewares/Third_Party/FreeRTOS/Source/tasks.o
 .debug_line    0x000000000000b585      0x88c ./Middlewares/Third_Party/FreeRTOS/Source/portable/GCC/ARM_CM4F/port.o
 .debug_line    0x000000000000be11      0x88e ./Middlewares/Third_Party/FreeRTOS/Source/portable/MemMang/heap_4.o

.debug_str      0x0000000000000000    0xbfe88
 .debug_str     0x0000000000000000    0xb8e85 ./Core/Src/freertos.o
                                      0xb9178 (size before relaxing)
 .debug_str     0x00000000000b8e85     0x2485 ./Core/Src/main.o
                                      0xbb2cd (size before relaxing)
 .debug_str     0x00000000000bb30a       0x66 ./Core/Src/stm32f3xx_hal_msp.o
                                      0xb407e (size before relaxing)
 .debug_str     0x00000000000bb370      0x103 ./Core/Src/stm32f3xx_it.o
                                      0xb8df8 (size before relaxing)
 .debug_str     0x00000000000bb473       0xe9 ./Core/Src/system_stm32f3xx.o
                                      0xb3863 (size before relaxing)
 .debug_str     0x00000000000bb55c       0x34 ./Core/Startup/startup_stm32f334c8tx.o
                                         0x9c (size before relaxing)
 .debug_str     0x00000000000bb590      0x3a1 ./Drivers/STM32F3xx_HAL_Driver/Src/stm32f3xx_hal.o
                                      0xb3fcb (size before relaxing)
 .debug_str     0x00000000000bb931      0x24a ./Drivers/STM32F3xx_HAL_Driver/Src/stm32f3xx_hal_cortex.o
                                      0xb3ef0 (size before relaxing)
 .debug_str     0x00000000000bbb7b      0x133 ./Drivers/STM32F3xx_HAL_Driver/Src/stm32f3xx_hal_gpio.o
                                      0xb3a42 (size before relaxing)
 .debug_str     0x00000000000bbcae      0x2ca ./Drivers/STM32F3xx_HAL_Driver/Src/stm32f3xx_hal_rcc.o
                                      0xb3d03 (size before relaxing)
 .debug_str     0x00000000000bbf78       0xbe ./Drivers/STM32F3xx_HAL_Driver/Src/stm32f3xx_hal_rcc_ex.o
                                      0xb3a17 (size before relaxing)
 .debug_str     0x00000000000bc036      0x8af ./Drivers/STM32F3xx_HAL_Driver/Src/stm32f3xx_hal_uart.o
                                      0xb4586 (size before relaxing)
 .debug_str     0x00000000000bc8e5     0x1798 ./Middlewares/Third_Party/FreeRTOS/Source/list.o
                                       0xa79e (size before relaxing)
 .debug_str     0x00000000000be07d     0x1445 ./Middlewares/Third_Party/FreeRTOS/Source/tasks.o
                                       0xcddf (size before relaxing)
 .debug_str     0x00000000000bf4c2      0x783 ./Middlewares/Third_Party/FreeRTOS/Source/portable/GCC/ARM_CM4F/port.o
                                       0x9e86 (size before relaxing)
 .debug_str     0x00000000000bfc45      0x243 ./Middlewares/Third_Party/FreeRTOS/Source/portable/MemMang/heap_4.o
                                       0xaeeb (size before relaxing)

.debug_frame    0x0000000000000000     0x2674
 .debug_frame   0x0000000000000000       0x38 ./Core/Src/freertos.o
 .debug_frame   0x0000000000000038      0x150 ./Core/Src/main.o
 .debug_frame   0x0000000000000188       0x7c ./Core/Src/stm32f3xx_hal_msp.o
 .debug_frame   0x0000000000000204       0xe0 ./Core/Src/stm32f3xx_it.o
 .debug_frame   0x00000000000002e4       0x58 ./Core/Src/system_stm32f3xx.o
 .debug_frame   0x000000000000033c      0x334 ./Drivers/STM32F3xx_HAL_Driver/Src/stm32f3xx_hal.o
 .debug_frame   0x0000000000000670      0x428 ./Drivers/STM32F3xx_HAL_Driver/Src/stm32f3xx_hal_cortex.o
 .debug_frame   0x0000000000000a98      0x14c ./Drivers/STM32F3xx_HAL_Driver/Src/stm32f3xx_hal_gpio.o
 .debug_frame   0x0000000000000be4      0x214 ./Drivers/STM32F3xx_HAL_Driver/Src/stm32f3xx_hal_rcc.o
 .debug_frame   0x0000000000000df8       0xb0 ./Drivers/STM32F3xx_HAL_Driver/Src/stm32f3xx_hal_rcc_ex.o
 .debug_frame   0x0000000000000ea8      0x9e8 ./Drivers/STM32F3xx_HAL_Driver/Src/stm32f3xx_hal_uart.o
 .debug_frame   0x0000000000001890       0xd8 ./Middlewares/Third_Party/FreeRTOS/Source/list.o
 .debug_frame   0x0000000000001968      0x734 ./Middlewares/Third_Party/FreeRTOS/Source/tasks.o
 .debug_frame   0x000000000000209c      0x1a8 ./Middlewares/Third_Party/FreeRTOS/Source/portable/GCC/ARM_CM4F/port.o
 .debug_frame   0x0000000000002244      0x108 ./Middlewares/Third_Party/FreeRTOS/Source/portable/MemMang/heap_4.o
 .debug_frame   0x000000000000234c      0x13c /opt/st/stm32cubeide_1.13.1/plugins/com.st.stm32cube.ide.mcu.externaltools.gnu-tools-for-stm32.11.3.rel1.linux64_1.1.0.202305231506/tools/bin/../lib/gcc/arm-none-eabi/11.3.1/../../../../arm-none-eabi/lib/thumb/v7e-m+fp/hard/libc_nano.a(libc_a-findfp.o)
 .debug_frame   0x0000000000002488       0x20 /opt/st/stm32cubeide_1.13.1/plugins/com.st.stm32cube.ide.mcu.externaltools.gnu-tools-for-stm32.11.3.rel1.linux64_1.1.0.202305231506/tools/bin/../lib/gcc/arm-none-eabi/11.3.1/../../../../arm-none-eabi/lib/thumb/v7e-m+fp/hard/libc_nano.a(libc_a-memset.o)
 .debug_frame   0x00000000000024a8       0x38 /opt/st/stm32cubeide_1.13.1/plugins/com.st.stm32cube.ide.mcu.externaltools.gnu-tools-for-stm32.11.3.rel1.linux64_1.1.0.202305231506/tools/bin/../lib/gcc/arm-none-eabi/11.3.1/../../../../arm-none-eabi/lib/thumb/v7e-m+fp/hard/libc_nano.a(libc_a-reent.o)
 .debug_frame   0x00000000000024e0       0x2c /opt/st/stm32cubeide_1.13.1/plugins/com.st.stm32cube.ide.mcu.externaltools.gnu-tools-for-stm32.11.3.rel1.linux64_1.1.0.202305231506/tools/bin/../lib/gcc/arm-none-eabi/11.3.1/../../../../arm-none-eabi/lib/thumb/v7e-m+fp/hard/libc_nano.a(libc_a-init.o)
 .debug_frame   0x000000000000250c       0xb0 /opt/st/stm32cubeide_1.13.1/plugins/com.st.stm32cube.ide.mcu.externaltools.gnu-tools-for-stm32.11.3.rel1.linux64_1.1.0.202305231506/tools/bin/../lib/gcc/arm-none-eabi/11.3.1/../../../../arm-none-eabi/lib/thumb/v7e-m+fp/hard/libc_nano.a(libc_a-lock.o)
 .debug_frame   0x00000000000025bc       0x38 /opt/st/stm32cubeide_1.13.1/plugins/com.st.stm32cube.ide.mcu.externaltools.gnu-tools-for-stm32.11.3.rel1.linux64_1.1.0.202305231506/tools/bin/../lib/gcc/arm-none-eabi/11.3.1/../../../../arm-none-eabi/lib/thumb/v7e-m+fp/hard/libc_nano.a(libc_a-freer.o)
 .debug_frame   0x00000000000025f4       0x50 /opt/st/stm32cubeide_1.13.1/plugins/com.st.stm32cube.ide.mcu.externaltools.gnu-tools-for-stm32.11.3.rel1.linux64_1.1.0.202305231506/tools/bin/../lib/gcc/arm-none-eabi/11.3.1/../../../../arm-none-eabi/lib/thumb/v7e-m+fp/hard/libc_nano.a(libc_a-mallocr.o)
 .debug_frame   0x0000000000002644       0x30 /opt/st/stm32cubeide_1.13.1/plugins/com.st.stm32cube.ide.mcu.externaltools.gnu-tools-for-stm32.11.3.rel1.linux64_1.1.0.202305231506/tools/bin/../lib/gcc/arm-none-eabi/11.3.1/../../../../arm-none-eabi/lib/thumb/v7e-m+fp/hard/libc_nano.a(libc_a-mlock.o)

.debug_line_str
                0x0000000000000000       0x90
 .debug_line_str
                0x0000000000000000       0x90 ./Core/Startup/startup_stm32f334c8tx.o
                                         0xa8 (size before relaxing)
