../Core/Src/main.c:79:5:main	16	static
../Core/Src/main.c:158:6:SystemClock_Config	96	static
../Core/Src/main.c:204:13:MX_USART1_UART_Init	8	static
../Core/Src/main.c:239:13:MX_GPIO_Init	40	static
../Core/Src/main.c:274:6:Task1_Handler	16	static
../Core/Src/main.c:282:6:Task2_Handler	16	static
../Core/Src/main.c:291:6:Task3_Handler	16	static
../Core/Src/main.c:299:6:Task4_Handler	16	static
../Core/Src/main.c:307:6:HAL_GPIO_EXTI_Callback	16	static
../Core/Src/main.c:339:6:Error_Handler	4	static,ignoring_inline_asm
